Archive member included to satisfy reference by file (symbol)

d:/02-tools/silabs/developer/toolchains/gnu_arm/12.2.rel1_2023.7/bin/../lib/gcc/arm-none-eabi/12.2.1/thumb/v8-m.main+fp/hard\libgcc.a(_arm_muldf3.o)
                              ./driver.o (__aeabi_dmul)
d:/02-tools/silabs/developer/toolchains/gnu_arm/12.2.rel1_2023.7/bin/../lib/gcc/arm-none-eabi/12.2.1/thumb/v8-m.main+fp/hard\libgcc.a(_arm_addsubdf3.o)
                              ./driver.o (__aeabi_dsub)
d:/02-tools/silabs/developer/toolchains/gnu_arm/12.2.rel1_2023.7/bin/../lib/gcc/arm-none-eabi/12.2.1/thumb/v8-m.main+fp/hard\libgcc.a(_arm_muldivdf3.o)
                              ./driver.o (__aeabi_ddiv)
d:/02-tools/silabs/developer/toolchains/gnu_arm/12.2.rel1_2023.7/bin/../lib/gcc/arm-none-eabi/12.2.1/thumb/v8-m.main+fp/hard\libgcc.a(_arm_fixunsdfsi.o)
                              ./driver.o (__aeabi_d2uiz)
d:/02-tools/silabs/developer/toolchains/gnu_arm/12.2.rel1_2023.7/bin/../lib/gcc/arm-none-eabi/12.2.1/thumb/v8-m.main+fp/hard\libgcc.a(_arm_truncdfsf2.o)
                              ./driver.o (__aeabi_d2f)
d:/02-tools/silabs/developer/toolchains/gnu_arm/12.2.rel1_2023.7/bin/../lib/gcc/arm-none-eabi/12.2.1/thumb/v8-m.main+fp/hard\libgcc.a(_aeabi_ldivmod.o)
                              ./simplicity_sdk_2024.12.2/platform/service/sleeptimer/src/sl_sleeptimer.o (__aeabi_ldivmod)
d:/02-tools/silabs/developer/toolchains/gnu_arm/12.2.rel1_2023.7/bin/../lib/gcc/arm-none-eabi/12.2.1/thumb/v8-m.main+fp/hard\libgcc.a(_aeabi_uldivmod.o)
                              ./simplicity_sdk_2024.12.2/platform/service/sleeptimer/src/sl_sleeptimer.o (__aeabi_uldivmod)
d:/02-tools/silabs/developer/toolchains/gnu_arm/12.2.rel1_2023.7/bin/../lib/gcc/arm-none-eabi/12.2.1/thumb/v8-m.main+fp/hard\libgcc.a(_udivmoddi4.o)
                              d:/02-tools/silabs/developer/toolchains/gnu_arm/12.2.rel1_2023.7/bin/../lib/gcc/arm-none-eabi/12.2.1/thumb/v8-m.main+fp/hard\libgcc.a(_aeabi_ldivmod.o) (__udivmoddi4)
d:/02-tools/silabs/developer/toolchains/gnu_arm/12.2.rel1_2023.7/bin/../lib/gcc/arm-none-eabi/12.2.1/thumb/v8-m.main+fp/hard\libgcc.a(_dvmd_tls.o)
                              d:/02-tools/silabs/developer/toolchains/gnu_arm/12.2.rel1_2023.7/bin/../lib/gcc/arm-none-eabi/12.2.1/thumb/v8-m.main+fp/hard\libgcc.a(_aeabi_ldivmod.o) (__aeabi_ldiv0)
d:/02-tools/silabs/developer/toolchains/gnu_arm/12.2.rel1_2023.7/bin/../lib/gcc/arm-none-eabi/12.2.1/thumb/v8-m.main+fp/hard\libc_nano.a(libc_a-exit.o)
                              d:/02-tools/silabs/developer/toolchains/gnu_arm/12.2.rel1_2023.7/bin/../lib/gcc/arm-none-eabi/12.2.1/thumb/v8-m.main+fp/hard/crt0.o (exit)
d:/02-tools/silabs/developer/toolchains/gnu_arm/12.2.rel1_2023.7/bin/../lib/gcc/arm-none-eabi/12.2.1/thumb/v8-m.main+fp/hard\libc_nano.a(libc_a-findfp.o)
                              d:/02-tools/silabs/developer/toolchains/gnu_arm/12.2.rel1_2023.7/bin/../lib/gcc/arm-none-eabi/12.2.1/thumb/v8-m.main+fp/hard\libc_nano.a(libc_a-exit.o) (__stdio_exit_handler)
d:/02-tools/silabs/developer/toolchains/gnu_arm/12.2.rel1_2023.7/bin/../lib/gcc/arm-none-eabi/12.2.1/thumb/v8-m.main+fp/hard\libc_nano.a(libc_a-fwalk.o)
                              d:/02-tools/silabs/developer/toolchains/gnu_arm/12.2.rel1_2023.7/bin/../lib/gcc/arm-none-eabi/12.2.1/thumb/v8-m.main+fp/hard\libc_nano.a(libc_a-findfp.o) (_fwalk_sglue)
d:/02-tools/silabs/developer/toolchains/gnu_arm/12.2.rel1_2023.7/bin/../lib/gcc/arm-none-eabi/12.2.1/thumb/v8-m.main+fp/hard\libc_nano.a(libc_a-stdio.o)
                              d:/02-tools/silabs/developer/toolchains/gnu_arm/12.2.rel1_2023.7/bin/../lib/gcc/arm-none-eabi/12.2.1/thumb/v8-m.main+fp/hard\libc_nano.a(libc_a-findfp.o) (__sread)
d:/02-tools/silabs/developer/toolchains/gnu_arm/12.2.rel1_2023.7/bin/../lib/gcc/arm-none-eabi/12.2.1/thumb/v8-m.main+fp/hard\libc_nano.a(libc_a-memset.o)
                              d:/02-tools/silabs/developer/toolchains/gnu_arm/12.2.rel1_2023.7/bin/../lib/gcc/arm-none-eabi/12.2.1/thumb/v8-m.main+fp/hard/crt0.o (memset)
d:/02-tools/silabs/developer/toolchains/gnu_arm/12.2.rel1_2023.7/bin/../lib/gcc/arm-none-eabi/12.2.1/thumb/v8-m.main+fp/hard\libc_nano.a(libc_a-closer.o)
                              d:/02-tools/silabs/developer/toolchains/gnu_arm/12.2.rel1_2023.7/bin/../lib/gcc/arm-none-eabi/12.2.1/thumb/v8-m.main+fp/hard\libc_nano.a(libc_a-stdio.o) (_close_r)
d:/02-tools/silabs/developer/toolchains/gnu_arm/12.2.rel1_2023.7/bin/../lib/gcc/arm-none-eabi/12.2.1/thumb/v8-m.main+fp/hard\libc_nano.a(libc_a-reent.o)
                              d:/02-tools/silabs/developer/toolchains/gnu_arm/12.2.rel1_2023.7/bin/../lib/gcc/arm-none-eabi/12.2.1/thumb/v8-m.main+fp/hard\libc_nano.a(libc_a-closer.o) (errno)
d:/02-tools/silabs/developer/toolchains/gnu_arm/12.2.rel1_2023.7/bin/../lib/gcc/arm-none-eabi/12.2.1/thumb/v8-m.main+fp/hard\libc_nano.a(libc_a-impure.o)
[...]
Memory Configuration

Name             Origin             Length             Attributes
FLASH            0x00000000         0x0007e000         xr
RAM              0x20000000         0x00008000         xrw
*default*        0x00000000         0xffffffff

Linker script and memory map

LOAD d:/02-tools/silabs/developer/toolchains/gnu_arm/12.2.rel1_2023.7/bin/../lib/gcc/arm-none-eabi/12.2.1/thumb/v8-m.main+fp/hard/crti.o
LOAD d:/02-tools/silabs/developer/toolchains/gnu_arm/12.2.rel1_2023.7/bin/../lib/gcc/arm-none-eabi/12.2.1/thumb/v8-m.main+fp/hard/crtbegin.o
LOAD d:/02-tools/silabs/developer/toolchains/gnu_arm/12.2.rel1_2023.7/bin/../lib/gcc/arm-none-eabi/12.2.1/thumb/v8-m.main+fp/hard/crt0.o
START GROUP
LOAD ./app.o
LOAD ./driver.o
LOAD ./main.o
LOAD ./autogen/sl_board_default_init.o
LOAD ./autogen/sl_event_handler.o
LOAD ./autogen/sl_i2cspm_init.o
LOAD ./simplicity_sdk_2024.12.2/hardware/board/src/sl_board_control_gpio.o
LOAD ./simplicity_sdk_2024.12.2/hardware/board/src/sl_board_init.o
LOAD ./simplicity_sdk_2024.12.2/platform/Device/SiliconLabs/BGM22/Source/startup_bgm22.o
LOAD ./simplicity_sdk_2024.12.2/platform/Device/SiliconLabs/BGM22/Source/system_bgm22.o
LOAD ./simplicity_sdk_2024.12.2/platform/common/src/sl_assert.o
LOAD ./simplicity_sdk_2024.12.2/platform/common/src/sl_core_cortexm.o
LOAD ./simplicity_sdk_2024.12.2/platform/common/src/sl_syscalls.o
LOAD ./simplicity_sdk_2024.12.2/platform/driver/gpio/src/sl_gpio.o
LOAD ./simplicity_sdk_2024.12.2/platform/driver/i2cspm/src/sl_i2cspm.o
LOAD ./simplicity_sdk_2024.12.2/platform/emlib/src/em_burtc.o
LOAD ./simplicity_sdk_2024.12.2/platform/emlib/src/em_cmu.o
LOAD ./simplicity_sdk_2024.12.2/platform/emlib/src/em_core.o
LOAD ./simplicity_sdk_2024.12.2/platform/emlib/src/em_emu.o
LOAD ./simplicity_sdk_2024.12.2/platform/emlib/src/em_gpio.o
LOAD ./simplicity_sdk_2024.12.2/platform/emlib/src/em_i2c.o
LOAD ./simplicity_sdk_2024.12.2/platform/emlib/src/em_msc.o
LOAD ./simplicity_sdk_2024.12.2/platform/emlib/src/em_rtcc.o
LOAD ./simplicity_sdk_2024.12.2/platform/emlib/src/em_system.o
LOAD ./simplicity_sdk_2024.12.2/platform/emlib/src/em_timer.o
LOAD ./simplicity_sdk_2024.12.2/platform/peripheral/src/sl_hal_gpio.o
LOAD ./simplicity_sdk_2024.12.2/platform/service/clock_manager/src/sl_clock_manager.o
LOAD ./simplicity_sdk_2024.12.2/platform/service/clock_manager/src/sl_clock_manager_hal_s2.o
LOAD ./simplicity_sdk_2024.12.2/platform/service/clock_manager/src/sl_clock_manager_init.o
LOAD ./simplicity_sdk_2024.12.2/platform/service/clock_manager/src/sl_clock_manager_init_hal_s2.o
LOAD ./simplicity_sdk_2024.12.2/platform/service/device_init/src/sl_device_init_dcdc_s2.o
LOAD ./simplicity_sdk_2024.12.2/platform/service/device_init/src/sl_device_init_emu_s2.o
LOAD ./simplicity_sdk_2024.12.2/platform/service/device_manager/clocks/sl_device_clock_efr32xg22.o
LOAD ./simplicity_sdk_2024.12.2/platform/service/device_manager/devices/sl_device_peripheral_hal_efr32xg22.o
LOAD ./simplicity_sdk_2024.12.2/platform/service/device_manager/src/sl_device_clock.o
LOAD ./simplicity_sdk_2024.12.2/platform/service/device_manager/src/sl_device_gpio.o
LOAD ./simplicity_sdk_2024.12.2/platform/service/device_manager/src/sl_device_peripheral.o
LOAD ./simplicity_sdk_2024.12.2/platform/service/interrupt_manager/src/sl_interrupt_manager_cortexm.o
LOAD ./simplicity_sdk_2024.12.2/platform/service/memory_manager/src/sl_memory_manager_region.o
LOAD ./simplicity_sdk_2024.12.2/platform/service/sleeptimer/src/sl_sleeptimer.o
LOAD ./simplicity_sdk_2024.12.2/platform/service/sleeptimer/src/sl_sleeptimer_hal_burtc.o
LOAD ./simplicity_sdk_2024.12.2/platform/service/sleeptimer/src/sl_sleeptimer_hal_prortc.o
LOAD ./simplicity_sdk_2024.12.2/platform/service/sleeptimer/src/sl_sleeptimer_hal_rtcc.o
LOAD ./simplicity_sdk_2024.12.2/platform/service/sleeptimer/src/sl_sleeptimer_hal_timer.o
LOAD ./simplicity_sdk_2024.12.2/platform/service/system/src/sl_system_init.o
LOAD ./simplicity_sdk_2024.12.2/platform/service/system/src/sl_system_process_action.o
LOAD ./simplicity_sdk_2024.12.2/platform/service/udelay/src/sl_udelay.o
LOAD ./simplicity_sdk_2024.12.2/platform/service/udelay/src/sl_udelay_armv6m_gcc.o
LOAD d:/02-tools/silabs/developer/toolchains/gnu_arm/12.2.rel1_2023.7/bin/../lib/gcc/arm-none-eabi/12.2.1/thumb/v8-m.main+fp/hard\libstdc++_nano.a
LOAD d:/02-tools/silabs/developer/toolchains/gnu_arm/12.2.rel1_2023.7/bin/../lib/gcc/arm-none-eabi/12.2.1/thumb/v8-m.main+fp/hard\libgcc.a
LOAD d:/02-tools/silabs/developer/toolchains/gnu_arm/12.2.rel1_2023.7/bin/../lib/gcc/arm-none-eabi/12.2.1/thumb/v8-m.main+fp/hard\libnosys.a
END GROUP
START GROUP
LOAD d:/02-tools/silabs/developer/toolchains/gnu_arm/12.2.rel1_2023.7/bin/../lib/gcc/arm-none-eabi/12.2.1/thumb/v8-m.main+fp/hard\libgcc.a
LOAD d:/02-tools/silabs/developer/toolchains/gnu_arm/12.2.rel1_2023.7/bin/../lib/gcc/arm-none-eabi/12.2.1/thumb/v8-m.main+fp/hard\libc_nano.a
LOAD d:/02-tools/silabs/developer/toolchains/gnu_arm/12.2.rel1_2023.7/bin/../lib/gcc/arm-none-eabi/12.2.1/thumb/v8-m.main+fp/hard\libnosys.a
END GROUP
LOAD d:/02-tools/silabs/developer/toolchains/gnu_arm/12.2.rel1_2023.7/bin/../lib/gcc/arm-none-eabi/12.2.1/thumb/v8-m.main+fp/hard\libstdc++_nano.a
LOAD d:/02-tools/silabs/developer/toolchains/gnu_arm/12.2.rel1_2023.7/bin/../lib/gcc/arm-none-eabi/12.2.1/thumb/v8-m.main+fp/hard\libm.a
LOAD d:/02-tools/silabs/developer/toolchains/gnu_arm/12.2.rel1_2023.7/bin/../lib/gcc/arm-none-eabi/12.2.1/thumb/v8-m.main+fp/hard\libc_nano.a
START GROUP
LOAD d:/02-tools/silabs/developer/toolchains/gnu_arm/12.2.rel1_2023.7/bin/../lib/gcc/arm-none-eabi/12.2.1/thumb/v8-m.main+fp/hard\libgcc.a
LOAD d:/02-tools/silabs/developer/toolchains/gnu_arm/12.2.rel1_2023.7/bin/../lib/gcc/arm-none-eabi/12.2.1/thumb/v8-m.main+fp/hard\libg_nano.a
LOAD d:/02-tools/silabs/developer/toolchains/gnu_arm/12.2.rel1_2023.7/bin/../lib/gcc/arm-none-eabi/12.2.1/thumb/v8-m.main+fp/hard\libc_nano.a
END GROUP
START GROUP
LOAD d:/02-tools/silabs/developer/toolchains/gnu_arm/12.2.rel1_2023.7/bin/../lib/gcc/arm-none-eabi/12.2.1/thumb/v8-m.main+fp/hard\libgcc.a
LOAD d:/02-tools/silabs/developer/toolchains/gnu_arm/12.2.rel1_2023.7/bin/../lib/gcc/arm-none-eabi/12.2.1/thumb/v8-m.main+fp/hard\libc_nano.a
LOAD d:/02-tools/silabs/developer/toolchains/gnu_arm/12.2.rel1_2023.7/bin/../lib/gcc/arm-none-eabi/12.2.1/thumb/v8-m.main+fp/hard\libnosys.a
END GROUP
START GROUP
LOAD d:/02-tools/silabs/developer/toolchains/gnu_arm/12.2.rel1_2023.7/bin/../lib/gcc/arm-none-eabi/12.2.1/thumb/v8-m.main+fp/hard\libgcc.a
LOAD d:/02-tools/silabs/developer/toolchains/gnu_arm/12.2.rel1_2023.7/bin/../lib/gcc/arm-none-eabi/12.2.1/thumb/v8-m.main+fp/hard\libc_nano.a
LOAD d:/02-tools/silabs/developer/toolchains/gnu_arm/12.2.rel1_2023.7/bin/../lib/gcc/arm-none-eabi/12.2.1/thumb/v8-m.main+fp/hard\libnosys.a
END GROUP
LOAD d:/02-tools/silabs/developer/toolchains/gnu_arm/12.2.rel1_2023.7/bin/../lib/gcc/arm-none-eabi/12.2.1/thumb/v8-m.main+fp/hard/crtend.o
LOAD d:/02-tools/silabs/developer/toolchains/gnu_arm/12.2.rel1_2023.7/bin/../lib/gcc/arm-none-eabi/12.2.1/thumb/v8-m.main+fp/hard/crtn.o

.vectors        0x00000000      0x140
                0x00000000                linker_vectors_begin = .
 *(.vectors)
 .vectors       0x00000000      0x140 ./simplicity_sdk_2024.12.2/platform/Device/SiliconLabs/BGM22/Source/startup_bgm22.o
                0x00000000                __Vectors
                0x00000140                linker_vectors_end = .
                0x00000140                __Vectors_End = .
                0x00000140                __Vectors_Size = (__Vectors_End - __Vectors)
                0x00000140                __lma_ramfuncs_start__ = .

.stack          0x20000000     0x1000
                0x20000000                . = ALIGN (0x8)
                0x20000000                __StackLimit = .
 *(.stack*)
 .stack         0x20000000     0x1000 ./simplicity_sdk_2024.12.2/platform/service/memory_manager/src/sl_memory_manager_region.o
                0x20001000                . = ALIGN (0x4)
                0x20001000                __StackTop = .
                0x20001000                PROVIDE (__stack = __StackTop)

.bss            0x20001000      0x2f0
                0x20001000                . = ALIGN (0x4)
                0x20001000                __bss_start__ = .
 *(SORT_BY_ALIGNMENT(.bss*))
 .bss.object.0  0x20001000       0x18 d:/02-tools/silabs/developer/toolchains/gnu_arm/12.2.rel1_2023.7/bin/../lib/gcc/arm-none-eabi/12.2.1/thumb/v8-m.main+fp/hard/crtbegin.o
 .bss.gpio_interrupts
                0x20001018      0x168 ./simplicity_sdk_2024.12.2/platform/driver/gpio/src/sl_gpio.o
 .bss.i2cTransfer
                0x20001180       0x18 ./simplicity_sdk_2024.12.2/platform/emlib/src/em_i2c.o
 .bss.max_millisecond_conversion
                0x20001198        0x4 ./simplicity_sdk_2024.12.2/platform/service/sleeptimer/src/sl_sleeptimer.o
 .bss.last_delta_update_count
                0x2000119c        0x4 ./simplicity_sdk_2024.12.2/platform/service/sleeptimer/src/sl_sleeptimer.o
 .bss.timer_head
                0x200011a0        0x4 ./simplicity_sdk_2024.12.2/platform/service/sleeptimer/src/sl_sleeptimer.o
 .bss.timer_frequency
                0x200011a4        0x4 ./simplicity_sdk_2024.12.2/platform/service/sleeptimer/src/sl_sleeptimer.o
 .bss.overflow_counter
                0x200011a8        0x4 ./simplicity_sdk_2024.12.2/platform/service/sleeptimer/src/sl_sleeptimer.o
 .bss.__sf      0x200011ac      0x138 d:/02-tools/silabs/developer/toolchains/gnu_arm/12.2.rel1_2023.7/bin/../lib/gcc/arm-none-eabi/12.2.1/thumb/v8-m.main+fp/hard\libc_nano.a(libc_a-findfp.o)
                0x200011ac                __sf
 .bss.__stdio_exit_handler
                0x200012e4        0x4 d:/02-tools/silabs/developer/toolchains/gnu_arm/12.2.rel1_2023.7/bin/../lib/gcc/arm-none-eabi/12.2.1/thumb/v8-m.main+fp/hard\libc_nano.a(libc_a-findfp.o)
                0x200012e4                __stdio_exit_handler
 .bss.completed.1
                0x200012e8        0x1 d:/02-tools/silabs/developer/toolchains/gnu_arm/12.2.rel1_2023.7/bin/../lib/gcc/arm-none-eabi/12.2.1/thumb/v8-m.main+fp/hard/crtbegin.o
 .bss.pclkDiv   0x200012e9        0x1 ./simplicity_sdk_2024.12.2/platform/emlib/src/em_cmu.o
 .bss.ctuneDelta
                0x200012ea        0x1 ./simplicity_sdk_2024.12.2/platform/emlib/src/em_cmu.o
 .bss.vScaleEM01Config
                0x200012eb        0x1 ./simplicity_sdk_2024.12.2/platform/emlib/src/em_emu.o
 .bss.is_interrupt_manager_initialized
                0x200012ec        0x1 ./simplicity_sdk_2024.12.2/platform/service/interrupt_manager/src/sl_interrupt_manager_cortexm.o
 .bss.sleep_on_isr_exit
                0x200012ed        0x1 ./simplicity_sdk_2024.12.2/platform/service/sleeptimer/src/sl_sleeptimer.o
 .bss.next_timer_to_expire_is_power_manager
                0x200012ee        0x1 ./simplicity_sdk_2024.12.2/platform/service/sleeptimer/src/sl_sleeptimer.o
 .bss.is_sleeptimer_initialized
                0x200012ef        0x1 ./simplicity_sdk_2024.12.2/platform/service/sleeptimer/src/sl_sleeptimer.o
 *(COMMON)
                0x200012f0                . = ALIGN (0x4)
                0x200012f0                __bss_end__ = .

.noinit         0x200012f0        0x0
 *(.noinit*)
                0x200012f0                . = ALIGN (0x4)

text_application_ram
                0x200012f0        0x0 load address 0x00000140
                0x200012f0                . = ALIGN (0x4)
                0x200012f0                __vma_ramfuncs_start__ = .
                0x200012f0                __text_application_ram_start__ = .
 *(text_application_ram)
                0x200012f0                . = ALIGN (0x4)
                0x200012f0                __vma_ramfuncs_end__ = .
                0x200012f0                __text_application_ram_end__ = .

.rodata         0x00000140        0x0
                0x00000140                __lma_ramfuncs_end__ = .
                0x00000140                __rodata_start__ = .
                0x00000140                __rodata_end__ = .

.text           0x00000140     0x50f4
                0x00000140                linker_code_begin = .
 *(SORT_BY_ALIGNMENT(.text*))
 .text          0x00000140        0x8 ./simplicity_sdk_2024.12.2/platform/service/udelay/src/sl_udelay_armv6m_gcc.o
                0x00000140                sli_delay_loop
 .text._ZN13Haptic_Driver15setActuatorIMAXEf
                0x00000148       0x7c ./driver.o
                0x00000148                Haptic_Driver::setActuatorIMAX(float)
 *fill*         0x000001c4        0x4 
 .text._ZN13Haptic_Driver18setActuatorLRAfreqEf
                0x000001c8       0xa8 ./driver.o
                0x000001c8                Haptic_Driver::setActuatorLRAfreq(float)
 .text._ZN13Haptic_Driver20setActuatorImpedanceEf
                0x00000270       0x94 ./driver.o
                0x00000270                Haptic_Driver::setActuatorImpedance(float)
 *fill*         0x00000304        0x4 
 .text.pow      0x00000308       0xf0 d:/02-tools/silabs/developer/toolchains/gnu_arm/12.2.rel1_2023.7/bin/../lib/gcc/arm-none-eabi/12.2.1/thumb/v8-m.main+fp/hard\libm.a(libm_a-w_pow.o)
                0x00000308                pow
 .text.__ieee754_pow
                0x000003f8      0xc2c d:/02-tools/silabs/developer/toolchains/gnu_arm/12.2.rel1_2023.7/bin/../lib/gcc/arm-none-eabi/12.2.1/thumb/v8-m.main+fp/hard\libm.a(libm_a-e_pow.o)
                0x000003f8                __ieee754_pow
 *fill*         0x00001024        0x4 
 .text.scalbn   0x00001028      0x110 d:/02-tools/silabs/developer/toolchains/gnu_arm/12.2.rel1_2023.7/bin/../lib/gcc/arm-none-eabi/12.2.1/thumb/v8-m.main+fp/hard\libm.a(libm_a-s_scalbn.o)
                0x00001028                scalbn
 .text.__math_uflow
                0x00001138       0x10 d:/02-tools/silabs/developer/toolchains/gnu_arm/12.2.rel1_2023.7/bin/../lib/gcc/arm-none-eabi/12.2.1/thumb/v8-m.main+fp/hard\libm.a(libm_a-math_err.o)
                0x00001138                __math_uflow
 .text.__math_oflow
                0x00001148       0x10 d:/02-tools/silabs/developer/toolchains/gnu_arm/12.2.rel1_2023.7/bin/../lib/gcc/arm-none-eabi/12.2.1/thumb/v8-m.main+fp/hard\libm.a(libm_a-math_err.o)
                0x00001148                __math_oflow
 .text.deregister_tm_clones
                0x00001158       0x1c d:/02-tools/silabs/developer/toolchains/gnu_arm/12.2.rel1_2023.7/bin/../lib/gcc/arm-none-eabi/12.2.1/thumb/v8-m.main+fp/hard/crtbegin.o
 .text.register_tm_clones
                0x00001174       0x28 d:/02-tools/silabs/developer/toolchains/gnu_arm/12.2.rel1_2023.7/bin/../lib/gcc/arm-none-eabi/12.2.1/thumb/v8-m.main+fp/hard/crtbegin.o
 .text.__do_global_dtors_aux
                0x0000119c       0x28 d:/02-tools/silabs/developer/toolchains/gnu_arm/12.2.rel1_2023.7/bin/../lib/gcc/arm-none-eabi/12.2.1/thumb/v8-m.main+fp/hard/crtbegin.o
 .text.frame_dummy
                0x000011c4       0x24 d:/02-tools/silabs/developer/toolchains/gnu_arm/12.2.rel1_2023.7/bin/../lib/gcc/arm-none-eabi/12.2.1/thumb/v8-m.main+fp/hard/crtbegin.o
 .text          0x000011e8       0x7c d:/02-tools/silabs/developer/toolchains/gnu_arm/12.2.rel1_2023.7/bin/../lib/gcc/arm-none-eabi/12.2.1/thumb/v8-m.main+fp/hard/crt0.o
                0x000011e8                _stack_init
                0x000011f0                _start
                0x000011f0                _mainCRTStartup
 .text._ZN13Haptic_Driver18setActuatorABSVoltEf
                0x00001264       0x54 ./driver.o
                0x00001264                Haptic_Driver::setActuatorABSVolt(float)
 .text._ZN13Haptic_Driver18setActuatorNOMVoltEf
                0x000012b8       0x58 ./driver.o
                0x000012b8                Haptic_Driver::setActuatorNOMVolt(float)
 .text.startup.main
                0x00001310       0xa4 ./main.o
                0x00001310                main
 .text.sl_platform_init
                0x000013b4       0x54 ./autogen/sl_event_handler.o
                0x000013b4                sl_platform_init
 .text.sl_i2cspm_init_instances
                0x00001408       0x1c ./autogen/sl_i2cspm_init.o
                0x00001408                sl_i2cspm_init_instances
 .text.sl_board_init
                0x00001424       0x14 ./simplicity_sdk_2024.12.2/hardware/board/src/sl_board_init.o
                0x00001424                sl_board_init
 .text.sl_board_preinit
                0x00001438        0xc ./simplicity_sdk_2024.12.2/hardware/board/src/sl_board_init.o
                0x00001438                sl_board_preinit
 .text.CopyToRam
                0x00001444       0x1c ./simplicity_sdk_2024.12.2/platform/Device/SiliconLabs/BGM22/Source/startup_bgm22.o
                0x00001444                CopyToRam
 .text.Reset_Handler
                0x00001460       0x64 ./simplicity_sdk_2024.12.2/platform/Device/SiliconLabs/BGM22/Source/startup_bgm22.o
                0x00001460                Reset_Handler
 .text.SystemInit
                0x000014c4       0x64 ./simplicity_sdk_2024.12.2/platform/Device/SiliconLabs/BGM22/Source/system_bgm22.o
                0x000014c4                SystemInit
 .text.SystemHFRCODPLLClockSet
                0x00001528        0xc ./simplicity_sdk_2024.12.2/platform/Device/SiliconLabs/BGM22/Source/system_bgm22.o
                0x00001528                SystemHFRCODPLLClockSet
 .text.SystemHFXOClockSet
                0x00001534       0x20 ./simplicity_sdk_2024.12.2/platform/Device/SiliconLabs/BGM22/Source/system_bgm22.o
                0x00001534                SystemHFXOClockSet
 .text.sl_gpio_dispatch_interrupt
                0x00001554       0x5c ./simplicity_sdk_2024.12.2/platform/driver/gpio/src/sl_gpio.o
 .text.sl_gpio_init
                0x000015b0       0x38 ./simplicity_sdk_2024.12.2/platform/driver/gpio/src/sl_gpio.o
                0x000015b0                sl_gpio_init
 .text.sl_gpio_set_pin_mode
                0x000015e8       0x84 ./simplicity_sdk_2024.12.2/platform/driver/gpio/src/sl_gpio.o
                0x000015e8                sl_gpio_set_pin_mode
 .text.sl_gpio_set_pin
                0x0000166c       0x5c ./simplicity_sdk_2024.12.2/platform/driver/gpio/src/sl_gpio.o
                0x0000166c                sl_gpio_set_pin
 .text.sl_gpio_clear_pin
                0x000016c8       0x5c ./simplicity_sdk_2024.12.2/platform/driver/gpio/src/sl_gpio.o
                0x000016c8                sl_gpio_clear_pin
 .text.GPIO_EVEN_IRQHandler
                0x00001724       0x20 ./simplicity_sdk_2024.12.2/platform/driver/gpio/src/sl_gpio.o
                0x00001724                GPIO_EVEN_IRQHandler
 .text.GPIO_ODD_IRQHandler
                0x00001744       0x20 ./simplicity_sdk_2024.12.2/platform/driver/gpio/src/sl_gpio.o
                0x00001744                GPIO_ODD_IRQHandler
 .text.I2CSPM_Init
                0x00001764       0xe4 ./simplicity_sdk_2024.12.2/platform/driver/i2cspm/src/sl_i2cspm.o
                0x00001764                I2CSPM_Init
 .text.I2CSPM_Transfer
                0x00001848       0x20 ./simplicity_sdk_2024.12.2/platform/driver/i2cspm/src/sl_i2cspm.o
                0x00001848                I2CSPM_Transfer
 .text.EMU_VScaleGet
                0x00001868       0x18 ./simplicity_sdk_2024.12.2/platform/emlib/src/em_cmu.o
 .text.dpllRefClkGet
                0x00001880       0x48 ./simplicity_sdk_2024.12.2/platform/emlib/src/em_cmu.o
 .text.em01GrpaClkGet
                0x000018c8       0x48 ./simplicity_sdk_2024.12.2/platform/emlib/src/em_cmu.o
 .text.em23GrpaClkGet
                0x00001910       0x48 ./simplicity_sdk_2024.12.2/platform/emlib/src/em_cmu.o
 .text.em4GrpaClkGet
                0x00001958       0x48 ./simplicity_sdk_2024.12.2/platform/emlib/src/em_cmu.o
 .text.em01GrpbClkGet
                0x000019a0       0x74 ./simplicity_sdk_2024.12.2/platform/emlib/src/em_cmu.o
 .text.iadcClkGet
                0x00001a14       0x54 ./simplicity_sdk_2024.12.2/platform/emlib/src/em_cmu.o
 .text.wdog0ClkGet
                0x00001a68       0x64 ./simplicity_sdk_2024.12.2/platform/emlib/src/em_cmu.o
 .text.rtccClkGet
                0x00001acc       0x54 ./simplicity_sdk_2024.12.2/platform/emlib/src/em_cmu.o
 .text.HFRCODPLLDevinfoGet
                0x00001b20      0x108 ./simplicity_sdk_2024.12.2/platform/emlib/src/em_cmu.o
 .text.euart0ClkGet
                0x00001c28       0x48 ./simplicity_sdk_2024.12.2/platform/emlib/src/em_cmu.o
 .text.CMU_ClockDivGet
                0x00001c70       0x84 ./simplicity_sdk_2024.12.2/platform/emlib/src/em_cmu.o
                0x00001c70                CMU_ClockDivGet
 .text.flashWaitStateControl
                0x00001cf4       0x4c ./simplicity_sdk_2024.12.2/platform/emlib/src/em_cmu.o
 .text.CMU_ClockEnable
                0x00001d40       0x54 ./simplicity_sdk_2024.12.2/platform/emlib/src/em_cmu.o
                0x00001d40                CMU_ClockEnable
 .text.CMU_ClockFreqGet
                0x00001d94      0x280 ./simplicity_sdk_2024.12.2/platform/emlib/src/em_cmu.o
                0x00001d94                CMU_ClockFreqGet
 .text.rhclkPrescOptimize
                0x00002014       0x20 ./simplicity_sdk_2024.12.2/platform/emlib/src/em_cmu.o
 .text.CMU_ClockSelectGet
                0x00002034      0x148 ./simplicity_sdk_2024.12.2/platform/emlib/src/em_cmu.o
                0x00002034                CMU_ClockSelectGet
 .text.sli_em_cmu_SYSTICEXTCLKENClear
                0x0000217c       0x30 ./simplicity_sdk_2024.12.2/platform/emlib/src/em_cmu.o
                0x0000217c                sli_em_cmu_SYSTICEXTCLKENClear
 .text.CMU_HFXOInit
                0x000021ac      0x1dc ./simplicity_sdk_2024.12.2/platform/emlib/src/em_cmu.o
                0x000021ac                CMU_HFXOInit
 .text.CMU_HFXOCTuneDeltaGet
                0x00002388        0xc ./simplicity_sdk_2024.12.2/platform/emlib/src/em_cmu.o
                0x00002388                CMU_HFXOCTuneDeltaGet
 .text.CMU_LFXOInit
                0x00002394       0xc4 ./simplicity_sdk_2024.12.2/platform/emlib/src/em_cmu.o
                0x00002394                CMU_LFXOInit
 .text.CMU_LFXOPrecisionSet
                0x00002458        0xc ./simplicity_sdk_2024.12.2/platform/emlib/src/em_cmu.o
                0x00002458                CMU_LFXOPrecisionSet
 .text.CMU_HFXOPrecisionSet
                0x00002464        0xc ./simplicity_sdk_2024.12.2/platform/emlib/src/em_cmu.o
                0x00002464                CMU_HFXOPrecisionSet
 .text.CMU_LFRCOSetPrecision
                0x00002470       0x80 ./simplicity_sdk_2024.12.2/platform/emlib/src/em_cmu.o
                0x00002470                CMU_LFRCOSetPrecision
 .text.CMU_ClockDivSet
                0x000024f0      0x104 ./simplicity_sdk_2024.12.2/platform/emlib/src/em_cmu.o
                0x000024f0                CMU_ClockDivSet
 .text.sli_em_cmu_SYSCLKInitPreClockSelect
                0x000025f4       0x30 ./simplicity_sdk_2024.12.2/platform/emlib/src/em_cmu.o
                0x000025f4                sli_em_cmu_SYSCLKInitPreClockSelect
 .text.pclkDivOptimize
                0x00002624       0x24 ./simplicity_sdk_2024.12.2/platform/emlib/src/em_cmu.o
 .text.sli_em_cmu_SYSCLKInitPostClockSelect
                0x00002648       0x40 ./simplicity_sdk_2024.12.2/platform/emlib/src/em_cmu.o
                0x00002648                sli_em_cmu_SYSCLKInitPostClockSelect
 .text.CMU_HFRCODPLLBandSet
                0x00002688      0x11c ./simplicity_sdk_2024.12.2/platform/emlib/src/em_cmu.o
                0x00002688                CMU_HFRCODPLLBandSet
 .text.EMU_EM4Init
                0x000027a4       0x14 ./simplicity_sdk_2024.12.2/platform/emlib/src/em_emu.o
                0x000027a4                EMU_EM4Init
 .text.EMU_VScaleEM01
                0x000027b8       0xa8 ./simplicity_sdk_2024.12.2/platform/emlib/src/em_emu.o
                0x000027b8                EMU_VScaleEM01
 .text.EMU_VScaleEM01ByClock
                0x00002860       0x30 ./simplicity_sdk_2024.12.2/platform/emlib/src/em_emu.o
                0x00002860                EMU_VScaleEM01ByClock
 .text.EMU_DCDCModeSet
                0x00002890       0xb8 ./simplicity_sdk_2024.12.2/platform/emlib/src/em_emu.o
                0x00002890                EMU_DCDCModeSet
 .text.EMU_DCDCInit
                0x00002948       0x74 ./simplicity_sdk_2024.12.2/platform/emlib/src/em_emu.o
                0x00002948                EMU_DCDCInit
 .text.I2C_BusFreqSet
                0x000029bc      0x10c ./simplicity_sdk_2024.12.2/platform/emlib/src/em_i2c.o
                0x000029bc                I2C_BusFreqSet
 .text.I2C_Enable
                0x00002ac8       0x3c ./simplicity_sdk_2024.12.2/platform/emlib/src/em_i2c.o
                0x00002ac8                I2C_Enable
 .text.I2C_Init
                0x00002b04       0x68 ./simplicity_sdk_2024.12.2/platform/emlib/src/em_i2c.o
                0x00002b04                I2C_Init
 .text.I2C_Transfer
                0x00002b6c      0x240 ./simplicity_sdk_2024.12.2/platform/emlib/src/em_i2c.o
                0x00002b6c                I2C_Transfer
 .text.I2C_TransferInit
                0x00002dac       0xc0 ./simplicity_sdk_2024.12.2/platform/emlib/src/em_i2c.o
                0x00002dac                I2C_TransferInit
 .text.RTCC_ChannelInit
                0x00002e6c       0x48 ./simplicity_sdk_2024.12.2/platform/emlib/src/em_rtcc.o
                0x00002e6c                RTCC_ChannelInit
 .text.RTCC_Enable
                0x00002eb4       0x54 ./simplicity_sdk_2024.12.2/platform/emlib/src/em_rtcc.o
                0x00002eb4                RTCC_Enable
 .text.RTCC_Init
                0x00002f08       0x48 ./simplicity_sdk_2024.12.2/platform/emlib/src/em_rtcc.o
                0x00002f08                RTCC_Init
 .text.SYSTEM_GetProdRev
                0x00002f50       0x10 ./simplicity_sdk_2024.12.2/platform/emlib/src/em_system.o
                0x00002f50                SYSTEM_GetProdRev
 .text.sl_hal_gpio_clear_pin
                0x00002f60       0x5c ./simplicity_sdk_2024.12.2/platform/peripheral/src/sl_hal_gpio.o
                0x00002f60                sl_hal_gpio_clear_pin
 .text.sl_hal_gpio_get_enabled_pending_interrupts
                0x00002fbc       0x14 ./simplicity_sdk_2024.12.2/platform/peripheral/src/sl_hal_gpio.o
                0x00002fbc                sl_hal_gpio_get_enabled_pending_interrupts
 .text.sl_hal_gpio_set_pin_mode
                0x00002fd0       0xdc ./simplicity_sdk_2024.12.2/platform/peripheral/src/sl_hal_gpio.o
                0x00002fd0                sl_hal_gpio_set_pin_mode
 .text.sli_clock_manager_hal_enable_bus_clock
                0x000030ac       0x54 ./simplicity_sdk_2024.12.2/platform/service/clock_manager/src/sl_clock_manager_hal_s2.o
                0x000030ac                sli_clock_manager_hal_enable_bus_clock
 .text.sli_clock_manager_hal_init
                0x00003100      0x1d4 ./simplicity_sdk_2024.12.2/platform/service/clock_manager/src/sl_clock_manager_init_hal_s2.o
                0x00003100                sli_clock_manager_hal_init
 .text.sl_device_init_dcdc
                0x000032d4       0x20 ./simplicity_sdk_2024.12.2/platform/service/device_init/src/sl_device_init_dcdc_s2.o
                0x000032d4                sl_device_init_dcdc
 .text.sl_device_init_emu
                0x000032f4       0x24 ./simplicity_sdk_2024.12.2/platform/service/device_init/src/sl_device_init_emu_s2.o
                0x000032f4                sl_device_init_emu
 .text.sl_interrupt_manager_enable_irq
                0x00003318       0x34 ./simplicity_sdk_2024.12.2/platform/service/interrupt_manager/src/sl_interrupt_manager_cortexm.o
                0x00003318                sl_interrupt_manager_enable_irq
 .text.sl_interrupt_manager_is_irq_disabled
                0x0000334c       0x30 ./simplicity_sdk_2024.12.2/platform/service/interrupt_manager/src/sl_interrupt_manager_cortexm.o
                0x0000334c                sl_interrupt_manager_is_irq_disabled
 .text.sl_interrupt_manager_clear_irq_pending
                0x0000337c       0x1c ./simplicity_sdk_2024.12.2/platform/service/interrupt_manager/src/sl_interrupt_manager_cortexm.o
                0x0000337c                sl_interrupt_manager_clear_irq_pending
 .text.sl_interrupt_manager_set_irq_priority
                0x00003398       0x50 ./simplicity_sdk_2024.12.2/platform/service/interrupt_manager/src/sl_interrupt_manager_cortexm.o
                0x00003398                sl_interrupt_manager_set_irq_priority
 .text.sl_interrupt_manager_init
                0x000033e8       0x34 ./simplicity_sdk_2024.12.2/platform/service/interrupt_manager/src/sl_interrupt_manager_cortexm.o
                0x000033e8                sl_interrupt_manager_init
 .text.sl_sleeptimer_init
                0x0000341c       0x74 ./simplicity_sdk_2024.12.2/platform/service/sleeptimer/src/sl_sleeptimer.o
                0x0000341c                sl_sleeptimer_init
 .text.sleeptimer_hal_init_timer
                0x00003490       0x84 ./simplicity_sdk_2024.12.2/platform/service/sleeptimer/src/sl_sleeptimer_hal_rtcc.o
                0x00003490                sleeptimer_hal_init_timer
 .text.RTCC_IRQHandler
                0x00003514       0x34 ./simplicity_sdk_2024.12.2/platform/service/sleeptimer/src/sl_sleeptimer_hal_rtcc.o
                0x00003514                RTCC_IRQHandler
 .text.sl_udelay_wait
                0x00003548       0x58 ./simplicity_sdk_2024.12.2/platform/service/udelay/src/sl_udelay.o
                0x00003548                sl_udelay_wait
 .text          0x000035a0      0x378 d:/02-tools/silabs/developer/toolchains/gnu_arm/12.2.rel1_2023.7/bin/../lib/gcc/arm-none-eabi/12.2.1/thumb/v8-m.main+fp/hard\libgcc.a(_arm_addsubdf3.o)
                0x000035a0                __aeabi_drsub
                0x000035a8                __aeabi_dsub
                0x000035a8                __subdf3
                0x000035ac                __aeabi_dadd
                0x000035ac                __adddf3
                0x00003824                __floatunsidf
                0x00003824                __aeabi_ui2d
                0x00003844                __floatsidf
                0x00003844                __aeabi_i2d
                0x00003868                __aeabi_f2d
                0x00003868                __extendsfdf2
                0x000038ac                __floatundidf
                0x000038ac                __aeabi_ul2d
                0x000038bc                __floatdidf
                0x000038bc                __aeabi_l2d
 .text          0x00003918      0x424 d:/02-tools/silabs/developer/toolchains/gnu_arm/12.2.rel1_2023.7/bin/../lib/gcc/arm-none-eabi/12.2.1/thumb/v8-m.main+fp/hard\libgcc.a(_arm_muldivdf3.o)
                0x00003918                __aeabi_dmul
                0x00003918                __muldf3
                0x00003b6c                __divdf3
                0x00003b6c                __aeabi_ddiv
 .text          0x00003d3c       0x40 d:/02-tools/silabs/developer/toolchains/gnu_arm/12.2.rel1_2023.7/bin/../lib/gcc/arm-none-eabi/12.2.1/thumb/v8-m.main+fp/hard\libgcc.a(_arm_fixunsdfsi.o)
                0x00003d3c                __aeabi_d2uiz
                0x00003d3c                __fixunsdfsi
 .text          0x00003d7c       0xa0 d:/02-tools/silabs/developer/toolchains/gnu_arm/12.2.rel1_2023.7/bin/../lib/gcc/arm-none-eabi/12.2.1/thumb/v8-m.main+fp/hard\libgcc.a(_arm_truncdfsf2.o)
                0x00003d7c                __truncdfsf2
                0x00003d7c                __aeabi_d2f
 .text          0x00003e1c       0x30 d:/02-tools/silabs/developer/toolchains/gnu_arm/12.2.rel1_2023.7/bin/../lib/gcc/arm-none-eabi/12.2.1/thumb/v8-m.main+fp/hard\libgcc.a(_aeabi_uldivmod.o)
                0x00003e1c                __aeabi_uldivmod
 .text.__udivmoddi4
                0x00003e4c      0x2ec d:/02-tools/silabs/developer/toolchains/gnu_arm/12.2.rel1_2023.7/bin/../lib/gcc/arm-none-eabi/12.2.1/thumb/v8-m.main+fp/hard\libgcc.a(_udivmoddi4.o)
                0x00003e4c                __udivmoddi4
 .text          0x00004138        0x4 d:/02-tools/silabs/developer/toolchains/gnu_arm/12.2.rel1_2023.7/bin/../lib/gcc/arm-none-eabi/12.2.1/thumb/v8-m.main+fp/hard\libgcc.a(_dvmd_tls.o)
                0x00004138                __aeabi_idiv0
                0x00004138                __aeabi_ldiv0
 .text.exit     0x0000413c       0x24 d:/02-tools/silabs/developer/toolchains/gnu_arm/12.2.rel1_2023.7/bin/../lib/gcc/arm-none-eabi/12.2.1/thumb/v8-m.main+fp/hard\libc_nano.a(libc_a-exit.o)
                0x0000413c                exit
 .text.__libc_init_array
                0x00004160       0x48 d:/02-tools/silabs/developer/toolchains/gnu_arm/12.2.rel1_2023.7/bin/../lib/gcc/arm-none-eabi/12.2.1/thumb/v8-m.main+fp/hard\libc_nano.a(libc_a-init.o)
                0x00004160                __libc_init_array
 .text.finite   0x000041a8       0x1c d:/02-tools/silabs/developer/toolchains/gnu_arm/12.2.rel1_2023.7/bin/../lib/gcc/arm-none-eabi/12.2.1/thumb/v8-m.main+fp/hard\libm.a(libm_a-s_finite.o)
                0x000041a8                finite
 .text.fabs     0x000041c4       0x10 d:/02-tools/silabs/developer/toolchains/gnu_arm/12.2.rel1_2023.7/bin/../lib/gcc/arm-none-eabi/12.2.1/thumb/v8-m.main+fp/hard\libm.a(libm_a-s_fabs.o)
                0x000041c4                fabs
 .text.with_errno
                0x000041d4       0x24 d:/02-tools/silabs/developer/toolchains/gnu_arm/12.2.rel1_2023.7/bin/../lib/gcc/arm-none-eabi/12.2.1/thumb/v8-m.main+fp/hard\libm.a(libm_a-math_err.o)
 .text.xflow    0x000041f8       0x38 d:/02-tools/silabs/developer/toolchains/gnu_arm/12.2.rel1_2023.7/bin/../lib/gcc/arm-none-eabi/12.2.1/thumb/v8-m.main+fp/hard\libm.a(libm_a-math_err.o)
 .text.__ieee754_sqrt
                0x00004230      0x1f4 d:/02-tools/silabs/developer/toolchains/gnu_arm/12.2.rel1_2023.7/bin/../lib/gcc/arm-none-eabi/12.2.1/thumb/v8-m.main+fp/hard\libm.a(libm_a-e_sqrt.o)
                0x00004230                __ieee754_sqrt
 .text.__errno  0x00004424        0xc d:/02-tools/silabs/developer/toolchains/gnu_arm/12.2.rel1_2023.7/bin/../lib/gcc/arm-none-eabi/12.2.1/thumb/v8-m.main+fp/hard\libc_nano.a(libc_a-errno.o)
                0x00004424                __errno
 .text          0x00004430      0x110 d:/02-tools/silabs/developer/toolchains/gnu_arm/12.2.rel1_2023.7/bin/../lib/gcc/arm-none-eabi/12.2.1/thumb/v8-m.main+fp/hard\libgcc.a(_arm_cmpdf2.o)
                0x00004430                __gtdf2
                0x00004430                __gedf2
                0x00004438                __ltdf2
                0x00004438                __ledf2
                0x00004440                __nedf2
                0x00004440                __eqdf2
                0x00004440                __cmpdf2
                0x000044bc                __aeabi_cdrcmple
                0x000044cc                __aeabi_cdcmpeq
                0x000044cc                __aeabi_cdcmple
                0x000044dc                __aeabi_dcmpeq
                0x000044f0                __aeabi_dcmplt
                0x00004504                __aeabi_dcmple
                0x00004518                __aeabi_dcmpge
                0x0000452c                __aeabi_dcmpgt
 .text          0x00004540       0x2c d:/02-tools/silabs/developer/toolchains/gnu_arm/12.2.rel1_2023.7/bin/../lib/gcc/arm-none-eabi/12.2.1/thumb/v8-m.main+fp/hard\libgcc.a(_arm_unorddf2.o)
                0x00004540                __unorddf2
                0x00004540                __aeabi_dcmpun
 .text._Z8app_initv
                0x0000456c        0x2 ./app.o
                0x0000456c                app_init()
 .text._Z18app_process_actionv
                0x0000456e        0x2 ./app.o
                0x0000456e                app_process_action()
 .text._ZN13Haptic_DriverC2Eh
                0x00004570       0x20 ./driver.o
                0x00004570                Haptic_Driver::Haptic_Driver(unsigned char)
                0x00004570                Haptic_Driver::Haptic_Driver(unsigned char)
 .text._ZN13Haptic_Driver13_readRegisterEh
                0x00004590       0x54 ./driver.o
                0x00004590                Haptic_Driver::_readRegister(unsigned char)
 .text._ZN13Haptic_Driver5beginEP11i2c_typedef
                0x000045e4       0x16 ./driver.o
                0x000045e4                Haptic_Driver::begin(i2c_typedef*)
 .text._ZN13Haptic_Driver14_writeRegisterEhhhh
                0x000045fa       0x62 ./driver.o
                0x000045fa                Haptic_Driver::_writeRegister(unsigned char, unsigned char, unsigned char, unsigned char)
 .text._ZN13Haptic_Driver15setActuatorTypeEh
                0x0000465c       0x1e ./driver.o
                0x0000465c                Haptic_Driver::setActuatorType(unsigned char)
 .text._ZN13Haptic_Driver16setOperationModeE15OPERATION_MODES
                0x0000467a       0x20 ./driver.o
                0x0000467a                Haptic_Driver::setOperationMode(OPERATION_MODES)
 .text._ZN13Haptic_Driver18enableAccelerationEb
                0x0000469a       0x16 ./driver.o
                0x0000469a                Haptic_Driver::enableAcceleration(bool)
 .text._ZN13Haptic_Driver15enableRapidStopEb
                0x000046b0       0x16 ./driver.o
                0x000046b0                Haptic_Driver::enableRapidStop(bool)
 .text._ZN13Haptic_Driver15enableFreqTrackEb
                0x000046c6       0x16 ./driver.o
                0x000046c6                Haptic_Driver::enableFreqTrack(bool)
 .text._ZN13Haptic_Driver16setMotorSettingsE14hapticSettings
                0x000046dc       0x60 ./driver.o
                0x000046dc                Haptic_Driver::setMotorSettings(hapticSettings)
 .text._ZN13Haptic_Driver10setVibrateEh
                0x0000473c       0x28 ./driver.o
                0x0000473c                Haptic_Driver::setVibrate(unsigned char)
 .text.sl_board_default_init
                0x00004764        0x2 ./autogen/sl_board_default_init.o
                0x00004764                sl_board_default_init
 .text.sl_driver_init
                0x00004766        0xe ./autogen/sl_event_handler.o
                0x00004766                sl_driver_init
 .text.sl_service_init
                0x00004774        0xe ./autogen/sl_event_handler.o
                0x00004774                sl_service_init
 .text.sl_stack_init
                0x00004782        0x2 ./autogen/sl_event_handler.o
                0x00004782                sl_stack_init
 .text.sl_internal_app_init
                0x00004784        0x2 ./autogen/sl_event_handler.o
                0x00004784                sl_internal_app_init
 .text.sl_platform_process_action
                0x00004786        0x2 ./autogen/sl_event_handler.o
                0x00004786                sl_platform_process_action
 .text.sl_service_process_action
                0x00004788        0x2 ./autogen/sl_event_handler.o
                0x00004788                sl_service_process_action
 .text.sl_stack_process_action
                0x0000478a        0x2 ./autogen/sl_event_handler.o
                0x0000478a                sl_stack_process_action
 .text.sl_internal_app_process_action
                0x0000478c        0x2 ./autogen/sl_event_handler.o
                0x0000478c                sl_internal_app_process_action
 .text.sl_board_configure_vcom
                0x0000478e        0x4 ./simplicity_sdk_2024.12.2/hardware/board/src/sl_board_control_gpio.o
                0x0000478e                sl_board_configure_vcom
 .text.Default_Handler
                0x00004792        0x2 ./simplicity_sdk_2024.12.2/platform/Device/SiliconLabs/BGM22/Source/startup_bgm22.o
                0x00004792                ULFRCO_IRQHandler
                0x00004792                SW2_IRQHandler
                0x00004792                TIMER2_IRQHandler
                0x00004792                DebugMon_Handler
                0x00004792                PKE_IRQHandler
                0x00004792                USART0_TX_IRQHandler
                0x00004792                PRORTC_IRQHandler
                0x00004792                IADC_IRQHandler
                0x00004792                I2C0_IRQHandler
                0x00004792                LFXO_IRQHandler
                0x00004792                CRYPTOACC_IRQHandler
                0x00004792                HardFault_Handler
                0x00004792                SMU_SECURE_IRQHandler
                0x00004792                SysTick_Handler
                0x00004792                USART1_RX_IRQHandler
                0x00004792                EMUEFP_IRQHandler
                0x00004792                PendSV_Handler
                0x00004792                NMI_Handler
                0x00004792                SYNTH_IRQHandler
                0x00004792                HFXO0_IRQHandler
                0x00004792                I2C1_IRQHandler
                0x00004792                PDM_IRQHandler
                0x00004792                WDOG0_IRQHandler
                0x00004792                TIMER3_IRQHandler
                0x00004792                SYSCFG_IRQHandler
                0x00004792                EMUSE_IRQHandler
                0x00004792                EMUDG_IRQHandler
                0x00004792                USART1_TX_IRQHandler
                0x00004792                MSC_IRQHandler
                0x00004792                DPLL0_IRQHandler
                0x00004792                UsageFault_Handler
                0x00004792                M33CTI1_IRQHandler
                0x00004792                TIMER4_IRQHandler
                0x00004792                LDMA_IRQHandler
                0x00004792                SW0_IRQHandler
                0x00004792                TIMER0_IRQHandler
                0x00004792                LETIMER0_IRQHandler
                0x00004792                TIMER1_IRQHandler
                0x00004792                HFRCO0_IRQHandler
                0x00004792                RFSENSE_IRQHandler
                0x00004792                SecureFault_Handler
                0x00004792                BUFC_IRQHandler
                0x00004792                DCDC_IRQHandler
                0x00004792                MODEM_IRQHandler
                0x00004792                Default_Handler
                0x00004792                RAC_SEQ_IRQHandler
                0x00004792                FRC_PRI_IRQHandler
                0x00004792                EMU_IRQHandler
                0x00004792                SW3_IRQHandler
                0x00004792                KERNEL0_IRQHandler
                0x00004792                FRC_IRQHandler
                0x00004792                KERNEL1_IRQHandler
                0x00004792                AGC_IRQHandler
                0x00004792                sl_app_properties
                0x00004792                BURTC_IRQHandler
                0x00004792                LFRCO_IRQHandler
                0x00004792                USART0_RX_IRQHandler
                0x00004792                MemManage_Handler
                0x00004792                RDMAILBOX_IRQHandler
                0x00004792                SVC_Handler
                0x00004792                SMU_S_PRIVILEGED_IRQHandler
                0x00004792                SW1_IRQHandler
                0x00004792                CMU_IRQHandler
                0x00004792                RAC_RSM_IRQHandler
                0x00004792                EUART0_TX_IRQHandler
                0x00004792                EUART0_RX_IRQHandler
                0x00004792                AES_IRQHandler
                0x00004792                M33CTI0_IRQHandler
                0x00004792                ICACHE0_IRQHandler
                0x00004792                SMU_NS_PRIVILEGED_IRQHandler
                0x00004792                PROTIMER_IRQHandler
                0x00004792                BusFault_Handler
                0x00004792                TRNG_IRQHandler
 .text.CopyInstructions
                0x00004794       0x1a ./simplicity_sdk_2024.12.2/platform/Device/SiliconLabs/BGM22/Source/startup_bgm22.o
                0x00004794                CopyInstructions
 .text.assertEFM
                0x000047ae        0x2 ./simplicity_sdk_2024.12.2/platform/common/src/sl_assert.o
                0x000047ae                assertEFM
 .text._exit    0x000047b0        0x2 ./simplicity_sdk_2024.12.2/platform/common/src/sl_syscalls.o
                0x000047b0                _exit
 .text.waitStateMax
                0x000047b2       0x10 ./simplicity_sdk_2024.12.2/platform/emlib/src/em_cmu.o
 .text.CMU_UpdateWaitStates
                0x000047c2        0xc ./simplicity_sdk_2024.12.2/platform/emlib/src/em_cmu.o
                0x000047c2                CMU_UpdateWaitStates
 .text.pclkDivMax
                0x000047ce        0xa ./simplicity_sdk_2024.12.2/platform/emlib/src/em_cmu.o
 .text.EMU_EFPEM01VScale
                0x000047d8        0x2 ./simplicity_sdk_2024.12.2/platform/emlib/src/em_emu.o
                0x000047d8                EMU_EFPEM01VScale
 .text.EMU_DCDCUpdatedHook
                0x000047da        0x2 ./simplicity_sdk_2024.12.2/platform/emlib/src/em_emu.o
                0x000047da                EMU_DCDCUpdatedHook
 .text.RTCC_SyncWait
                0x000047dc       0x10 ./simplicity_sdk_2024.12.2/platform/emlib/src/em_rtcc.o
 .text.sl_hal_bus_reg_write_mask
                0x000047ec       0x1e ./simplicity_sdk_2024.12.2/platform/peripheral/src/sl_hal_gpio.o
 .text.sl_clock_manager_runtime_init
                0x0000480a        0x4 ./simplicity_sdk_2024.12.2/platform/service/clock_manager/src/sl_clock_manager.o
                0x0000480a                sl_clock_manager_runtime_init
 .text.sl_clock_manager_enable_bus_clock
                0x0000480e        0x6 ./simplicity_sdk_2024.12.2/platform/service/clock_manager/src/sl_clock_manager.o
                0x0000480e                sl_clock_manager_enable_bus_clock
 .text.sli_clock_manager_hal_runtime_init
                0x00004814        0x4 ./simplicity_sdk_2024.12.2/platform/service/clock_manager/src/sl_clock_manager_hal_s2.o
                0x00004814                sli_clock_manager_hal_runtime_init
 .text.sl_clock_manager_init
                0x00004818        0x4 ./simplicity_sdk_2024.12.2/platform/service/clock_manager/src/sl_clock_manager_init.o
                0x00004818                sl_clock_manager_init
 .text.sleeptimer_hal_presc_to_log2.constprop.0
                0x0000481c        0x4 ./simplicity_sdk_2024.12.2/platform/service/sleeptimer/src/sl_sleeptimer_hal_rtcc.o
 .text.sl_system_init
                0x00004820       0x1a ./simplicity_sdk_2024.12.2/platform/service/system/src/sl_system_init.o
                0x00004820                sl_system_init
 .text.sl_system_process_action
                0x0000483a       0x16 ./simplicity_sdk_2024.12.2/platform/service/system/src/sl_system_process_action.o
                0x0000483a                sl_system_process_action
 .text.memset   0x00004850       0x10 d:/02-tools/silabs/developer/toolchains/gnu_arm/12.2.rel1_2023.7/bin/../lib/gcc/arm-none-eabi/12.2.1/thumb/v8-m.main+fp/hard\libc_nano.a(libc_a-memset.o)
                0x00004850                memset
 *(SORT_BY_ALIGNMENT(text_*))
 text_system_timecritical19213
                0x00004860        0xc ./simplicity_sdk_2024.12.2/platform/Device/SiliconLabs/BGM22/Source/system_bgm22.o
                0x00004860                SystemHFRCODPLLClockGet
 text_system_timecritical20216
                0x0000486c       0x40 ./simplicity_sdk_2024.12.2/platform/Device/SiliconLabs/BGM22/Source/system_bgm22.o
                0x0000486c                SystemSYSCLKGet
 text_system_timecritical16169
                0x000048ac       0x24 ./simplicity_sdk_2024.12.2/platform/Device/SiliconLabs/BGM22/Source/system_bgm22.o
                0x000048ac                SystemHCLKGet
 text_system_timecritical21218
                0x000048d0        0x8 ./simplicity_sdk_2024.12.2/platform/Device/SiliconLabs/BGM22/Source/system_bgm22.o
                0x000048d0                SystemMaxCoreClockGet
 text_system_timecritical22220
                0x000048d8        0x8 ./simplicity_sdk_2024.12.2/platform/Device/SiliconLabs/BGM22/Source/system_bgm22.o
                0x000048d8                SystemFSRCOClockGet
 text_system_timecritical23222
                0x000048e0        0xc ./simplicity_sdk_2024.12.2/platform/Device/SiliconLabs/BGM22/Source/system_bgm22.o
                0x000048e0                SystemHFXOClockGet
 text_system_timecritical24225
                0x000048ec        0x8 ./simplicity_sdk_2024.12.2/platform/Device/SiliconLabs/BGM22/Source/system_bgm22.o
                0x000048ec                SystemCLKIN0Get
 text_system_timecritical25227
                0x000048f4        0xc ./simplicity_sdk_2024.12.2/platform/Device/SiliconLabs/BGM22/Source/system_bgm22.o
                0x000048f4                SystemLFXOClockGet
 text_hal_gpio_timecritical28416
                0x00004900       0x5c ./simplicity_sdk_2024.12.2/platform/peripheral/src/sl_hal_gpio.o
                0x00004900                sl_hal_gpio_set_pin
 text_sleeptimer_timecritical65121
                0x0000495c       0x40 ./simplicity_sdk_2024.12.2/platform/service/sleeptimer/src/sl_sleeptimer.o
 text_sleeptimer_timecritical66125
                0x0000499c       0x3c ./simplicity_sdk_2024.12.2/platform/service/sleeptimer/src/sl_sleeptimer.o
 text_sleeptimer_timecritical68131
                0x000049d8       0x34 ./simplicity_sdk_2024.12.2/platform/service/sleeptimer/src/sl_sleeptimer.o
 text_sleeptimer_timecritical67128
                0x00004a0c       0x64 ./simplicity_sdk_2024.12.2/platform/service/sleeptimer/src/sl_sleeptimer.o
 text_sleeptimer_timecritical64151
                0x00004a70      0x148 ./simplicity_sdk_2024.12.2/platform/service/sleeptimer/src/sl_sleeptimer.o
                0x00004a70                process_timer_irq
 text_sleeptimer_timecritical5570
                0x00004bb8       0x64 ./simplicity_sdk_2024.12.2/platform/service/sleeptimer/src/sl_sleeptimer_hal_rtcc.o
                0x00004bb8                sleeptimer_hal_set_compare
 text_sleeptimer_timecritical5785
                0x00004c1c       0x20 ./simplicity_sdk_2024.12.2/platform/service/sleeptimer/src/sl_sleeptimer_hal_rtcc.o
                0x00004c1c                sleeptimer_hal_get_timer_frequency
 text_sleeptimer_timecritical59101
                0x00004c3c       0x30 ./simplicity_sdk_2024.12.2/platform/service/sleeptimer/src/sl_sleeptimer_hal_rtcc.o
                0x00004c3c                sleeptimer_hal_disable_int
 text_sleeptimer_timecritical60109
                0x00004c6c       0x10 ./simplicity_sdk_2024.12.2/platform/service/sleeptimer/src/sl_sleeptimer_hal_rtcc.o
                0x00004c6c                sleeptimer_hal_set_int
 text_system_timecritical26230
                0x00004c7c        0x6 ./simplicity_sdk_2024.12.2/platform/Device/SiliconLabs/BGM22/Source/system_bgm22.o
                0x00004c7c                SystemLFRCOClockGet
 text_system_timecritical27232
                0x00004c82        0x6 ./simplicity_sdk_2024.12.2/platform/Device/SiliconLabs/BGM22/Source/system_bgm22.o
                0x00004c82                SystemULFRCOClockGet
 text_core_timecritical2316
                0x00004c88        0xa ./simplicity_sdk_2024.12.2/platform/common/src/sl_core_cortexm.o
                0x00004c88                CORE_ExitCritical
 text_core_timecritical4340
                0x00004c92        0x8 ./simplicity_sdk_2024.12.2/platform/common/src/sl_core_cortexm.o
                0x00004c92                CORE_EnterCritical
 text_core_timecritical7389
                0x00004c9a        0xa ./simplicity_sdk_2024.12.2/platform/common/src/sl_core_cortexm.o
                0x00004c9a                CORE_ExitAtomic
 text_core_timecritical9421
                0x00004ca4        0xc ./simplicity_sdk_2024.12.2/platform/common/src/sl_core_cortexm.o
                0x00004ca4                CORE_EnterAtomic
 text_clock_manager_timecritical1352
                0x00004cb0        0xa ./simplicity_sdk_2024.12.2/platform/service/clock_manager/src/sl_clock_manager.o
                0x00004cb0                sl_clock_manager_get_clock_branch_frequency
 text_clock_manager_timecritical2361
                0x00004cba       0xa8 ./simplicity_sdk_2024.12.2/platform/service/clock_manager/src/sl_clock_manager_hal_s2.o
                0x00004cba                sli_clock_manager_hal_get_clock_branch_frequency
 text_sleeptimer_timecritical5354
                0x00004d62        0xe ./simplicity_sdk_2024.12.2/platform/service/sleeptimer/src/sl_sleeptimer_hal_rtcc.o
                0x00004d62                sleeptimer_hal_get_counter
 text_sleeptimer_timecritical5893
                0x00004d70       0x18 ./simplicity_sdk_2024.12.2/platform/service/sleeptimer/src/sl_sleeptimer_hal_rtcc.o
                0x00004d70                sleeptimer_hal_enable_int
                0x00004da0                . = ALIGN (0x20)
 *fill*         0x00004d88       0x18 
                0x00004da0                linker_code_end = .
 *(.init)
 .init          0x00004da0        0x4 d:/02-tools/silabs/developer/toolchains/gnu_arm/12.2.rel1_2023.7/bin/../lib/gcc/arm-none-eabi/12.2.1/thumb/v8-m.main+fp/hard/crti.o
                0x00004da0                _init
 .init          0x00004da4        0x8 d:/02-tools/silabs/developer/toolchains/gnu_arm/12.2.rel1_2023.7/bin/../lib/gcc/arm-none-eabi/12.2.1/thumb/v8-m.main+fp/hard/crtn.o
 *(.fini)
 .fini          0x00004dac        0x4 d:/02-tools/silabs/developer/toolchains/gnu_arm/12.2.rel1_2023.7/bin/../lib/gcc/arm-none-eabi/12.2.1/thumb/v8-m.main+fp/hard/crti.o
                0x00004dac                _fini
 .fini          0x00004db0        0x8 d:/02-tools/silabs/developer/toolchains/gnu_arm/12.2.rel1_2023.7/bin/../lib/gcc/arm-none-eabi/12.2.1/thumb/v8-m.main+fp/hard/crtn.o
 *crtbegin.o(.ctors)
 *crtbegin?.o(.ctors)
 *(EXCLUDE_FILE(*crtend.o *crtend?.o) .ctors)
 *(SORT_BY_NAME(.ctors.*))
 *(.ctors)
 *crtbegin.o(.dtors)
 *crtbegin?.o(.dtors)
 *(EXCLUDE_FILE(*crtend.o *crtend?.o) .dtors)
 *(SORT_BY_NAME(.dtors.*))
 *(.dtors)
 *(.rodata*)
 .rodata.str1.1
                0x00004db8       0x53 ./simplicity_sdk_2024.12.2/platform/driver/gpio/src/sl_gpio.o
 .rodata.CSWTCH.74
                0x00004e0b        0x3 ./simplicity_sdk_2024.12.2/platform/driver/gpio/src/sl_gpio.o
 .rodata.I2CSPM_Init.str1.1
                0x00004e0e       0x57 ./simplicity_sdk_2024.12.2/platform/driver/i2cspm/src/sl_i2cspm.o
 .rodata.em01GrpbClkGet.str1.1
                0x00004e65       0x4c ./simplicity_sdk_2024.12.2/platform/emlib/src/em_cmu.o
 .rodata.EMU_VScaleEM01.str1.1
                0x00004eb1       0x4c ./simplicity_sdk_2024.12.2/platform/emlib/src/em_emu.o
 .rodata.I2C_BusFreqGet.str1.1
                0x00004efd       0x4c ./simplicity_sdk_2024.12.2/platform/emlib/src/em_i2c.o
 .rodata.i2cNSum
                0x00004f49        0x4 ./simplicity_sdk_2024.12.2/platform/emlib/src/em_i2c.o
 .rodata.RTCC_ChannelInit.str1.1
                0x00004f4d       0x4d ./simplicity_sdk_2024.12.2/platform/emlib/src/em_rtcc.o
 .rodata.str1.1
                0x00004f9a       0x56 ./simplicity_sdk_2024.12.2/platform/peripheral/src/sl_hal_gpio.o
 .rodata.sl_hal_gpio_set_pin_mode.str1.1
                0x00004ff0       0x56 ./simplicity_sdk_2024.12.2/platform/peripheral/src/sl_hal_gpio.o
 .rodata.CSWTCH.54
                0x00005046        0x3 ./simplicity_sdk_2024.12.2/platform/peripheral/src/sl_hal_gpio.o
 .rodata.sli_clock_manager_hal_enable_bus_clock.str1.1
                0x00005049       0x4c ./simplicity_sdk_2024.12.2/platform/service/clock_manager/src/sl_clock_manager_hal_s2.o
 *fill*         0x00005095        0x3 
 .rodata        0x00005098       0x3c ./simplicity_sdk_2024.12.2/platform/service/clock_manager/src/sl_clock_manager_init_hal_s2.o
 .rodata        0x000050d4        0x8 ./simplicity_sdk_2024.12.2/platform/service/device_init/src/sl_device_init_dcdc_s2.o
 .rodata.SL_BUS_CLOCK_RTCC_VALUE
                0x000050dc        0x4 ./simplicity_sdk_2024.12.2/platform/service/device_manager/clocks/sl_device_clock_efr32xg22.o
                0x000050dc                SL_BUS_CLOCK_RTCC_VALUE
 .rodata.SL_BUS_CLOCK_I2C1_VALUE
                0x000050e0        0x4 ./simplicity_sdk_2024.12.2/platform/service/device_manager/clocks/sl_device_clock_efr32xg22.o
                0x000050e0                SL_BUS_CLOCK_I2C1_VALUE
 .rodata.SL_BUS_CLOCK_I2C0_VALUE
                0x000050e4        0x4 ./simplicity_sdk_2024.12.2/platform/service/device_manager/clocks/sl_device_clock_efr32xg22.o
                0x000050e4                SL_BUS_CLOCK_I2C0_VALUE
 .rodata.SL_BUS_CLOCK_GPIO_VALUE
                0x000050e8        0x4 ./simplicity_sdk_2024.12.2/platform/service/device_manager/clocks/sl_device_clock_efr32xg22.o
                0x000050e8                SL_BUS_CLOCK_GPIO_VALUE
 .rodata.sl_peripheral_val_rtcc
                0x000050ec        0xc ./simplicity_sdk_2024.12.2/platform/service/device_manager/devices/sl_device_peripheral_hal_efr32xg22.o
                0x000050ec                sl_peripheral_val_rtcc
 .rodata.sl_interrupt_manager_disable_irq.str1.1
                0x000050f8       0x76 ./simplicity_sdk_2024.12.2/platform/service/interrupt_manager/src/sl_interrupt_manager_cortexm.o
 .rodata.str1.1
                0x0000516e       0x60 ./simplicity_sdk_2024.12.2/platform/service/sleeptimer/src/sl_sleeptimer.o
 .rodata        0x000051ce        0xb ./simplicity_sdk_2024.12.2/platform/service/sleeptimer/src/sl_sleeptimer_hal_rtcc.o
 .rodata.sl_udelay_wait.str1.1
                0x000051d9       0x58 ./simplicity_sdk_2024.12.2/platform/service/udelay/src/sl_udelay.o
 *(.eh_frame*)
 *fill*         0x00005231        0x3 
 .eh_frame      0x00005234        0x0 d:/02-tools/silabs/developer/toolchains/gnu_arm/12.2.rel1_2023.7/bin/../lib/gcc/arm-none-eabi/12.2.1/thumb/v8-m.main+fp/hard/crtbegin.o

.glue_7         0x00005234        0x0
 .glue_7        0x00005234        0x0 linker stubs

.glue_7t        0x00005234        0x0
 .glue_7t       0x00005234        0x0 linker stubs

.vfp11_veneer   0x00005234        0x0
 .vfp11_veneer  0x00005234        0x0 linker stubs

.v4_bx          0x00005234        0x0
 .v4_bx         0x00005234        0x0 linker stubs

.iplt           0x00005234        0x0
 .iplt          0x00005234        0x0 d:/02-tools/silabs/developer/toolchains/gnu_arm/12.2.rel1_2023.7/bin/../lib/gcc/arm-none-eabi/12.2.1/thumb/v8-m.main+fp/hard/crtbegin.o

.ARM.extab
 *(.ARM.extab* .gnu.linkonce.armextab.*)
                0x00005234                __exidx_start = .

.ARM.exidx      0x00005234        0x8
 *(.ARM.exidx* .gnu.linkonce.armexidx.*)
 .ARM.exidx     0x00005234        0x8 d:/02-tools/silabs/developer/toolchains/gnu_arm/12.2.rel1_2023.7/bin/../lib/gcc/arm-none-eabi/12.2.1/thumb/v8-m.main+fp/hard/crt0.o
                                 0x10 (size before relaxing)
 .ARM.exidx.text.__udivmoddi4
                0x0000523c        0x0 d:/02-tools/silabs/developer/toolchains/gnu_arm/12.2.rel1_2023.7/bin/../lib/gcc/arm-none-eabi/12.2.1/thumb/v8-m.main+fp/hard\libgcc.a(_udivmoddi4.o)
                                  0x8 (size before relaxing)
                0x0000523c                __exidx_end = .

.rel.dyn        0x0000523c        0x0
 .rel.iplt      0x0000523c        0x0 d:/02-tools/silabs/developer/toolchains/gnu_arm/12.2.rel1_2023.7/bin/../lib/gcc/arm-none-eabi/12.2.1/thumb/v8-m.main+fp/hard/crtbegin.o

.copy.table     0x0000523c        0xc
                0x0000523c                . = ALIGN (0x4)
                0x0000523c                __copy_table_start__ = .
                0x0000523c        0x4 LONG 0x5248 __etext
                0x00005240        0x4 LONG 0x200012f0 __data_start__
                0x00005244        0x4 LONG 0x26 ((__data_end__ - __data_start__) / 0x4)
                0x00005248                __copy_table_end__ = .

.zero.table     0x00005248        0x0
                0x00005248                . = ALIGN (0x4)
                0x00005248                __zero_table_start__ = .
                0x00005248                __zero_table_end__ = .
                0x00005248                __etext = .

.data           0x200012f0       0x98 load address 0x00005248
                0x200012f0                . = ALIGN (0x4)
                0x200012f0                __data_start__ = .
 *(vtable)
 *(SORT_BY_ALIGNMENT(.data*))
 .data.tiny     0x200012f0        0x8 d:/02-tools/silabs/developer/toolchains/gnu_arm/12.2.rel1_2023.7/bin/../lib/gcc/arm-none-eabi/12.2.1/thumb/v8-m.main+fp/hard\libm.a(libm_a-e_sqrt.o)
 .data.one      0x200012f8        0x8 d:/02-tools/silabs/developer/toolchains/gnu_arm/12.2.rel1_2023.7/bin/../lib/gcc/arm-none-eabi/12.2.1/thumb/v8-m.main+fp/hard\libm.a(libm_a-e_sqrt.o)
 .data.init_da7280
                0x20001300       0x14 ./autogen/sl_i2cspm_init.o
                0x20001300                init_da7280
 .data.sl_i2cspm_da7280
                0x20001314        0x4 ./autogen/sl_i2cspm_init.o
                0x20001314                sl_i2cspm_da7280
 .data.SystemCoreClock
                0x20001318        0x4 ./simplicity_sdk_2024.12.2/platform/Device/SiliconLabs/BGM22/Source/system_bgm22.o
                0x20001318                SystemCoreClock
 .data.SystemHFRCODPLLClock
                0x2000131c        0x4 ./simplicity_sdk_2024.12.2/platform/Device/SiliconLabs/BGM22/Source/system_bgm22.o
 .data.SystemLFXOClock
                0x20001320        0x4 ./simplicity_sdk_2024.12.2/platform/Device/SiliconLabs/BGM22/Source/system_bgm22.o
 .data.SystemHFXOClock
                0x20001324        0x4 ./simplicity_sdk_2024.12.2/platform/Device/SiliconLabs/BGM22/Source/system_bgm22.o
 .data._impure_ptr
                0x20001328        0x4 d:/02-tools/silabs/developer/toolchains/gnu_arm/12.2.rel1_2023.7/bin/../lib/gcc/arm-none-eabi/12.2.1/thumb/v8-m.main+fp/hard\libc_nano.a(libc_a-impure.o)
                0x20001328                _impure_ptr
 .data._impure_data
                0x2000132c       0x4c d:/02-tools/silabs/developer/toolchains/gnu_arm/12.2.rel1_2023.7/bin/../lib/gcc/arm-none-eabi/12.2.1/thumb/v8-m.main+fp/hard\libc_nano.a(libc_a-impure.o)
                0x2000132c                _impure_data
 .data.hfxo_precision
                0x20001378        0x2 ./simplicity_sdk_2024.12.2/platform/emlib/src/em_cmu.o
 .data.lfxo_precision
                0x2000137a        0x2 ./simplicity_sdk_2024.12.2/platform/emlib/src/em_cmu.o
 .data.cc_disabled
                0x2000137c        0x1 ./simplicity_sdk_2024.12.2/platform/service/sleeptimer/src/sl_sleeptimer_hal_rtcc.o
                0x20001380                . = ALIGN (0x4)
 *fill*         0x2000137d        0x3 
                0x20001380                . = ALIGN (0x4)
                0x20001380                PROVIDE (__preinit_array_start = .)
 *(.preinit_array)
                0x20001380                PROVIDE (__preinit_array_end = .)
                0x20001380                . = ALIGN (0x4)
                0x20001380                PROVIDE (__init_array_start = .)
 *(SORT_BY_NAME(.init_array.*))
 *(.init_array)
 .init_array    0x20001380        0x4 d:/02-tools/silabs/developer/toolchains/gnu_arm/12.2.rel1_2023.7/bin/../lib/gcc/arm-none-eabi/12.2.1/thumb/v8-m.main+fp/hard/crtbegin.o
                0x20001384                PROVIDE (__init_array_end = .)
                0x20001384                . = ALIGN (0x4)
                [!provide]                PROVIDE (__fini_array_start = .)
 *(SORT_BY_NAME(.fini_array.*))
 *(.fini_array)
 .fini_array    0x20001384        0x4 d:/02-tools/silabs/developer/toolchains/gnu_arm/12.2.rel1_2023.7/bin/../lib/gcc/arm-none-eabi/12.2.1/thumb/v8-m.main+fp/hard/crtbegin.o
                [!provide]                PROVIDE (__fini_array_end = .)
                0x20001388                . = ALIGN (0x4)
                0x20001388                __data_end__ = .
                0x20008000                heap_limit = (ORIGIN (RAM) + LENGTH (RAM))
                0x00006c78                heap_size = (heap_limit - __HeapBase)

.tm_clone_table
                0x20001388        0x0 load address 0x000052e0
 .tm_clone_table
                0x20001388        0x0 d:/02-tools/silabs/developer/toolchains/gnu_arm/12.2.rel1_2023.7/bin/../lib/gcc/arm-none-eabi/12.2.1/thumb/v8-m.main+fp/hard/crtbegin.o
 .tm_clone_table
                0x20001388        0x0 d:/02-tools/silabs/developer/toolchains/gnu_arm/12.2.rel1_2023.7/bin/../lib/gcc/arm-none-eabi/12.2.1/thumb/v8-m.main+fp/hard/crtend.o

.igot.plt       0x20001388        0x0 load address 0x000052e0
 .igot.plt      0x20001388        0x0 d:/02-tools/silabs/developer/toolchains/gnu_arm/12.2.rel1_2023.7/bin/../lib/gcc/arm-none-eabi/12.2.1/thumb/v8-m.main+fp/hard/crtbegin.o

.heap           0x20001388     0x6c78 load address 0x000052e0
                0x20001388                . = ALIGN (0x8)
                0x20001388                __HeapBase = .
                0x20008000                . = (. + heap_size)
 *fill*         0x20001388     0x6c78 
                0x20008000                __end__ = .
                0x20008000                end = __end__
                0x20008000                _end = __end__
 *(.heap*)
                0x20008000                __HeapLimit = (ORIGIN (RAM) + LENGTH (RAM))
                0x00006c78                __heap_size = (__HeapLimit - __HeapBase)
                0x20008000                __ram_end__ = 0x20008000
                0x0007e000                __main_flash_end__ = 0x7e000

.internal_storage
 *(.internal_storage*)

.nvm
 *(.simee*)
                0x200012f0                __ramfuncs_start__ = __vma_ramfuncs_start__
                0x200012f0                __ramfuncs_end__ = __vma_ramfuncs_end__
                0x0007e000                linker_nvm_end = __main_flash_end__
                0x0007e000                linker_nvm_begin = (linker_nvm_end - SIZEOF (.nvm))
                0x0007e000                linker_storage_end = linker_nvm_begin
                0x0007e000                __nvm3Base = linker_nvm_begin
                0x0007e000                linker_storage_begin = (linker_storage_end - SIZEOF (.internal_storage))
                0x00000001                ASSERT ((linker_storage_begin >= (__etext + SIZEOF (.data))), FLASH memory overflowed !)
OUTPUT(bgm_proj.axf elf32-littlearm)
LOAD linker stubs

.ARM.attributes
                0x00000000       0x36
 .ARM.attributes
                0x00000000       0x26 d:/02-tools/silabs/developer/toolchains/gnu_arm/12.2.rel1_2023.7/bin/../lib/gcc/arm-none-eabi/12.2.1/thumb/v8-m.main+fp/hard/crti.o
 .ARM.attributes
                0x00000026       0x38 d:/02-tools/silabs/developer/toolchains/gnu_arm/12.2.rel1_2023.7/bin/../lib/gcc/arm-none-eabi/12.2.1/thumb/v8-m.main+fp/hard/crtbegin.o
 .ARM.attributes
                0x0000005e       0x24 d:/02-tools/silabs/developer/toolchains/gnu_arm/12.2.rel1_2023.7/bin/../lib/gcc/arm-none-eabi/12.2.1/thumb/v8-m.main+fp/hard/crt0.o
 .ARM.attributes
                0x00000082       0x3a ./app.o
 .ARM.attributes
                0x000000bc       0x3a ./driver.o
 .ARM.attributes
                0x000000f6       0x3a ./main.o
 .ARM.attributes
                0x00000130       0x3a ./autogen/sl_board_default_init.o
 .ARM.attributes
                0x0000016a       0x3a ./autogen/sl_event_handler.o
 .ARM.attributes
                0x000001a4       0x3a ./autogen/sl_i2cspm_init.o
 .ARM.attributes
                0x000001de       0x3a ./simplicity_sdk_2024.12.2/hardware/board/src/sl_board_control_gpio.o
 .ARM.attributes
                0x00000218       0x3a ./simplicity_sdk_2024.12.2/hardware/board/src/sl_board_init.o
 .ARM.attributes
                0x00000252       0x3a ./simplicity_sdk_2024.12.2/platform/Device/SiliconLabs/BGM22/Source/startup_bgm22.o
 .ARM.attributes
                0x0000028c       0x3a ./simplicity_sdk_2024.12.2/platform/Device/SiliconLabs/BGM22/Source/system_bgm22.o
 .ARM.attributes
                0x000002c6       0x3a ./simplicity_sdk_2024.12.2/platform/common/src/sl_assert.o
 .ARM.attributes
                0x00000300       0x3a ./simplicity_sdk_2024.12.2/platform/common/src/sl_core_cortexm.o
 .ARM.attributes
                0x0000033a       0x3a ./simplicity_sdk_2024.12.2/platform/common/src/sl_syscalls.o
 .ARM.attributes
                0x00000374       0x3a ./simplicity_sdk_2024.12.2/platform/driver/gpio/src/sl_gpio.o
 .ARM.attributes
                0x000003ae       0x3a ./simplicity_sdk_2024.12.2/platform/driver/i2cspm/src/sl_i2cspm.o
 .ARM.attributes
                0x000003e8       0x3a ./simplicity_sdk_2024.12.2/platform/emlib/src/em_cmu.o
 .ARM.attributes
                0x00000422       0x3a ./simplicity_sdk_2024.12.2/platform/emlib/src/em_emu.o
 .ARM.attributes
                0x0000045c       0x3a ./simplicity_sdk_2024.12.2/platform/emlib/src/em_i2c.o
 .ARM.attributes
                0x00000496       0x3a ./simplicity_sdk_2024.12.2/platform/emlib/src/em_rtcc.o
 .ARM.attributes
                0x000004d0       0x3a ./simplicity_sdk_2024.12.2/platform/emlib/src/em_system.o
 .ARM.attributes
                0x0000050a       0x3a ./simplicity_sdk_2024.12.2/platform/peripheral/src/sl_hal_gpio.o
 .ARM.attributes
                0x00000544       0x3a ./simplicity_sdk_2024.12.2/platform/service/clock_manager/src/sl_clock_manager.o
 .ARM.attributes
                0x0000057e       0x3a ./simplicity_sdk_2024.12.2/platform/service/clock_manager/src/sl_clock_manager_hal_s2.o
 .ARM.attributes
                0x000005b8       0x3a ./simplicity_sdk_2024.12.2/platform/service/clock_manager/src/sl_clock_manager_init.o
 .ARM.attributes
                0x000005f2       0x3a ./simplicity_sdk_2024.12.2/platform/service/clock_manager/src/sl_clock_manager_init_hal_s2.o
 .ARM.attributes
                0x0000062c       0x3a ./simplicity_sdk_2024.12.2/platform/service/device_init/src/sl_device_init_dcdc_s2.o
 .ARM.attributes
                0x00000666       0x3a ./simplicity_sdk_2024.12.2/platform/service/device_init/src/sl_device_init_emu_s2.o
 .ARM.attributes
                0x000006a0       0x3a ./simplicity_sdk_2024.12.2/platform/service/device_manager/clocks/sl_device_clock_efr32xg22.o
 .ARM.attributes
                0x000006da       0x3a ./simplicity_sdk_2024.12.2/platform/service/device_manager/devices/sl_device_peripheral_hal_efr32xg22.o
 .ARM.attributes
                0x00000714       0x3a ./simplicity_sdk_2024.12.2/platform/service/interrupt_manager/src/sl_interrupt_manager_cortexm.o
 .ARM.attributes
                0x0000074e       0x3a ./simplicity_sdk_2024.12.2/platform/service/memory_manager/src/sl_memory_manager_region.o
 .ARM.attributes
                0x00000788       0x3a ./simplicity_sdk_2024.12.2/platform/service/sleeptimer/src/sl_sleeptimer.o
 .ARM.attributes
                0x000007c2       0x3a ./simplicity_sdk_2024.12.2/platform/service/sleeptimer/src/sl_sleeptimer_hal_rtcc.o
 .ARM.attributes
                0x000007fc       0x3a ./simplicity_sdk_2024.12.2/platform/service/system/src/sl_system_init.o
 .ARM.attributes
                0x00000836       0x3a ./simplicity_sdk_2024.12.2/platform/service/system/src/sl_system_process_action.o
 .ARM.attributes
                0x00000870       0x3a ./simplicity_sdk_2024.12.2/platform/service/udelay/src/sl_udelay.o
 .ARM.attributes
                0x000008aa       0x26 ./simplicity_sdk_2024.12.2/platform/service/udelay/src/sl_udelay_armv6m_gcc.o
 .ARM.attributes
                0x000008d0       0x26 d:/02-tools/silabs/developer/toolchains/gnu_arm/12.2.rel1_2023.7/bin/../lib/gcc/arm-none-eabi/12.2.1/thumb/v8-m.main+fp/hard\libgcc.a(_arm_addsubdf3.o)
 .ARM.attributes
                0x000008f6       0x26 d:/02-tools/silabs/developer/toolchains/gnu_arm/12.2.rel1_2023.7/bin/../lib/gcc/arm-none-eabi/12.2.1/thumb/v8-m.main+fp/hard\libgcc.a(_arm_muldivdf3.o)
 .ARM.attributes
                0x0000091c       0x26 d:/02-tools/silabs/developer/toolchains/gnu_arm/12.2.rel1_2023.7/bin/../lib/gcc/arm-none-eabi/12.2.1/thumb/v8-m.main+fp/hard\libgcc.a(_arm_fixunsdfsi.o)
 .ARM.attributes
                0x00000942       0x26 d:/02-tools/silabs/developer/toolchains/gnu_arm/12.2.rel1_2023.7/bin/../lib/gcc/arm-none-eabi/12.2.1/thumb/v8-m.main+fp/hard\libgcc.a(_arm_truncdfsf2.o)
 .ARM.attributes
                0x00000968       0x26 d:/02-tools/silabs/developer/toolchains/gnu_arm/12.2.rel1_2023.7/bin/../lib/gcc/arm-none-eabi/12.2.1/thumb/v8-m.main+fp/hard\libgcc.a(_aeabi_uldivmod.o)
 .ARM.attributes
                0x0000098e       0x38 d:/02-tools/silabs/developer/toolchains/gnu_arm/12.2.rel1_2023.7/bin/../lib/gcc/arm-none-eabi/12.2.1/thumb/v8-m.main+fp/hard\libgcc.a(_udivmoddi4.o)
 .ARM.attributes
                0x000009c6       0x26 d:/02-tools/silabs/developer/toolchains/gnu_arm/12.2.rel1_2023.7/bin/../lib/gcc/arm-none-eabi/12.2.1/thumb/v8-m.main+fp/hard\libgcc.a(_dvmd_tls.o)
 .ARM.attributes
                0x000009ec       0x38 d:/02-tools/silabs/developer/toolchains/gnu_arm/12.2.rel1_2023.7/bin/../lib/gcc/arm-none-eabi/12.2.1/thumb/v8-m.main+fp/hard\libc_nano.a(libc_a-exit.o)
 .ARM.attributes
                0x00000a24       0x38 d:/02-tools/silabs/developer/toolchains/gnu_arm/12.2.rel1_2023.7/bin/../lib/gcc/arm-none-eabi/12.2.1/thumb/v8-m.main+fp/hard\libc_nano.a(libc_a-findfp.o)
 .ARM.attributes
                0x00000a5c       0x38 d:/02-tools/silabs/developer/toolchains/gnu_arm/12.2.rel1_2023.7/bin/../lib/gcc/arm-none-eabi/12.2.1/thumb/v8-m.main+fp/hard\libc_nano.a(libc_a-memset.o)
 .ARM.attributes
                0x00000a94       0x38 d:/02-tools/silabs/developer/toolchains/gnu_arm/12.2.rel1_2023.7/bin/../lib/gcc/arm-none-eabi/12.2.1/thumb/v8-m.main+fp/hard\libc_nano.a(libc_a-impure.o)
 .ARM.attributes
                0x00000acc       0x38 d:/02-tools/silabs/developer/toolchains/gnu_arm/12.2.rel1_2023.7/bin/../lib/gcc/arm-none-eabi/12.2.1/thumb/v8-m.main+fp/hard\libc_nano.a(libc_a-init.o)
 .ARM.attributes
                0x00000b04       0x38 d:/02-tools/silabs/developer/toolchains/gnu_arm/12.2.rel1_2023.7/bin/../lib/gcc/arm-none-eabi/12.2.1/thumb/v8-m.main+fp/hard\libm.a(libm_a-w_pow.o)
 .ARM.attributes
                0x00000b3c       0x38 d:/02-tools/silabs/developer/toolchains/gnu_arm/12.2.rel1_2023.7/bin/../lib/gcc/arm-none-eabi/12.2.1/thumb/v8-m.main+fp/hard\libm.a(libm_a-s_finite.o)
 .ARM.attributes
                0x00000b74       0x38 d:/02-tools/silabs/developer/toolchains/gnu_arm/12.2.rel1_2023.7/bin/../lib/gcc/arm-none-eabi/12.2.1/thumb/v8-m.main+fp/hard\libm.a(libm_a-e_pow.o)
 .ARM.attributes
                0x00000bac       0x38 d:/02-tools/silabs/developer/toolchains/gnu_arm/12.2.rel1_2023.7/bin/../lib/gcc/arm-none-eabi/12.2.1/thumb/v8-m.main+fp/hard\libm.a(libm_a-s_fabs.o)
 .ARM.attributes
                0x00000be4       0x38 d:/02-tools/silabs/developer/toolchains/gnu_arm/12.2.rel1_2023.7/bin/../lib/gcc/arm-none-eabi/12.2.1/thumb/v8-m.main+fp/hard\libm.a(libm_a-s_scalbn.o)
 .ARM.attributes
                0x00000c1c       0x38 d:/02-tools/silabs/developer/toolchains/gnu_arm/12.2.rel1_2023.7/bin/../lib/gcc/arm-none-eabi/12.2.1/thumb/v8-m.main+fp/hard\libm.a(libm_a-math_err.o)
 .ARM.attributes
                0x00000c54       0x38 d:/02-tools/silabs/developer/toolchains/gnu_arm/12.2.rel1_2023.7/bin/../lib/gcc/arm-none-eabi/12.2.1/thumb/v8-m.main+fp/hard\libm.a(libm_a-e_sqrt.o)
 .ARM.attributes
                0x00000c8c       0x38 d:/02-tools/silabs/developer/toolchains/gnu_arm/12.2.rel1_2023.7/bin/../lib/gcc/arm-none-eabi/12.2.1/thumb/v8-m.main+fp/hard\libc_nano.a(libc_a-errno.o)
 .ARM.attributes
                0x00000cc4       0x26 d:/02-tools/silabs/developer/toolchains/gnu_arm/12.2.rel1_2023.7/bin/../lib/gcc/arm-none-eabi/12.2.1/thumb/v8-m.main+fp/hard\libgcc.a(_arm_cmpdf2.o)
 .ARM.attributes
                0x00000cea       0x26 d:/02-tools/silabs/developer/toolchains/gnu_arm/12.2.rel1_2023.7/bin/../lib/gcc/arm-none-eabi/12.2.1/thumb/v8-m.main+fp/hard\libgcc.a(_arm_unorddf2.o)
 .ARM.attributes
                0x00000d10       0x38 d:/02-tools/silabs/developer/toolchains/gnu_arm/12.2.rel1_2023.7/bin/../lib/gcc/arm-none-eabi/12.2.1/thumb/v8-m.main+fp/hard/crtend.o
 .ARM.attributes
                0x00000d48       0x26 d:/02-tools/silabs/developer/toolchains/gnu_arm/12.2.rel1_2023.7/bin/../lib/gcc/arm-none-eabi/12.2.1/thumb/v8-m.main+fp/hard/crtn.o

.comment        0x00000000       0x45
 .comment       0x00000000       0x45 ./app.o
                                 0x46 (size before relaxing)
 .comment       0x00000045       0x46 ./driver.o
 .comment       0x00000045       0x46 ./main.o
 .comment       0x00000045       0x46 ./autogen/sl_board_default_init.o
 .comment       0x00000045       0x46 ./autogen/sl_event_handler.o
 .comment       0x00000045       0x46 ./autogen/sl_i2cspm_init.o
 .comment       0x00000045       0x46 ./simplicity_sdk_2024.12.2/hardware/board/src/sl_board_control_gpio.o
 .comment       0x00000045       0x46 ./simplicity_sdk_2024.12.2/hardware/board/src/sl_board_init.o
 .comment       0x00000045       0x46 ./simplicity_sdk_2024.12.2/platform/Device/SiliconLabs/BGM22/Source/startup_bgm22.o
 .comment       0x00000045       0x46 ./simplicity_sdk_2024.12.2/platform/Device/SiliconLabs/BGM22/Source/system_bgm22.o
 .comment       0x00000045       0x46 ./simplicity_sdk_2024.12.2/platform/common/src/sl_assert.o
 .comment       0x00000045       0x46 ./simplicity_sdk_2024.12.2/platform/common/src/sl_core_cortexm.o
 .comment       0x00000045       0x46 ./simplicity_sdk_2024.12.2/platform/common/src/sl_syscalls.o
 .comment       0x00000045       0x46 ./simplicity_sdk_2024.12.2/platform/driver/gpio/src/sl_gpio.o
 .comment       0x00000045       0x46 ./simplicity_sdk_2024.12.2/platform/driver/i2cspm/src/sl_i2cspm.o
 .comment       0x00000045       0x46 ./simplicity_sdk_2024.12.2/platform/emlib/src/em_cmu.o
 .comment       0x00000045       0x46 ./simplicity_sdk_2024.12.2/platform/emlib/src/em_emu.o
 .comment       0x00000045       0x46 ./simplicity_sdk_2024.12.2/platform/emlib/src/em_i2c.o
 .comment       0x00000045       0x46 ./simplicity_sdk_2024.12.2/platform/emlib/src/em_rtcc.o
 .comment       0x00000045       0x46 ./simplicity_sdk_2024.12.2/platform/emlib/src/em_system.o
 .comment       0x00000045       0x46 ./simplicity_sdk_2024.12.2/platform/peripheral/src/sl_hal_gpio.o
 .comment       0x00000045       0x46 ./simplicity_sdk_2024.12.2/platform/service/clock_manager/src/sl_clock_manager.o
 .comment       0x00000045       0x46 ./simplicity_sdk_2024.12.2/platform/service/clock_manager/src/sl_clock_manager_hal_s2.o
 .comment       0x00000045       0x46 ./simplicity_sdk_2024.12.2/platform/service/clock_manager/src/sl_clock_manager_init.o
 .comment       0x00000045       0x46 ./simplicity_sdk_2024.12.2/platform/service/clock_manager/src/sl_clock_manager_init_hal_s2.o
 .comment       0x00000045       0x46 ./simplicity_sdk_2024.12.2/platform/service/device_init/src/sl_device_init_dcdc_s2.o
 .comment       0x00000045       0x46 ./simplicity_sdk_2024.12.2/platform/service/device_init/src/sl_device_init_emu_s2.o
 .comment       0x00000045       0x46 ./simplicity_sdk_2024.12.2/platform/service/device_manager/clocks/sl_device_clock_efr32xg22.o
 .comment       0x00000045       0x46 ./simplicity_sdk_2024.12.2/platform/service/device_manager/devices/sl_device_peripheral_hal_efr32xg22.o
 .comment       0x00000045       0x46 ./simplicity_sdk_2024.12.2/platform/service/interrupt_manager/src/sl_interrupt_manager_cortexm.o
 .comment       0x00000045       0x46 ./simplicity_sdk_2024.12.2/platform/service/memory_manager/src/sl_memory_manager_region.o
 .comment       0x00000045       0x46 ./simplicity_sdk_2024.12.2/platform/service/sleeptimer/src/sl_sleeptimer.o
 .comment       0x00000045       0x46 ./simplicity_sdk_2024.12.2/platform/service/sleeptimer/src/sl_sleeptimer_hal_rtcc.o
 .comment       0x00000045       0x46 ./simplicity_sdk_2024.12.2/platform/service/system/src/sl_system_init.o
 .comment       0x00000045       0x46 ./simplicity_sdk_2024.12.2/platform/service/system/src/sl_system_process_action.o
 .comment       0x00000045       0x46 ./simplicity_sdk_2024.12.2/platform/service/udelay/src/sl_udelay.o

.debug_line_str
                0x00000000      0x1cd
 .debug_line_str
                0x00000000       0xe7 d:/02-tools/silabs/developer/toolchains/gnu_arm/12.2.rel1_2023.7/bin/../lib/gcc/arm-none-eabi/12.2.1/thumb/v8-m.main+fp/hard/crt0.o
 .debug_line_str
                0x000000e7       0xd2 d:/02-tools/silabs/developer/toolchains/gnu_arm/12.2.rel1_2023.7/bin/../lib/gcc/arm-none-eabi/12.2.1/thumb/v8-m.main+fp/hard\libgcc.a(_arm_addsubdf3.o)
 .debug_line_str
                0x000001b9       0xd2 d:/02-tools/silabs/developer/toolchains/gnu_arm/12.2.rel1_2023.7/bin/../lib/gcc/arm-none-eabi/12.2.1/thumb/v8-m.main+fp/hard\libgcc.a(_arm_muldivdf3.o)
 .debug_line_str
                0x000001b9       0xd2 d:/02-tools/silabs/developer/toolchains/gnu_arm/12.2.rel1_2023.7/bin/../lib/gcc/arm-none-eabi/12.2.1/thumb/v8-m.main+fp/hard\libgcc.a(_arm_fixunsdfsi.o)
 .debug_line_str
                0x000001b9       0xd2 d:/02-tools/silabs/developer/toolchains/gnu_arm/12.2.rel1_2023.7/bin/../lib/gcc/arm-none-eabi/12.2.1/thumb/v8-m.main+fp/hard\libgcc.a(_arm_truncdfsf2.o)
 .debug_line_str
                0x000001b9        0x8 d:/02-tools/silabs/developer/toolchains/gnu_arm/12.2.rel1_2023.7/bin/../lib/gcc/arm-none-eabi/12.2.1/thumb/v8-m.main+fp/hard\libgcc.a(_aeabi_uldivmod.o)
                                 0xcd (size before relaxing)
 .debug_line_str
                0x000001c1        0xc d:/02-tools/silabs/developer/toolchains/gnu_arm/12.2.rel1_2023.7/bin/../lib/gcc/arm-none-eabi/12.2.1/thumb/v8-m.main+fp/hard\libgcc.a(_dvmd_tls.o)
                                 0xd1 (size before relaxing)
 .debug_line_str
                0x000001cd       0xd2 d:/02-tools/silabs/developer/toolchains/gnu_arm/12.2.rel1_2023.7/bin/../lib/gcc/arm-none-eabi/12.2.1/thumb/v8-m.main+fp/hard\libgcc.a(_arm_cmpdf2.o)
 .debug_line_str
                0x000001cd       0xd2 d:/02-tools/silabs/developer/toolchains/gnu_arm/12.2.rel1_2023.7/bin/../lib/gcc/arm-none-eabi/12.2.1/thumb/v8-m.main+fp/hard\libgcc.a(_arm_unorddf2.o)

.debug_info     0x00000000    0x30cc9
 .debug_info    0x00000000       0x5a ./app.o
 .debug_info    0x0000005a     0x61e3 ./driver.o
 .debug_info    0x0000623d     0x1785 ./main.o
 .debug_info    0x000079c2       0x86 ./autogen/sl_board_default_init.o
 .debug_info    0x00007a48      0xef1 ./autogen/sl_event_handler.o
 .debug_info    0x00008939      0x73f ./autogen/sl_i2cspm_init.o
 .debug_info    0x00009078      0x3c2 ./simplicity_sdk_2024.12.2/hardware/board/src/sl_board_control_gpio.o
 .debug_info    0x0000943a      0x13f ./simplicity_sdk_2024.12.2/hardware/board/src/sl_board_init.o
 .debug_info    0x00009579      0x3f4 ./simplicity_sdk_2024.12.2/platform/Device/SiliconLabs/BGM22/Source/startup_bgm22.o
 .debug_info    0x0000996d     0x1e26 ./simplicity_sdk_2024.12.2/platform/Device/SiliconLabs/BGM22/Source/system_bgm22.o
 .debug_info    0x0000b793       0x86 ./simplicity_sdk_2024.12.2/platform/common/src/sl_assert.o
 .debug_info    0x0000b819      0x9d3 ./simplicity_sdk_2024.12.2/platform/common/src/sl_core_cortexm.o
 .debug_info    0x0000c1ec      0x2c7 ./simplicity_sdk_2024.12.2/platform/common/src/sl_syscalls.o
 .debug_info    0x0000c4b3     0x37cd ./simplicity_sdk_2024.12.2/platform/driver/gpio/src/sl_gpio.o
 .debug_info    0x0000fc80     0x1ccf ./simplicity_sdk_2024.12.2/platform/driver/i2cspm/src/sl_i2cspm.o
 .debug_info    0x0001194f     0x79ec ./simplicity_sdk_2024.12.2/platform/emlib/src/em_cmu.o
 .debug_info    0x0001933b     0x4cb7 ./simplicity_sdk_2024.12.2/platform/emlib/src/em_emu.o
 .debug_info    0x0001dff2     0x1411 ./simplicity_sdk_2024.12.2/platform/emlib/src/em_i2c.o
 .debug_info    0x0001f403     0x1f49 ./simplicity_sdk_2024.12.2/platform/emlib/src/em_rtcc.o
 .debug_info    0x0002134c     0x1b89 ./simplicity_sdk_2024.12.2/platform/emlib/src/em_system.o
 .debug_info    0x00022ed5     0x2cef ./simplicity_sdk_2024.12.2/platform/peripheral/src/sl_hal_gpio.o
 .debug_info    0x00025bc4      0xbe6 ./simplicity_sdk_2024.12.2/platform/service/clock_manager/src/sl_clock_manager.o
 .debug_info    0x000267aa     0x289c ./simplicity_sdk_2024.12.2/platform/service/clock_manager/src/sl_clock_manager_hal_s2.o
 .debug_info    0x00029046       0xc9 ./simplicity_sdk_2024.12.2/platform/service/clock_manager/src/sl_clock_manager_init.o
 .debug_info    0x0002910f     0x1ba2 ./simplicity_sdk_2024.12.2/platform/service/clock_manager/src/sl_clock_manager_init_hal_s2.o
 .debug_info    0x0002acb1      0x2c7 ./simplicity_sdk_2024.12.2/platform/service/device_init/src/sl_device_init_dcdc_s2.o
 .debug_info    0x0002af78      0x9b9 ./simplicity_sdk_2024.12.2/platform/service/device_init/src/sl_device_init_emu_s2.o
 .debug_info    0x0002b931      0x650 ./simplicity_sdk_2024.12.2/platform/service/device_manager/clocks/sl_device_clock_efr32xg22.o
 .debug_info    0x0002bf81      0x887 ./simplicity_sdk_2024.12.2/platform/service/device_manager/devices/sl_device_peripheral_hal_efr32xg22.o
 .debug_info    0x0002c808     0x104c ./simplicity_sdk_2024.12.2/platform/service/interrupt_manager/src/sl_interrupt_manager_cortexm.o
 .debug_info    0x0002d854      0x1e8 ./simplicity_sdk_2024.12.2/platform/service/memory_manager/src/sl_memory_manager_region.o
 .debug_info    0x0002da3c     0x19e7 ./simplicity_sdk_2024.12.2/platform/service/sleeptimer/src/sl_sleeptimer.o
 .debug_info    0x0002f423     0x15a0 ./simplicity_sdk_2024.12.2/platform/service/sleeptimer/src/sl_sleeptimer_hal_rtcc.o
 .debug_info    0x000309c3       0xa7 ./simplicity_sdk_2024.12.2/platform/service/system/src/sl_system_init.o
 .debug_info    0x00030a6a       0x93 ./simplicity_sdk_2024.12.2/platform/service/system/src/sl_system_process_action.o
 .debug_info    0x00030afd      0x1a6 ./simplicity_sdk_2024.12.2/platform/service/udelay/src/sl_udelay.o
 .debug_info    0x00030ca3       0x26 ./simplicity_sdk_2024.12.2/platform/service/udelay/src/sl_udelay_armv6m_gcc.o

.debug_abbrev   0x00000000     0x5577
 .debug_abbrev  0x00000000       0x4f ./app.o
 .debug_abbrev  0x0000004f      0x5d7 ./driver.o
 .debug_abbrev  0x00000626      0x322 ./main.o
 .debug_abbrev  0x00000948       0x46 ./autogen/sl_board_default_init.o
 .debug_abbrev  0x0000098e      0x1a4 ./autogen/sl_event_handler.o
 .debug_abbrev  0x00000b32      0x17e ./autogen/sl_i2cspm_init.o
 .debug_abbrev  0x00000cb0      0x185 ./simplicity_sdk_2024.12.2/hardware/board/src/sl_board_control_gpio.o
 .debug_abbrev  0x00000e35       0xed ./simplicity_sdk_2024.12.2/hardware/board/src/sl_board_init.o
 .debug_abbrev  0x00000f22      0x260 ./simplicity_sdk_2024.12.2/platform/Device/SiliconLabs/BGM22/Source/startup_bgm22.o
 .debug_abbrev  0x00001182      0x30d ./simplicity_sdk_2024.12.2/platform/Device/SiliconLabs/BGM22/Source/system_bgm22.o
 .debug_abbrev  0x0000148f       0x6c ./simplicity_sdk_2024.12.2/platform/common/src/sl_assert.o
 .debug_abbrev  0x000014fb      0x27b ./simplicity_sdk_2024.12.2/platform/common/src/sl_core_cortexm.o
 .debug_abbrev  0x00001776      0x143 ./simplicity_sdk_2024.12.2/platform/common/src/sl_syscalls.o
 .debug_abbrev  0x000018b9      0x473 ./simplicity_sdk_2024.12.2/platform/driver/gpio/src/sl_gpio.o
 .debug_abbrev  0x00001d2c      0x2a7 ./simplicity_sdk_2024.12.2/platform/driver/i2cspm/src/sl_i2cspm.o
 .debug_abbrev  0x00001fd3      0x5d7 ./simplicity_sdk_2024.12.2/platform/emlib/src/em_cmu.o
 .debug_abbrev  0x000025aa      0x563 ./simplicity_sdk_2024.12.2/platform/emlib/src/em_emu.o
 .debug_abbrev  0x00002b0d      0x43b ./simplicity_sdk_2024.12.2/platform/emlib/src/em_i2c.o
 .debug_abbrev  0x00002f48      0x27b ./simplicity_sdk_2024.12.2/platform/emlib/src/em_rtcc.o
 .debug_abbrev  0x000031c3      0x2b9 ./simplicity_sdk_2024.12.2/platform/emlib/src/em_system.o
 .debug_abbrev  0x0000347c      0x4db ./simplicity_sdk_2024.12.2/platform/peripheral/src/sl_hal_gpio.o
 .debug_abbrev  0x00003957      0x1ba ./simplicity_sdk_2024.12.2/platform/service/clock_manager/src/sl_clock_manager.o
 .debug_abbrev  0x00003b11      0x40d ./simplicity_sdk_2024.12.2/platform/service/clock_manager/src/sl_clock_manager_hal_s2.o
 .debug_abbrev  0x00003f1e       0x89 ./simplicity_sdk_2024.12.2/platform/service/clock_manager/src/sl_clock_manager_init.o
 .debug_abbrev  0x00003fa7      0x2a7 ./simplicity_sdk_2024.12.2/platform/service/clock_manager/src/sl_clock_manager_init_hal_s2.o
 .debug_abbrev  0x0000424e       0xf8 ./simplicity_sdk_2024.12.2/platform/service/device_init/src/sl_device_init_dcdc_s2.o
 .debug_abbrev  0x00004346      0x14b ./simplicity_sdk_2024.12.2/platform/service/device_init/src/sl_device_init_emu_s2.o
 .debug_abbrev  0x00004491       0x6d ./simplicity_sdk_2024.12.2/platform/service/device_manager/clocks/sl_device_clock_efr32xg22.o
 .debug_abbrev  0x000044fe       0xc5 ./simplicity_sdk_2024.12.2/platform/service/device_manager/devices/sl_device_peripheral_hal_efr32xg22.o
 .debug_abbrev  0x000045c3      0x3be ./simplicity_sdk_2024.12.2/platform/service/interrupt_manager/src/sl_interrupt_manager_cortexm.o
 .debug_abbrev  0x00004981      0x11e ./simplicity_sdk_2024.12.2/platform/service/memory_manager/src/sl_memory_manager_region.o
 .debug_abbrev  0x00004a9f      0x443 ./simplicity_sdk_2024.12.2/platform/service/sleeptimer/src/sl_sleeptimer.o
 .debug_abbrev  0x00004ee2      0x4ab ./simplicity_sdk_2024.12.2/platform/service/sleeptimer/src/sl_sleeptimer_hal_rtcc.o
 .debug_abbrev  0x0000538d       0x5c ./simplicity_sdk_2024.12.2/platform/service/system/src/sl_system_init.o
 .debug_abbrev  0x000053e9       0x5c ./simplicity_sdk_2024.12.2/platform/service/system/src/sl_system_process_action.o
 .debug_abbrev  0x00005445      0x11e ./simplicity_sdk_2024.12.2/platform/service/udelay/src/sl_udelay.o
 .debug_abbrev  0x00005563       0x14 ./simplicity_sdk_2024.12.2/platform/service/udelay/src/sl_udelay_armv6m_gcc.o

.debug_aranges  0x00000000     0x1128
 .debug_aranges
                0x00000000       0x28 ./app.o
 .debug_aranges
                0x00000028      0x188 ./driver.o
 .debug_aranges
                0x000001b0       0x20 ./main.o
 .debug_aranges
                0x000001d0       0x20 ./autogen/sl_board_default_init.o
 .debug_aranges
                0x000001f0       0x60 ./autogen/sl_event_handler.o
 .debug_aranges
                0x00000250       0x20 ./autogen/sl_i2cspm_init.o
 .debug_aranges
                0x00000270       0x70 ./simplicity_sdk_2024.12.2/hardware/board/src/sl_board_control_gpio.o
 .debug_aranges
                0x000002e0       0x28 ./simplicity_sdk_2024.12.2/hardware/board/src/sl_board_init.o
 .debug_aranges
                0x00000308       0x38 ./simplicity_sdk_2024.12.2/platform/Device/SiliconLabs/BGM22/Source/startup_bgm22.o
 .debug_aranges
                0x00000340       0x88 ./simplicity_sdk_2024.12.2/platform/Device/SiliconLabs/BGM22/Source/system_bgm22.o
 .debug_aranges
                0x000003c8       0x20 ./simplicity_sdk_2024.12.2/platform/common/src/sl_assert.o
 .debug_aranges
                0x000003e8       0xa0 ./simplicity_sdk_2024.12.2/platform/common/src/sl_core_cortexm.o
 .debug_aranges
                0x00000488       0x68 ./simplicity_sdk_2024.12.2/platform/common/src/sl_syscalls.o
 .debug_aranges
                0x000004f0      0x108 ./simplicity_sdk_2024.12.2/platform/driver/gpio/src/sl_gpio.o
 .debug_aranges
                0x000005f8       0x28 ./simplicity_sdk_2024.12.2/platform/driver/i2cspm/src/sl_i2cspm.o
 .debug_aranges
                0x00000620      0x1c8 ./simplicity_sdk_2024.12.2/platform/emlib/src/em_cmu.o
 .debug_aranges
                0x000007e8      0x130 ./simplicity_sdk_2024.12.2/platform/emlib/src/em_emu.o
 .debug_aranges
                0x00000918       0x50 ./simplicity_sdk_2024.12.2/platform/emlib/src/em_i2c.o
 .debug_aranges
                0x00000968       0x48 ./simplicity_sdk_2024.12.2/platform/emlib/src/em_rtcc.o
 .debug_aranges
                0x000009b0       0x78 ./simplicity_sdk_2024.12.2/platform/emlib/src/em_system.o
 .debug_aranges
                0x00000a28      0x150 ./simplicity_sdk_2024.12.2/platform/peripheral/src/sl_hal_gpio.o
 .debug_aranges
                0x00000b78       0xf8 ./simplicity_sdk_2024.12.2/platform/service/clock_manager/src/sl_clock_manager.o
 .debug_aranges
                0x00000c70       0xe8 ./simplicity_sdk_2024.12.2/platform/service/clock_manager/src/sl_clock_manager_hal_s2.o
 .debug_aranges
                0x00000d58       0x20 ./simplicity_sdk_2024.12.2/platform/service/clock_manager/src/sl_clock_manager_init.o
 .debug_aranges
                0x00000d78       0x20 ./simplicity_sdk_2024.12.2/platform/service/clock_manager/src/sl_clock_manager_init_hal_s2.o
 .debug_aranges
                0x00000d98       0x20 ./simplicity_sdk_2024.12.2/platform/service/device_init/src/sl_device_init_dcdc_s2.o
 .debug_aranges
                0x00000db8       0x20 ./simplicity_sdk_2024.12.2/platform/service/device_init/src/sl_device_init_emu_s2.o
 .debug_aranges
                0x00000dd8       0x18 ./simplicity_sdk_2024.12.2/platform/service/device_manager/clocks/sl_device_clock_efr32xg22.o
 .debug_aranges
                0x00000df0       0x18 ./simplicity_sdk_2024.12.2/platform/service/device_manager/devices/sl_device_peripheral_hal_efr32xg22.o
 .debug_aranges
                0x00000e08       0xc8 ./simplicity_sdk_2024.12.2/platform/service/interrupt_manager/src/sl_interrupt_manager_cortexm.o
 .debug_aranges
                0x00000ed0       0x30 ./simplicity_sdk_2024.12.2/platform/service/memory_manager/src/sl_memory_manager_region.o
 .debug_aranges
                0x00000f00      0x120 ./simplicity_sdk_2024.12.2/platform/service/sleeptimer/src/sl_sleeptimer.o
 .debug_aranges
                0x00001020       0x88 ./simplicity_sdk_2024.12.2/platform/service/sleeptimer/src/sl_sleeptimer_hal_rtcc.o
 .debug_aranges
                0x000010a8       0x20 ./simplicity_sdk_2024.12.2/platform/service/system/src/sl_system_init.o
 .debug_aranges
                0x000010c8       0x20 ./simplicity_sdk_2024.12.2/platform/service/system/src/sl_system_process_action.o
 .debug_aranges
                0x000010e8       0x20 ./simplicity_sdk_2024.12.2/platform/service/udelay/src/sl_udelay.o
 .debug_aranges
                0x00001108       0x20 ./simplicity_sdk_2024.12.2/platform/service/udelay/src/sl_udelay_armv6m_gcc.o

.debug_ranges   0x00000000     0x17c8
 .debug_ranges  0x00000000       0x18 ./app.o
 .debug_ranges  0x00000018      0x178 ./driver.o
 .debug_ranges  0x00000190       0x10 ./main.o
 .debug_ranges  0x000001a0       0x10 ./autogen/sl_board_default_init.o