Archive member included to satisfy reference by file (symbol)

d:/02-tools/silabs/developer/toolchains/gnu_arm/12.2.rel1_2023.7/bin/../lib/gcc/arm-none-eabi/12.2.1/thumb/v8-m.main+fp/hard\libgcc.a(_arm_muldf3.o)
                              ./driver.o (__aeabi_dmul)
d:/02-tools/silabs/developer/toolchains/gnu_arm/12.2.rel1_2023.7/bin/../lib/gcc/arm-none-eabi/12.2.1/thumb/v8-m.main+fp/hard\libgcc.a(_arm_addsubdf3.o)
                              ./driver.o (__aeabi_dsub)
d:/02-tools/silabs/developer/toolchains/gnu_arm/12.2.rel1_2023.7/bin/../lib/gcc/arm-none-eabi/12.2.1/thumb/v8-m.main+fp/hard\libgcc.a(_arm_muldivdf3.o)
                              ./driver.o (__aeabi_ddiv)
d:/02-tools/silabs/developer/toolchains/gnu_arm/12.2.rel1_2023.7/bin/../lib/gcc/arm-none-eabi/12.2.1/thumb/v8-m.main+fp/hard\libgcc.a(_arm_fixunsdfsi.o)
                              ./driver.o (__aeabi_d2uiz)
d:/02-tools/silabs/developer/toolchains/gnu_arm/12.2.rel1_2023.7/bin/../lib/gcc/arm-none-eabi/12.2.1/thumb/v8-m.main+fp/hard\libgcc.a(_arm_truncdfsf2.o)
                              ./driver.o (__aeabi_d2f)
d:/02-tools/silabs/developer/toolchains/gnu_arm/12.2.rel1_2023.7/bin/../lib/gcc/arm-none-eabi/12.2.1/thumb/v8-m.main+fp/hard\libgcc.a(_aeabi_ldivmod.o)
                              ./simplicity_sdk_2024.12.2/platform/service/sleeptimer/src/sl_sleeptimer.o (__aeabi_ldivmod)
d:/02-tools/silabs/developer/toolchains/gnu_arm/12.2.rel1_2023.7/bin/../lib/gcc/arm-none-eabi/12.2.1/thumb/v8-m.main+fp/hard\libgcc.a(_aeabi_uldivmod.o)
                              ./simplicity_sdk_2024.12.2/platform/service/sleeptimer/src/sl_sleeptimer.o (__aeabi_uldivmod)
d:/02-tools/silabs/developer/toolchains/gnu_arm/12.2.rel1_2023.7/bin/../lib/gcc/arm-none-eabi/12.2.1/thumb/v8-m.main+fp/hard\libgcc.a(_udivmoddi4.o)
                              d:/02-tools/silabs/developer/toolchains/gnu_arm/12.2.rel1_2023.7/bin/../lib/gcc/arm-none-eabi/12.2.1/thumb/v8-m.main+fp/hard\libgcc.a(_aeabi_ldivmod.o) (__udivmoddi4)
d:/02-tools/silabs/developer/toolchains/gnu_arm/12.2.rel1_2023.7/bin/../lib/gcc/arm-none-eabi/12.2.1/thumb/v8-m.main+fp/hard\libgcc.a(_dvmd_tls.o)
                              d:/02-tools/silabs/developer/toolchains/gnu_arm/12.2.rel1_2023.7/bin/../lib/gcc/arm-none-eabi/12.2.1/thumb/v8-m.main+fp/hard\libgcc.a(_aeabi_ldivmod.o) (__aeabi_ldiv0)
d:/02-tools/silabs/developer/toolchains/gnu_arm/12.2.rel1_2023.7/bin/../lib/gcc/arm-none-eabi/12.2.1/thumb/v8-m.main+fp/hard\libc_nano.a(libc_a-exit.o)
                              d:/02-tools/silabs/developer/toolchains/gnu_arm/12.2.rel1_2023.7/bin/../lib/gcc/arm-none-eabi/12.2.1/thumb/v8-m.main+fp/hard/crt0.o (exit)
d:/02-tools/silabs/developer/toolchains/gnu_arm/12.2.rel1_2023.7/bin/../lib/gcc/arm-none-eabi/12.2.1/thumb/v8-m.main+fp/hard\libc_nano.a(libc_a-findfp.o)
                              d:/02-tools/silabs/developer/toolchains/gnu_arm/12.2.rel1_2023.7/bin/../lib/gcc/arm-none-eabi/12.2.1/thumb/v8-m.main+fp/hard\libc_nano.a(libc_a-exit.o) (__stdio_exit_handler)
d:/02-tools/silabs/developer/toolchains/gnu_arm/12.2.rel1_2023.7/bin/../lib/gcc/arm-none-eabi/12.2.1/thumb/v8-m.main+fp/hard\libc_nano.a(libc_a-fwalk.o)
                              d:/02-tools/silabs/developer/toolchains/gnu_arm/12.2.rel1_2023.7/bin/../lib/gcc/arm-none-eabi/12.2.1/thumb/v8-m.main+fp/hard\libc_nano.a(libc_a-findfp.o) (_fwalk_sglue)
d:/02-tools/silabs/developer/toolchains/gnu_arm/12.2.rel1_2023.7/bin/../lib/gcc/arm-none-eabi/12.2.1/thumb/v8-m.main+fp/hard\libc_nano.a(libc_a-stdio.o)
                              d:/02-tools/silabs/developer/toolchains/gnu_arm/12.2.rel1_2023.7/bin/../lib/gcc/arm-none-eabi/12.2.1/thumb/v8-m.main+fp/hard\libc_nano.a(libc_a-findfp.o) (__sread)
d:/02-tools/silabs/developer/toolchains/gnu_arm/12.2.rel1_2023.7/bin/../lib/gcc/arm-none-eabi/12.2.1/thumb/v8-m.main+fp/hard\libc_nano.a(libc_a-memset.o)
                              d:/02-tools/silabs/developer/toolchains/gnu_arm/12.2.rel1_2023.7/bin/../lib/gcc/arm-none-eabi/12.2.1/thumb/v8-m.main+fp/hard/crt0.o (memset)
d:/02-tools/silabs/developer/toolchains/gnu_arm/12.2.rel1_2023.7/bin/../lib/gcc/arm-none-eabi/12.2.1/thumb/v8-m.main+fp/hard\libc_nano.a(libc_a-closer.o)
                              d:/02-tools/silabs/developer/toolchains/gnu_arm/12.2.rel1_2023.7/bin/../lib/gcc/arm-none-eabi/12.2.1/thumb/v8-m.main+fp/hard\libc_nano.a(libc_a-stdio.o) (_close_r)
d:/02-tools/silabs/developer/toolchains/gnu_arm/12.2.rel1_2023.7/bin/../lib/gcc/arm-none-eabi/12.2.1/thumb/v8-m.main+fp/hard\libc_nano.a(libc_a-reent.o)
                              d:/02-tools/silabs/developer/toolchains/gnu_arm/12.2.rel1_2023.7/bin/../lib/gcc/arm-none-eabi/12.2.1/thumb/v8-m.main+fp/hard\libc_nano.a(libc_a-closer.o) (errno)
d:/02-tools/silabs/developer/toolchains/gnu_arm/12.2.rel1_2023.7/bin/../lib/gcc/arm-none-eabi/12.2.1/thumb/v8-m.main+fp/hard\libc_nano.a(libc_a-impure.o)
[...]
Memory Configuration

Name             Origin             Length             Attributes
FLASH            0x00000000         0x0007e000         xr
RAM              0x20000000         0x00008000         xrw
*default*        0x00000000         0xffffffff

Linker script and memory map

LOAD d:/02-tools/silabs/developer/toolchains/gnu_arm/12.2.rel1_2023.7/bin/../lib/gcc/arm-none-eabi/12.2.1/thumb/v8-m.main+fp/hard/crti.o
LOAD d:/02-tools/silabs/developer/toolchains/gnu_arm/12.2.rel1_2023.7/bin/../lib/gcc/arm-none-eabi/12.2.1/thumb/v8-m.main+fp/hard/crtbegin.o
LOAD d:/02-tools/silabs/developer/toolchains/gnu_arm/12.2.rel1_2023.7/bin/../lib/gcc/arm-none-eabi/12.2.1/thumb/v8-m.main+fp/hard/crt0.o
START GROUP
LOAD ./app.o
LOAD ./driver.o
LOAD ./main.o
LOAD ./autogen/sl_board_default_init.o
LOAD ./autogen/sl_event_handler.o
LOAD ./autogen/sl_i2cspm_init.o
LOAD ./simplicity_sdk_2024.12.2/hardware/board/src/sl_board_control_gpio.o
LOAD ./simplicity_sdk_2024.12.2/hardware/board/src/sl_board_init.o
LOAD ./simplicity_sdk_2024.12.2/platform/Device/SiliconLabs/BGM22/Source/startup_bgm22.o
LOAD ./simplicity_sdk_2024.12.2/platform/Device/SiliconLabs/BGM22/Source/system_bgm22.o
LOAD ./simplicity_sdk_2024.12.2/platform/common/src/sl_assert.o
LOAD ./simplicity_sdk_2024.12.2/platform/common/src/sl_core_cortexm.o
LOAD ./simplicity_sdk_2024.12.2/platform/common/src/sl_syscalls.o
LOAD ./simplicity_sdk_2024.12.2/platform/driver/gpio/src/sl_gpio.o
LOAD ./simplicity_sdk_2024.12.2/platform/driver/i2cspm/src/sl_i2cspm.o
LOAD ./simplicity_sdk_2024.12.2/platform/driver/leddrv/src/sl_led.o
LOAD ./simplicity_sdk_2024.12.2/platform/emlib/src/em_burtc.o
LOAD ./simplicity_sdk_2024.12.2/platform/emlib/src/em_cmu.o
LOAD ./simplicity_sdk_2024.12.2/platform/emlib/src/em_core.o
LOAD ./simplicity_sdk_2024.12.2/platform/emlib/src/em_emu.o
LOAD ./simplicity_sdk_2024.12.2/platform/emlib/src/em_gpio.o
LOAD ./simplicity_sdk_2024.12.2/platform/emlib/src/em_i2c.o
LOAD ./simplicity_sdk_2024.12.2/platform/emlib/src/em_msc.o
LOAD ./simplicity_sdk_2024.12.2/platform/emlib/src/em_rtcc.o
LOAD ./simplicity_sdk_2024.12.2/platform/emlib/src/em_system.o
LOAD ./simplicity_sdk_2024.12.2/platform/emlib/src/em_timer.o
LOAD ./simplicity_sdk_2024.12.2/platform/peripheral/src/sl_hal_gpio.o
LOAD ./simplicity_sdk_2024.12.2/platform/service/clock_manager/src/sl_clock_manager.o
LOAD ./simplicity_sdk_2024.12.2/platform/service/clock_manager/src/sl_clock_manager_hal_s2.o
LOAD ./simplicity_sdk_2024.12.2/platform/service/clock_manager/src/sl_clock_manager_init.o
LOAD ./simplicity_sdk_2024.12.2/platform/service/clock_manager/src/sl_clock_manager_init_hal_s2.o
LOAD ./simplicity_sdk_2024.12.2/platform/service/device_init/src/sl_device_init_dcdc_s2.o
LOAD ./simplicity_sdk_2024.12.2/platform/service/device_init/src/sl_device_init_emu_s2.o
LOAD ./simplicity_sdk_2024.12.2/platform/service/device_manager/clocks/sl_device_clock_efr32xg22.o
LOAD ./simplicity_sdk_2024.12.2/platform/service/device_manager/devices/sl_device_peripheral_hal_efr32xg22.o
LOAD ./simplicity_sdk_2024.12.2/platform/service/device_manager/src/sl_device_clock.o
LOAD ./simplicity_sdk_2024.12.2/platform/service/device_manager/src/sl_device_gpio.o
LOAD ./simplicity_sdk_2024.12.2/platform/service/device_manager/src/sl_device_peripheral.o
LOAD ./simplicity_sdk_2024.12.2/platform/service/interrupt_manager/src/sl_interrupt_manager_cortexm.o
LOAD ./simplicity_sdk_2024.12.2/platform/service/memory_manager/src/sl_memory_manager_region.o
LOAD ./simplicity_sdk_2024.12.2/platform/service/sleeptimer/src/sl_sleeptimer.o
LOAD ./simplicity_sdk_2024.12.2/platform/service/sleeptimer/src/sl_sleeptimer_hal_burtc.o
LOAD ./simplicity_sdk_2024.12.2/platform/service/sleeptimer/src/sl_sleeptimer_hal_prortc.o
LOAD ./simplicity_sdk_2024.12.2/platform/service/sleeptimer/src/sl_sleeptimer_hal_rtcc.o
LOAD ./simplicity_sdk_2024.12.2/platform/service/sleeptimer/src/sl_sleeptimer_hal_timer.o
LOAD ./simplicity_sdk_2024.12.2/platform/service/system/src/sl_system_init.o
LOAD ./simplicity_sdk_2024.12.2/platform/service/system/src/sl_system_process_action.o
LOAD ./simplicity_sdk_2024.12.2/platform/service/udelay/src/sl_udelay.o
LOAD ./simplicity_sdk_2024.12.2/platform/service/udelay/src/sl_udelay_armv6m_gcc.o
LOAD d:/02-tools/silabs/developer/toolchains/gnu_arm/12.2.rel1_2023.7/bin/../lib/gcc/arm-none-eabi/12.2.1/thumb/v8-m.main+fp/hard\libstdc++_nano.a
LOAD d:/02-tools/silabs/developer/toolchains/gnu_arm/12.2.rel1_2023.7/bin/../lib/gcc/arm-none-eabi/12.2.1/thumb/v8-m.main+fp/hard\libgcc.a
LOAD d:/02-tools/silabs/developer/toolchains/gnu_arm/12.2.rel1_2023.7/bin/../lib/gcc/arm-none-eabi/12.2.1/thumb/v8-m.main+fp/hard\libnosys.a
END GROUP
START GROUP
LOAD d:/02-tools/silabs/developer/toolchains/gnu_arm/12.2.rel1_2023.7/bin/../lib/gcc/arm-none-eabi/12.2.1/thumb/v8-m.main+fp/hard\libgcc.a
LOAD d:/02-tools/silabs/developer/toolchains/gnu_arm/12.2.rel1_2023.7/bin/../lib/gcc/arm-none-eabi/12.2.1/thumb/v8-m.main+fp/hard\libc_nano.a
LOAD d:/02-tools/silabs/developer/toolchains/gnu_arm/12.2.rel1_2023.7/bin/../lib/gcc/arm-none-eabi/12.2.1/thumb/v8-m.main+fp/hard\libnosys.a
END GROUP
LOAD d:/02-tools/silabs/developer/toolchains/gnu_arm/12.2.rel1_2023.7/bin/../lib/gcc/arm-none-eabi/12.2.1/thumb/v8-m.main+fp/hard\libstdc++_nano.a
LOAD d:/02-tools/silabs/developer/toolchains/gnu_arm/12.2.rel1_2023.7/bin/../lib/gcc/arm-none-eabi/12.2.1/thumb/v8-m.main+fp/hard\libm.a
LOAD d:/02-tools/silabs/developer/toolchains/gnu_arm/12.2.rel1_2023.7/bin/../lib/gcc/arm-none-eabi/12.2.1/thumb/v8-m.main+fp/hard\libc_nano.a
START GROUP
LOAD d:/02-tools/silabs/developer/toolchains/gnu_arm/12.2.rel1_2023.7/bin/../lib/gcc/arm-none-eabi/12.2.1/thumb/v8-m.main+fp/hard\libgcc.a
LOAD d:/02-tools/silabs/developer/toolchains/gnu_arm/12.2.rel1_2023.7/bin/../lib/gcc/arm-none-eabi/12.2.1/thumb/v8-m.main+fp/hard\libg_nano.a
LOAD d:/02-tools/silabs/developer/toolchains/gnu_arm/12.2.rel1_2023.7/bin/../lib/gcc/arm-none-eabi/12.2.1/thumb/v8-m.main+fp/hard\libc_nano.a
END GROUP
START GROUP
LOAD d:/02-tools/silabs/developer/toolchains/gnu_arm/12.2.rel1_2023.7/bin/../lib/gcc/arm-none-eabi/12.2.1/thumb/v8-m.main+fp/hard\libgcc.a
LOAD d:/02-tools/silabs/developer/toolchains/gnu_arm/12.2.rel1_2023.7/bin/../lib/gcc/arm-none-eabi/12.2.1/thumb/v8-m.main+fp/hard\libc_nano.a
LOAD d:/02-tools/silabs/developer/toolchains/gnu_arm/12.2.rel1_2023.7/bin/../lib/gcc/arm-none-eabi/12.2.1/thumb/v8-m.main+fp/hard\libnosys.a
END GROUP
START GROUP
LOAD d:/02-tools/silabs/developer/toolchains/gnu_arm/12.2.rel1_2023.7/bin/../lib/gcc/arm-none-eabi/12.2.1/thumb/v8-m.main+fp/hard\libgcc.a
LOAD d:/02-tools/silabs/developer/toolchains/gnu_arm/12.2.rel1_2023.7/bin/../lib/gcc/arm-none-eabi/12.2.1/thumb/v8-m.main+fp/hard\libc_nano.a
LOAD d:/02-tools/silabs/developer/toolchains/gnu_arm/12.2.rel1_2023.7/bin/../lib/gcc/arm-none-eabi/12.2.1/thumb/v8-m.main+fp/hard\libnosys.a
END GROUP
LOAD d:/02-tools/silabs/developer/toolchains/gnu_arm/12.2.rel1_2023.7/bin/../lib/gcc/arm-none-eabi/12.2.1/thumb/v8-m.main+fp/hard/crtend.o
LOAD d:/02-tools/silabs/developer/toolchains/gnu_arm/12.2.rel1_2023.7/bin/../lib/gcc/arm-none-eabi/12.2.1/thumb/v8-m.main+fp/hard/crtn.o

.vectors        0x00000000      0x140
                0x00000000                linker_vectors_begin = .
 *(.vectors)
 .vectors       0x00000000      0x140 ./simplicity_sdk_2024.12.2/platform/Device/SiliconLabs/BGM22/Source/startup_bgm22.o
                0x00000000                __Vectors
                0x00000140                linker_vectors_end = .
                0x00000140                __Vectors_End = .
                0x00000140                __Vectors_Size = (__Vectors_End - __Vectors)
                0x00000140                __lma_ramfuncs_start__ = .

.stack          0x20000000     0x1000
                0x20000000                . = ALIGN (0x8)
                0x20000000                __StackLimit = .
 *(.stack*)
 .stack         0x20000000     0x1000 ./simplicity_sdk_2024.12.2/platform/service/memory_manager/src/sl_memory_manager_region.o
                0x20001000                . = ALIGN (0x4)
                0x20001000                __StackTop = .
                0x20001000                PROVIDE (__stack = __StackTop)

.bss            0x20001000      0x2f0
                0x20001000                . = ALIGN (0x4)
                0x20001000                __bss_start__ = .
 *(SORT_BY_ALIGNMENT(.bss*))
 .bss.object.0  0x20001000       0x18 d:/02-tools/silabs/developer/toolchains/gnu_arm/12.2.rel1_2023.7/bin/../lib/gcc/arm-none-eabi/12.2.1/thumb/v8-m.main+fp/hard/crtbegin.o
 .bss.gpio_interrupts
                0x20001018      0x168 ./simplicity_sdk_2024.12.2/platform/driver/gpio/src/sl_gpio.o
 .bss.i2cTransfer
                0x20001180       0x18 ./simplicity_sdk_2024.12.2/platform/emlib/src/em_i2c.o
 .bss.max_millisecond_conversion
                0x20001198        0x4 ./simplicity_sdk_2024.12.2/platform/service/sleeptimer/src/sl_sleeptimer.o
 .bss.last_delta_update_count
                0x2000119c        0x4 ./simplicity_sdk_2024.12.2/platform/service/sleeptimer/src/sl_sleeptimer.o
 .bss.timer_head
                0x200011a0        0x4 ./simplicity_sdk_2024.12.2/platform/service/sleeptimer/src/sl_sleeptimer.o
 .bss.timer_frequency
                0x200011a4        0x4 ./simplicity_sdk_2024.12.2/platform/service/sleeptimer/src/sl_sleeptimer.o
 .bss.overflow_counter
                0x200011a8        0x4 ./simplicity_sdk_2024.12.2/platform/service/sleeptimer/src/sl_sleeptimer.o
 .bss.__sf      0x200011ac      0x138 d:/02-tools/silabs/developer/toolchains/gnu_arm/12.2.rel1_2023.7/bin/../lib/gcc/arm-none-eabi/12.2.1/thumb/v8-m.main+fp/hard\libc_nano.a(libc_a-findfp.o)
                0x200011ac                __sf
 .bss.__stdio_exit_handler
                0x200012e4        0x4 d:/02-tools/silabs/developer/toolchains/gnu_arm/12.2.rel1_2023.7/bin/../lib/gcc/arm-none-eabi/12.2.1/thumb/v8-m.main+fp/hard\libc_nano.a(libc_a-findfp.o)
                0x200012e4                __stdio_exit_handler
 .bss.completed.1
                0x200012e8        0x1 d:/02-tools/silabs/developer/toolchains/gnu_arm/12.2.rel1_2023.7/bin/../lib/gcc/arm-none-eabi/12.2.1/thumb/v8-m.main+fp/hard/crtbegin.o
 .bss.pclkDiv   0x200012e9        0x1 ./simplicity_sdk_2024.12.2/platform/emlib/src/em_cmu.o
 .bss.ctuneDelta
                0x200012ea        0x1 ./simplicity_sdk_2024.12.2/platform/emlib/src/em_cmu.o
 .bss.vScaleEM01Config
                0x200012eb        0x1 ./simplicity_sdk_2024.12.2/platform/emlib/src/em_emu.o
 .bss.is_interrupt_manager_initialized
                0x200012ec        0x1 ./simplicity_sdk_2024.12.2/platform/service/interrupt_manager/src/sl_interrupt_manager_cortexm.o
 .bss.sleep_on_isr_exit
                0x200012ed        0x1 ./simplicity_sdk_2024.12.2/platform/service/sleeptimer/src/sl_sleeptimer.o
 .bss.next_timer_to_expire_is_power_manager
                0x200012ee        0x1 ./simplicity_sdk_2024.12.2/platform/service/sleeptimer/src/sl_sleeptimer.o
 .bss.is_sleeptimer_initialized
                0x200012ef        0x1 ./simplicity_sdk_2024.12.2/platform/service/sleeptimer/src/sl_sleeptimer.o
 *(COMMON)
                0x200012f0                . = ALIGN (0x4)
                0x200012f0                __bss_end__ = .

.noinit         0x200012f0        0x0
 *(.noinit*)
                0x200012f0                . = ALIGN (0x4)

text_application_ram
                0x200012f0        0x0 load address 0x00000140
                0x200012f0                . = ALIGN (0x4)
                0x200012f0                __vma_ramfuncs_start__ = .
                0x200012f0                __text_application_ram_start__ = .
 *(text_application_ram)
                0x200012f0                . = ALIGN (0x4)
                0x200012f0                __vma_ramfuncs_end__ = .
                0x200012f0                __text_application_ram_end__ = .

.rodata         0x00000140        0x0
                0x00000140                __lma_ramfuncs_end__ = .
                0x00000140                __rodata_start__ = .
                0x00000140                __rodata_end__ = .

.text           0x00000140     0x51b4
                0x00000140                linker_code_begin = .
 *(SORT_BY_ALIGNMENT(.text*))
 .text          0x00000140        0x8 ./simplicity_sdk_2024.12.2/platform/service/udelay/src/sl_udelay_armv6m_gcc.o
                0x00000140                sli_delay_loop
 .text._ZN13Haptic_Driver15setActuatorIMAXEf
                0x00000148       0x7c ./driver.o
                0x00000148                Haptic_Driver::setActuatorIMAX(float)
 *fill*         0x000001c4        0x4 
 .text._ZN13Haptic_Driver18setActuatorLRAfreqEf
                0x000001c8       0xa8 ./driver.o
                0x000001c8                Haptic_Driver::setActuatorLRAfreq(float)
 .text._ZN13Haptic_Driver20setActuatorImpedanceEf
                0x00000270       0x94 ./driver.o
                0x00000270                Haptic_Driver::setActuatorImpedance(float)
 *fill*         0x00000304        0x4 
 .text.pow      0x00000308       0xf0 d:/02-tools/silabs/developer/toolchains/gnu_arm/12.2.rel1_2023.7/bin/../lib/gcc/arm-none-eabi/12.2.1/thumb/v8-m.main+fp/hard\libm.a(libm_a-w_pow.o)
                0x00000308                pow
 .text.__ieee754_pow
                0x000003f8      0xc2c d:/02-tools/silabs/developer/toolchains/gnu_arm/12.2.rel1_2023.7/bin/../lib/gcc/arm-none-eabi/12.2.1/thumb/v8-m.main+fp/hard\libm.a(libm_a-e_pow.o)
                0x000003f8                __ieee754_pow
 *fill*         0x00001024        0x4 
 .text.scalbn   0x00001028      0x110 d:/02-tools/silabs/developer/toolchains/gnu_arm/12.2.rel1_2023.7/bin/../lib/gcc/arm-none-eabi/12.2.1/thumb/v8-m.main+fp/hard\libm.a(libm_a-s_scalbn.o)
                0x00001028                scalbn
 .text.__math_uflow
                0x00001138       0x10 d:/02-tools/silabs/developer/toolchains/gnu_arm/12.2.rel1_2023.7/bin/../lib/gcc/arm-none-eabi/12.2.1/thumb/v8-m.main+fp/hard\libm.a(libm_a-math_err.o)
                0x00001138                __math_uflow
 .text.__math_oflow
                0x00001148       0x10 d:/02-tools/silabs/developer/toolchains/gnu_arm/12.2.rel1_2023.7/bin/../lib/gcc/arm-none-eabi/12.2.1/thumb/v8-m.main+fp/hard\libm.a(libm_a-math_err.o)
                0x00001148                __math_oflow
 .text.deregister_tm_clones
                0x00001158       0x1c d:/02-tools/silabs/developer/toolchains/gnu_arm/12.2.rel1_2023.7/bin/../lib/gcc/arm-none-eabi/12.2.1/thumb/v8-m.main+fp/hard/crtbegin.o
 .text.register_tm_clones
                0x00001174       0x28 d:/02-tools/silabs/developer/toolchains/gnu_arm/12.2.rel1_2023.7/bin/../lib/gcc/arm-none-eabi/12.2.1/thumb/v8-m.main+fp/hard/crtbegin.o
 .text.__do_global_dtors_aux
                0x0000119c       0x28 d:/02-tools/silabs/developer/toolchains/gnu_arm/12.2.rel1_2023.7/bin/../lib/gcc/arm-none-eabi/12.2.1/thumb/v8-m.main+fp/hard/crtbegin.o
 .text.frame_dummy
                0x000011c4       0x24 d:/02-tools/silabs/developer/toolchains/gnu_arm/12.2.rel1_2023.7/bin/../lib/gcc/arm-none-eabi/12.2.1/thumb/v8-m.main+fp/hard/crtbegin.o
 .text          0x000011e8       0x7c d:/02-tools/silabs/developer/toolchains/gnu_arm/12.2.rel1_2023.7/bin/../lib/gcc/arm-none-eabi/12.2.1/thumb/v8-m.main+fp/hard/crt0.o
                0x000011e8                _stack_init
                0x000011f0                _start
                0x000011f0                _mainCRTStartup
 .text._ZN13Haptic_Driver18setActuatorABSVoltEf
                0x00001264       0x54 ./driver.o
                0x00001264                Haptic_Driver::setActuatorABSVolt(float)
 .text._ZN13Haptic_Driver18setActuatorNOMVoltEf
                0x000012b8       0x58 ./driver.o
                0x000012b8                Haptic_Driver::setActuatorNOMVolt(float)
 .text.startup.main
                0x00001310       0x88 ./main.o
                0x00001310                main
 .text.sl_platform_init
                0x00001398       0x54 ./autogen/sl_event_handler.o
                0x00001398                sl_platform_init
 .text.sl_i2cspm_init_instances
                0x000013ec       0x1c ./autogen/sl_i2cspm_init.o
                0x000013ec                sl_i2cspm_init_instances
 .text.sl_board_init
                0x00001408       0x14 ./simplicity_sdk_2024.12.2/hardware/board/src/sl_board_init.o
                0x00001408                sl_board_init
 .text.sl_board_preinit
                0x0000141c        0xc ./simplicity_sdk_2024.12.2/hardware/board/src/sl_board_init.o
                0x0000141c                sl_board_preinit
 .text.CopyToRam
                0x00001428       0x1c ./simplicity_sdk_2024.12.2/platform/Device/SiliconLabs/BGM22/Source/startup_bgm22.o
                0x00001428                CopyToRam
 .text.Reset_Handler
                0x00001444       0x64 ./simplicity_sdk_2024.12.2/platform/Device/SiliconLabs/BGM22/Source/startup_bgm22.o
                0x00001444                Reset_Handler
 .text.SystemInit
                0x000014a8       0x64 ./simplicity_sdk_2024.12.2/platform/Device/SiliconLabs/BGM22/Source/system_bgm22.o
                0x000014a8                SystemInit
 .text.SystemHFRCODPLLClockSet
                0x0000150c        0xc ./simplicity_sdk_2024.12.2/platform/Device/SiliconLabs/BGM22/Source/system_bgm22.o
                0x0000150c                SystemHFRCODPLLClockSet
 .text.SystemHFXOClockSet
                0x00001518       0x20 ./simplicity_sdk_2024.12.2/platform/Device/SiliconLabs/BGM22/Source/system_bgm22.o
                0x00001518                SystemHFXOClockSet
 .text.sl_gpio_dispatch_interrupt
                0x00001538       0x5c ./simplicity_sdk_2024.12.2/platform/driver/gpio/src/sl_gpio.o
 .text.sl_gpio_init
                0x00001594       0x38 ./simplicity_sdk_2024.12.2/platform/driver/gpio/src/sl_gpio.o
                0x00001594                sl_gpio_init
 .text.sl_gpio_set_pin_mode
                0x000015cc       0x84 ./simplicity_sdk_2024.12.2/platform/driver/gpio/src/sl_gpio.o
                0x000015cc                sl_gpio_set_pin_mode
 .text.sl_gpio_set_pin
                0x00001650       0x5c ./simplicity_sdk_2024.12.2/platform/driver/gpio/src/sl_gpio.o
                0x00001650                sl_gpio_set_pin
 .text.sl_gpio_clear_pin
                0x000016ac       0x5c ./simplicity_sdk_2024.12.2/platform/driver/gpio/src/sl_gpio.o
                0x000016ac                sl_gpio_clear_pin
 .text.GPIO_EVEN_IRQHandler
                0x00001708       0x20 ./simplicity_sdk_2024.12.2/platform/driver/gpio/src/sl_gpio.o
                0x00001708                GPIO_EVEN_IRQHandler
 .text.GPIO_ODD_IRQHandler
                0x00001728       0x20 ./simplicity_sdk_2024.12.2/platform/driver/gpio/src/sl_gpio.o
                0x00001728                GPIO_ODD_IRQHandler
 .text.I2CSPM_Init
                0x00001748       0xe4 ./simplicity_sdk_2024.12.2/platform/driver/i2cspm/src/sl_i2cspm.o
                0x00001748                I2CSPM_Init
 .text.I2CSPM_Transfer
                0x0000182c       0x20 ./simplicity_sdk_2024.12.2/platform/driver/i2cspm/src/sl_i2cspm.o
                0x0000182c                I2CSPM_Transfer
 .text.EMU_VScaleGet
                0x0000184c       0x18 ./simplicity_sdk_2024.12.2/platform/emlib/src/em_cmu.o
 .text.dpllRefClkGet
                0x00001864       0x48 ./simplicity_sdk_2024.12.2/platform/emlib/src/em_cmu.o
 .text.em01GrpaClkGet
                0x000018ac       0x48 ./simplicity_sdk_2024.12.2/platform/emlib/src/em_cmu.o
 .text.em23GrpaClkGet
                0x000018f4       0x48 ./simplicity_sdk_2024.12.2/platform/emlib/src/em_cmu.o
 .text.em4GrpaClkGet
                0x0000193c       0x48 ./simplicity_sdk_2024.12.2/platform/emlib/src/em_cmu.o
 .text.em01GrpbClkGet
                0x00001984       0x74 ./simplicity_sdk_2024.12.2/platform/emlib/src/em_cmu.o
 .text.iadcClkGet
                0x000019f8       0x54 ./simplicity_sdk_2024.12.2/platform/emlib/src/em_cmu.o
 .text.wdog0ClkGet
                0x00001a4c       0x64 ./simplicity_sdk_2024.12.2/platform/emlib/src/em_cmu.o
 .text.rtccClkGet
                0x00001ab0       0x54 ./simplicity_sdk_2024.12.2/platform/emlib/src/em_cmu.o
 .text.HFRCODPLLDevinfoGet
                0x00001b04      0x108 ./simplicity_sdk_2024.12.2/platform/emlib/src/em_cmu.o
 .text.euart0ClkGet
                0x00001c0c       0x48 ./simplicity_sdk_2024.12.2/platform/emlib/src/em_cmu.o
 .text.CMU_ClockDivGet
                0x00001c54       0x84 ./simplicity_sdk_2024.12.2/platform/emlib/src/em_cmu.o
                0x00001c54                CMU_ClockDivGet
 .text.flashWaitStateControl
                0x00001cd8       0x4c ./simplicity_sdk_2024.12.2/platform/emlib/src/em_cmu.o
 .text.CMU_ClockEnable
                0x00001d24       0x54 ./simplicity_sdk_2024.12.2/platform/emlib/src/em_cmu.o
                0x00001d24                CMU_ClockEnable
 .text.CMU_ClockFreqGet
                0x00001d78      0x280 ./simplicity_sdk_2024.12.2/platform/emlib/src/em_cmu.o
                0x00001d78                CMU_ClockFreqGet
 .text.rhclkPrescOptimize
                0x00001ff8       0x20 ./simplicity_sdk_2024.12.2/platform/emlib/src/em_cmu.o
 .text.CMU_ClockSelectGet
                0x00002018      0x148 ./simplicity_sdk_2024.12.2/platform/emlib/src/em_cmu.o
                0x00002018                CMU_ClockSelectGet
 .text.sli_em_cmu_SYSTICEXTCLKENClear
                0x00002160       0x30 ./simplicity_sdk_2024.12.2/platform/emlib/src/em_cmu.o
                0x00002160                sli_em_cmu_SYSTICEXTCLKENClear
 .text.CMU_HFXOInit
                0x00002190      0x1dc ./simplicity_sdk_2024.12.2/platform/emlib/src/em_cmu.o
                0x00002190                CMU_HFXOInit
 .text.CMU_HFXOCTuneDeltaGet
                0x0000236c        0xc ./simplicity_sdk_2024.12.2/platform/emlib/src/em_cmu.o
                0x0000236c                CMU_HFXOCTuneDeltaGet
 .text.CMU_LFXOInit
                0x00002378       0xc4 ./simplicity_sdk_2024.12.2/platform/emlib/src/em_cmu.o
                0x00002378                CMU_LFXOInit
 .text.CMU_LFXOPrecisionSet
                0x0000243c        0xc ./simplicity_sdk_2024.12.2/platform/emlib/src/em_cmu.o
                0x0000243c                CMU_LFXOPrecisionSet
 .text.CMU_HFXOPrecisionSet
                0x00002448        0xc ./simplicity_sdk_2024.12.2/platform/emlib/src/em_cmu.o
                0x00002448                CMU_HFXOPrecisionSet
 .text.CMU_LFRCOSetPrecision
                0x00002454       0x80 ./simplicity_sdk_2024.12.2/platform/emlib/src/em_cmu.o
                0x00002454                CMU_LFRCOSetPrecision
 .text.CMU_ClockDivSet
                0x000024d4      0x104 ./simplicity_sdk_2024.12.2/platform/emlib/src/em_cmu.o
                0x000024d4                CMU_ClockDivSet
 .text.sli_em_cmu_SYSCLKInitPreClockSelect
                0x000025d8       0x30 ./simplicity_sdk_2024.12.2/platform/emlib/src/em_cmu.o
                0x000025d8                sli_em_cmu_SYSCLKInitPreClockSelect
 .text.pclkDivOptimize
                0x00002608       0x24 ./simplicity_sdk_2024.12.2/platform/emlib/src/em_cmu.o
 .text.sli_em_cmu_SYSCLKInitPostClockSelect
                0x0000262c       0x40 ./simplicity_sdk_2024.12.2/platform/emlib/src/em_cmu.o
                0x0000262c                sli_em_cmu_SYSCLKInitPostClockSelect
 .text.CMU_HFRCODPLLBandSet
                0x0000266c      0x11c ./simplicity_sdk_2024.12.2/platform/emlib/src/em_cmu.o
                0x0000266c                CMU_HFRCODPLLBandSet
 .text.EMU_EM4Init
                0x00002788       0x14 ./simplicity_sdk_2024.12.2/platform/emlib/src/em_emu.o
                0x00002788                EMU_EM4Init
 .text.EMU_VScaleEM01
                0x0000279c       0xa8 ./simplicity_sdk_2024.12.2/platform/emlib/src/em_emu.o
                0x0000279c                EMU_VScaleEM01
 .text.EMU_VScaleEM01ByClock
                0x00002844       0x30 ./simplicity_sdk_2024.12.2/platform/emlib/src/em_emu.o
                0x00002844                EMU_VScaleEM01ByClock
 .text.EMU_DCDCModeSet
                0x00002874       0xb8 ./simplicity_sdk_2024.12.2/platform/emlib/src/em_emu.o
                0x00002874                EMU_DCDCModeSet
 .text.EMU_DCDCInit
                0x0000292c       0x74 ./simplicity_sdk_2024.12.2/platform/emlib/src/em_emu.o
                0x0000292c                EMU_DCDCInit
 .text.I2C_BusFreqSet
                0x000029a0      0x10c ./simplicity_sdk_2024.12.2/platform/emlib/src/em_i2c.o
                0x000029a0                I2C_BusFreqSet
 .text.I2C_Enable
                0x00002aac       0x3c ./simplicity_sdk_2024.12.2/platform/emlib/src/em_i2c.o
                0x00002aac                I2C_Enable
 .text.I2C_Init
                0x00002ae8       0x68 ./simplicity_sdk_2024.12.2/platform/emlib/src/em_i2c.o
                0x00002ae8                I2C_Init
 .text.I2C_Transfer
                0x00002b50      0x240 ./simplicity_sdk_2024.12.2/platform/emlib/src/em_i2c.o
                0x00002b50                I2C_Transfer
 .text.I2C_TransferInit
                0x00002d90       0xc0 ./simplicity_sdk_2024.12.2/platform/emlib/src/em_i2c.o
                0x00002d90                I2C_TransferInit
 .text.RTCC_ChannelInit
                0x00002e50       0x48 ./simplicity_sdk_2024.12.2/platform/emlib/src/em_rtcc.o
                0x00002e50                RTCC_ChannelInit
 .text.RTCC_Enable
                0x00002e98       0x54 ./simplicity_sdk_2024.12.2/platform/emlib/src/em_rtcc.o
                0x00002e98                RTCC_Enable
 .text.RTCC_Init
                0x00002eec       0x48 ./simplicity_sdk_2024.12.2/platform/emlib/src/em_rtcc.o
                0x00002eec                RTCC_Init
 .text.SYSTEM_GetProdRev
                0x00002f34       0x10 ./simplicity_sdk_2024.12.2/platform/emlib/src/em_system.o
                0x00002f34                SYSTEM_GetProdRev
 .text.sl_hal_gpio_clear_pin
                0x00002f44       0x5c ./simplicity_sdk_2024.12.2/platform/peripheral/src/sl_hal_gpio.o
                0x00002f44                sl_hal_gpio_clear_pin
 .text.sl_hal_gpio_get_enabled_pending_interrupts
                0x00002fa0       0x14 ./simplicity_sdk_2024.12.2/platform/peripheral/src/sl_hal_gpio.o
                0x00002fa0                sl_hal_gpio_get_enabled_pending_interrupts
 .text.sl_hal_gpio_set_pin_mode
                0x00002fb4       0xdc ./simplicity_sdk_2024.12.2/platform/peripheral/src/sl_hal_gpio.o
                0x00002fb4                sl_hal_gpio_set_pin_mode
 .text.sli_clock_manager_hal_enable_bus_clock
                0x00003090       0x54 ./simplicity_sdk_2024.12.2/platform/service/clock_manager/src/sl_clock_manager_hal_s2.o
                0x00003090                sli_clock_manager_hal_enable_bus_clock
 .text.sli_clock_manager_hal_init
                0x000030e4      0x1d4 ./simplicity_sdk_2024.12.2/platform/service/clock_manager/src/sl_clock_manager_init_hal_s2.o
                0x000030e4                sli_clock_manager_hal_init
 .text.sl_device_init_dcdc
                0x000032b8       0x20 ./simplicity_sdk_2024.12.2/platform/service/device_init/src/sl_device_init_dcdc_s2.o
                0x000032b8                sl_device_init_dcdc
 .text.sl_device_init_emu
                0x000032d8       0x24 ./simplicity_sdk_2024.12.2/platform/service/device_init/src/sl_device_init_emu_s2.o
                0x000032d8                sl_device_init_emu
 .text.sl_interrupt_manager_enable_irq
                0x000032fc       0x34 ./simplicity_sdk_2024.12.2/platform/service/interrupt_manager/src/sl_interrupt_manager_cortexm.o
                0x000032fc                sl_interrupt_manager_enable_irq
 .text.sl_interrupt_manager_is_irq_disabled
                0x00003330       0x30 ./simplicity_sdk_2024.12.2/platform/service/interrupt_manager/src/sl_interrupt_manager_cortexm.o
                0x00003330                sl_interrupt_manager_is_irq_disabled
 .text.sl_interrupt_manager_clear_irq_pending
                0x00003360       0x1c ./simplicity_sdk_2024.12.2/platform/service/interrupt_manager/src/sl_interrupt_manager_cortexm.o
                0x00003360                sl_interrupt_manager_clear_irq_pending
 .text.sl_interrupt_manager_set_irq_priority
                0x0000337c       0x50 ./simplicity_sdk_2024.12.2/platform/service/interrupt_manager/src/sl_interrupt_manager_cortexm.o
                0x0000337c                sl_interrupt_manager_set_irq_priority
 .text.sl_interrupt_manager_init
                0x000033cc       0x34 ./simplicity_sdk_2024.12.2/platform/service/interrupt_manager/src/sl_interrupt_manager_cortexm.o
                0x000033cc                sl_interrupt_manager_init
 .text.sl_sleeptimer_init
                0x00003400       0x74 ./simplicity_sdk_2024.12.2/platform/service/sleeptimer/src/sl_sleeptimer.o
                0x00003400                sl_sleeptimer_init
 .text.sl_sleeptimer_delay_millisecond
                0x00003474       0x38 ./simplicity_sdk_2024.12.2/platform/service/sleeptimer/src/sl_sleeptimer.o
                0x00003474                sl_sleeptimer_delay_millisecond
 .text.sleeptimer_hal_init_timer
                0x000034ac       0x84 ./simplicity_sdk_2024.12.2/platform/service/sleeptimer/src/sl_sleeptimer_hal_rtcc.o
                0x000034ac                sleeptimer_hal_init_timer
 .text.RTCC_IRQHandler
                0x00003530       0x34 ./simplicity_sdk_2024.12.2/platform/service/sleeptimer/src/sl_sleeptimer_hal_rtcc.o
                0x00003530                RTCC_IRQHandler
 .text.sl_udelay_wait
                0x00003564       0x58 ./simplicity_sdk_2024.12.2/platform/service/udelay/src/sl_udelay.o
                0x00003564                sl_udelay_wait
 .text          0x000035bc      0x378 d:/02-tools/silabs/developer/toolchains/gnu_arm/12.2.rel1_2023.7/bin/../lib/gcc/arm-none-eabi/12.2.1/thumb/v8-m.main+fp/hard\libgcc.a(_arm_addsubdf3.o)
                0x000035bc                __aeabi_drsub
                0x000035c4                __aeabi_dsub
                0x000035c4                __subdf3
                0x000035c8                __aeabi_dadd
                0x000035c8                __adddf3
                0x00003840                __floatunsidf
                0x00003840                __aeabi_ui2d
                0x00003860                __floatsidf
                0x00003860                __aeabi_i2d
                0x00003884                __aeabi_f2d
                0x00003884                __extendsfdf2
                0x000038c8                __floatundidf
                0x000038c8                __aeabi_ul2d
                0x000038d8                __floatdidf
                0x000038d8                __aeabi_l2d
 .text          0x00003934      0x424 d:/02-tools/silabs/developer/toolchains/gnu_arm/12.2.rel1_2023.7/bin/../lib/gcc/arm-none-eabi/12.2.1/thumb/v8-m.main+fp/hard\libgcc.a(_arm_muldivdf3.o)
                0x00003934                __aeabi_dmul
                0x00003934                __muldf3
                0x00003b88                __divdf3
                0x00003b88                __aeabi_ddiv
 .text          0x00003d58       0x40 d:/02-tools/silabs/developer/toolchains/gnu_arm/12.2.rel1_2023.7/bin/../lib/gcc/arm-none-eabi/12.2.1/thumb/v8-m.main+fp/hard\libgcc.a(_arm_fixunsdfsi.o)
                0x00003d58                __aeabi_d2uiz
                0x00003d58                __fixunsdfsi
 .text          0x00003d98       0xa0 d:/02-tools/silabs/developer/toolchains/gnu_arm/12.2.rel1_2023.7/bin/../lib/gcc/arm-none-eabi/12.2.1/thumb/v8-m.main+fp/hard\libgcc.a(_arm_truncdfsf2.o)
                0x00003d98                __truncdfsf2
                0x00003d98                __aeabi_d2f
 .text          0x00003e38       0x30 d:/02-tools/silabs/developer/toolchains/gnu_arm/12.2.rel1_2023.7/bin/../lib/gcc/arm-none-eabi/12.2.1/thumb/v8-m.main+fp/hard\libgcc.a(_aeabi_uldivmod.o)
                0x00003e38                __aeabi_uldivmod
 .text.__udivmoddi4
                0x00003e68      0x2ec d:/02-tools/silabs/developer/toolchains/gnu_arm/12.2.rel1_2023.7/bin/../lib/gcc/arm-none-eabi/12.2.1/thumb/v8-m.main+fp/hard\libgcc.a(_udivmoddi4.o)
                0x00003e68                __udivmoddi4
 .text          0x00004154        0x4 d:/02-tools/silabs/developer/toolchains/gnu_arm/12.2.rel1_2023.7/bin/../lib/gcc/arm-none-eabi/12.2.1/thumb/v8-m.main+fp/hard\libgcc.a(_dvmd_tls.o)
                0x00004154                __aeabi_idiv0
                0x00004154                __aeabi_ldiv0
 .text.exit     0x00004158       0x24 d:/02-tools/silabs/developer/toolchains/gnu_arm/12.2.rel1_2023.7/bin/../lib/gcc/arm-none-eabi/12.2.1/thumb/v8-m.main+fp/hard\libc_nano.a(libc_a-exit.o)
                0x00004158                exit
 .text.__libc_init_array
                0x0000417c       0x48 d:/02-tools/silabs/developer/toolchains/gnu_arm/12.2.rel1_2023.7/bin/../lib/gcc/arm-none-eabi/12.2.1/thumb/v8-m.main+fp/hard\libc_nano.a(libc_a-init.o)
                0x0000417c                __libc_init_array
 .text.finite   0x000041c4       0x1c d:/02-tools/silabs/developer/toolchains/gnu_arm/12.2.rel1_2023.7/bin/../lib/gcc/arm-none-eabi/12.2.1/thumb/v8-m.main+fp/hard\libm.a(libm_a-s_finite.o)
                0x000041c4                finite
 .text.fabs     0x000041e0       0x10 d:/02-tools/silabs/developer/toolchains/gnu_arm/12.2.rel1_2023.7/bin/../lib/gcc/arm-none-eabi/12.2.1/thumb/v8-m.main+fp/hard\libm.a(libm_a-s_fabs.o)
                0x000041e0                fabs
 .text.with_errno
                0x000041f0       0x24 d:/02-tools/silabs/developer/toolchains/gnu_arm/12.2.rel1_2023.7/bin/../lib/gcc/arm-none-eabi/12.2.1/thumb/v8-m.main+fp/hard\libm.a(libm_a-math_err.o)
 .text.xflow    0x00004214       0x38 d:/02-tools/silabs/developer/toolchains/gnu_arm/12.2.rel1_2023.7/bin/../lib/gcc/arm-none-eabi/12.2.1/thumb/v8-m.main+fp/hard\libm.a(libm_a-math_err.o)
 .text.__ieee754_sqrt
                0x0000424c      0x1f4 d:/02-tools/silabs/developer/toolchains/gnu_arm/12.2.rel1_2023.7/bin/../lib/gcc/arm-none-eabi/12.2.1/thumb/v8-m.main+fp/hard\libm.a(libm_a-e_sqrt.o)
                0x0000424c                __ieee754_sqrt
 .text.__errno  0x00004440        0xc d:/02-tools/silabs/developer/toolchains/gnu_arm/12.2.rel1_2023.7/bin/../lib/gcc/arm-none-eabi/12.2.1/thumb/v8-m.main+fp/hard\libc_nano.a(libc_a-errno.o)
                0x00004440                __errno
 .text          0x0000444c      0x110 d:/02-tools/silabs/developer/toolchains/gnu_arm/12.2.rel1_2023.7/bin/../lib/gcc/arm-none-eabi/12.2.1/thumb/v8-m.main+fp/hard\libgcc.a(_arm_cmpdf2.o)
                0x0000444c                __gtdf2
                0x0000444c                __gedf2
                0x00004454                __ltdf2
                0x00004454                __ledf2
                0x0000445c                __nedf2
                0x0000445c                __eqdf2
                0x0000445c                __cmpdf2
                0x000044d8                __aeabi_cdrcmple
                0x000044e8                __aeabi_cdcmpeq
                0x000044e8                __aeabi_cdcmple
                0x000044f8                __aeabi_dcmpeq
                0x0000450c                __aeabi_dcmplt
                0x00004520                __aeabi_dcmple
                0x00004534                __aeabi_dcmpge
                0x00004548                __aeabi_dcmpgt
 .text          0x0000455c       0x2c d:/02-tools/silabs/developer/toolchains/gnu_arm/12.2.rel1_2023.7/bin/../lib/gcc/arm-none-eabi/12.2.1/thumb/v8-m.main+fp/hard\libgcc.a(_arm_unorddf2.o)
                0x0000455c                __unorddf2
                0x0000455c                __aeabi_dcmpun
 .text._ZN13Haptic_DriverC2Eh
                0x00004588       0x20 ./driver.o
                0x00004588                Haptic_Driver::Haptic_Driver(unsigned char)
                0x00004588                Haptic_Driver::Haptic_Driver(unsigned char)
 .text._ZN13Haptic_Driver13_readRegisterEh
                0x000045a8       0x54 ./driver.o
                0x000045a8                Haptic_Driver::_readRegister(unsigned char)
 .text._ZN13Haptic_Driver5beginER11i2c_typedef
                0x000045fc       0x16 ./driver.o
                0x000045fc                Haptic_Driver::begin(i2c_typedef&)
 .text._ZN13Haptic_Driver14_writeRegisterEhhhh
                0x00004612       0x62 ./driver.o
                0x00004612                Haptic_Driver::_writeRegister(unsigned char, unsigned char, unsigned char, unsigned char)
 .text._ZN13Haptic_Driver15setActuatorTypeEh
                0x00004674       0x1e ./driver.o
                0x00004674                Haptic_Driver::setActuatorType(unsigned char)
 .text._ZN13Haptic_Driver16setMotorSettingsE14hapticSettings
                0x00004692       0x60 ./driver.o
                0x00004692                Haptic_Driver::setMotorSettings(hapticSettings)
 .text._ZN13Haptic_Driver10setVibrateEh
                0x000046f2       0x28 ./driver.o
                0x000046f2                Haptic_Driver::setVibrate(unsigned char)
 .text.sl_board_default_init
                0x0000471a        0x2 ./autogen/sl_board_default_init.o
                0x0000471a                sl_board_default_init
 .text.sl_driver_init
                0x0000471c        0xe ./autogen/sl_event_handler.o
                0x0000471c                sl_driver_init
 .text.sl_service_init
                0x0000472a        0xe ./autogen/sl_event_handler.o
                0x0000472a                sl_service_init
 .text.sl_stack_init
                0x00004738        0x2 ./autogen/sl_event_handler.o
                0x00004738                sl_stack_init
 .text.sl_internal_app_init
                0x0000473a        0x2 ./autogen/sl_event_handler.o
                0x0000473a                sl_internal_app_init
 .text.sl_board_configure_vcom
                0x0000473c        0x4 ./simplicity_sdk_2024.12.2/hardware/board/src/sl_board_control_gpio.o
                0x0000473c                sl_board_configure_vcom
 .text.Default_Handler
                0x00004740        0x2 ./simplicity_sdk_2024.12.2/platform/Device/SiliconLabs/BGM22/Source/startup_bgm22.o
                0x00004740                ULFRCO_IRQHandler
                0x00004740                SW2_IRQHandler
                0x00004740                TIMER2_IRQHandler
                0x00004740                DebugMon_Handler
                0x00004740                PKE_IRQHandler
                0x00004740                USART0_TX_IRQHandler
                0x00004740                PRORTC_IRQHandler
                0x00004740                IADC_IRQHandler
                0x00004740                I2C0_IRQHandler
                0x00004740                LFXO_IRQHandler
                0x00004740                CRYPTOACC_IRQHandler
                0x00004740                HardFault_Handler
                0x00004740                SMU_SECURE_IRQHandler
                0x00004740                SysTick_Handler
                0x00004740                USART1_RX_IRQHandler
                0x00004740                EMUEFP_IRQHandler
                0x00004740                PendSV_Handler
                0x00004740                NMI_Handler
                0x00004740                SYNTH_IRQHandler
                0x00004740                HFXO0_IRQHandler
                0x00004740                I2C1_IRQHandler
                0x00004740                PDM_IRQHandler
                0x00004740                WDOG0_IRQHandler
                0x00004740                TIMER3_IRQHandler
                0x00004740                SYSCFG_IRQHandler
                0x00004740                EMUSE_IRQHandler
                0x00004740                EMUDG_IRQHandler
                0x00004740                USART1_TX_IRQHandler
                0x00004740                MSC_IRQHandler
                0x00004740                DPLL0_IRQHandler
                0x00004740                UsageFault_Handler
                0x00004740                M33CTI1_IRQHandler
                0x00004740                TIMER4_IRQHandler
                0x00004740                LDMA_IRQHandler
                0x00004740                SW0_IRQHandler
                0x00004740                TIMER0_IRQHandler
                0x00004740                LETIMER0_IRQHandler
                0x00004740                TIMER1_IRQHandler
                0x00004740                HFRCO0_IRQHandler
                0x00004740                RFSENSE_IRQHandler
                0x00004740                SecureFault_Handler
                0x00004740                BUFC_IRQHandler
                0x00004740                DCDC_IRQHandler
                0x00004740                MODEM_IRQHandler
                0x00004740                Default_Handler
                0x00004740                RAC_SEQ_IRQHandler
                0x00004740                FRC_PRI_IRQHandler
                0x00004740                EMU_IRQHandler
                0x00004740                SW3_IRQHandler
                0x00004740                KERNEL0_IRQHandler
                0x00004740                FRC_IRQHandler
                0x00004740                KERNEL1_IRQHandler
                0x00004740                AGC_IRQHandler
                0x00004740                sl_app_properties
                0x00004740                BURTC_IRQHandler
                0x00004740                LFRCO_IRQHandler
                0x00004740                USART0_RX_IRQHandler
                0x00004740                MemManage_Handler
                0x00004740                RDMAILBOX_IRQHandler
                0x00004740                SVC_Handler
                0x00004740                SMU_S_PRIVILEGED_IRQHandler
                0x00004740                SW1_IRQHandler
                0x00004740                CMU_IRQHandler
                0x00004740                RAC_RSM_IRQHandler
                0x00004740                EUART0_TX_IRQHandler
                0x00004740                EUART0_RX_IRQHandler
                0x00004740                AES_IRQHandler
                0x00004740                M33CTI0_IRQHandler
                0x00004740                ICACHE0_IRQHandler
                0x00004740                SMU_NS_PRIVILEGED_IRQHandler
                0x00004740                PROTIMER_IRQHandler
                0x00004740                BusFault_Handler
                0x00004740                TRNG_IRQHandler
 .text.CopyInstructions
                0x00004742       0x1a ./simplicity_sdk_2024.12.2/platform/Device/SiliconLabs/BGM22/Source/startup_bgm22.o
                0x00004742                CopyInstructions
 .text.assertEFM
                0x0000475c        0x2 ./simplicity_sdk_2024.12.2/platform/common/src/sl_assert.o
                0x0000475c                assertEFM
 .text._exit    0x0000475e        0x2 ./simplicity_sdk_2024.12.2/platform/common/src/sl_syscalls.o
                0x0000475e                _exit
 .text.waitStateMax
                0x00004760       0x10 ./simplicity_sdk_2024.12.2/platform/emlib/src/em_cmu.o
 .text.CMU_UpdateWaitStates
                0x00004770        0xc ./simplicity_sdk_2024.12.2/platform/emlib/src/em_cmu.o
                0x00004770                CMU_UpdateWaitStates
 .text.pclkDivMax
                0x0000477c        0xa ./simplicity_sdk_2024.12.2/platform/emlib/src/em_cmu.o
 .text.EMU_EFPEM01VScale
                0x00004786        0x2 ./simplicity_sdk_2024.12.2/platform/emlib/src/em_emu.o
                0x00004786                EMU_EFPEM01VScale
 .text.EMU_DCDCUpdatedHook
                0x00004788        0x2 ./simplicity_sdk_2024.12.2/platform/emlib/src/em_emu.o
                0x00004788                EMU_DCDCUpdatedHook
 .text.RTCC_SyncWait
                0x0000478a       0x10 ./simplicity_sdk_2024.12.2/platform/emlib/src/em_rtcc.o
 .text.sl_hal_bus_reg_write_mask
                0x0000479a       0x1e ./simplicity_sdk_2024.12.2/platform/peripheral/src/sl_hal_gpio.o
 .text.sl_clock_manager_runtime_init
                0x000047b8        0x4 ./simplicity_sdk_2024.12.2/platform/service/clock_manager/src/sl_clock_manager.o
                0x000047b8                sl_clock_manager_runtime_init
 .text.sl_clock_manager_enable_bus_clock
                0x000047bc        0x6 ./simplicity_sdk_2024.12.2/platform/service/clock_manager/src/sl_clock_manager.o
                0x000047bc                sl_clock_manager_enable_bus_clock
 .text.sli_clock_manager_hal_runtime_init
                0x000047c2        0x4 ./simplicity_sdk_2024.12.2/platform/service/clock_manager/src/sl_clock_manager_hal_s2.o
                0x000047c2                sli_clock_manager_hal_runtime_init
 .text.sl_clock_manager_init
                0x000047c6        0x4 ./simplicity_sdk_2024.12.2/platform/service/clock_manager/src/sl_clock_manager_init.o
                0x000047c6                sl_clock_manager_init
 .text.sleeptimer_hal_presc_to_log2.constprop.0
                0x000047ca        0x4 ./simplicity_sdk_2024.12.2/platform/service/sleeptimer/src/sl_sleeptimer_hal_rtcc.o
 .text.sl_system_init
                0x000047ce       0x1a ./simplicity_sdk_2024.12.2/platform/service/system/src/sl_system_init.o
                0x000047ce                sl_system_init
 .text.memset   0x000047e8       0x10 d:/02-tools/silabs/developer/toolchains/gnu_arm/12.2.rel1_2023.7/bin/../lib/gcc/arm-none-eabi/12.2.1/thumb/v8-m.main+fp/hard\libc_nano.a(libc_a-memset.o)
                0x000047e8                memset
 *(SORT_BY_ALIGNMENT(text_*))
 text_system_timecritical19213
                0x000047f8        0xc ./simplicity_sdk_2024.12.2/platform/Device/SiliconLabs/BGM22/Source/system_bgm22.o
                0x000047f8                SystemHFRCODPLLClockGet
 text_system_timecritical20216
                0x00004804       0x40 ./simplicity_sdk_2024.12.2/platform/Device/SiliconLabs/BGM22/Source/system_bgm22.o
                0x00004804                SystemSYSCLKGet
 text_system_timecritical16169
                0x00004844       0x24 ./simplicity_sdk_2024.12.2/platform/Device/SiliconLabs/BGM22/Source/system_bgm22.o
                0x00004844                SystemHCLKGet
 text_system_timecritical21218
                0x00004868        0x8 ./simplicity_sdk_2024.12.2/platform/Device/SiliconLabs/BGM22/Source/system_bgm22.o
                0x00004868                SystemMaxCoreClockGet
 text_system_timecritical22220
                0x00004870        0x8 ./simplicity_sdk_2024.12.2/platform/Device/SiliconLabs/BGM22/Source/system_bgm22.o
                0x00004870                SystemFSRCOClockGet
 text_system_timecritical23222
                0x00004878        0xc ./simplicity_sdk_2024.12.2/platform/Device/SiliconLabs/BGM22/Source/system_bgm22.o
                0x00004878                SystemHFXOClockGet
 text_system_timecritical24225
                0x00004884        0x8 ./simplicity_sdk_2024.12.2/platform/Device/SiliconLabs/BGM22/Source/system_bgm22.o
                0x00004884                SystemCLKIN0Get
 text_system_timecritical25227
                0x0000488c        0xc ./simplicity_sdk_2024.12.2/platform/Device/SiliconLabs/BGM22/Source/system_bgm22.o
                0x0000488c                SystemLFXOClockGet
 text_hal_gpio_timecritical28416
                0x00004898       0x5c ./simplicity_sdk_2024.12.2/platform/peripheral/src/sl_hal_gpio.o
                0x00004898                sl_hal_gpio_set_pin
 text_sleeptimer_timecritical65121
                0x000048f4       0x40 ./simplicity_sdk_2024.12.2/platform/service/sleeptimer/src/sl_sleeptimer.o
 text_sleeptimer_timecritical66125
                0x00004934       0x3c ./simplicity_sdk_2024.12.2/platform/service/sleeptimer/src/sl_sleeptimer.o
 text_sleeptimer_timecritical68131
                0x00004970       0x34 ./simplicity_sdk_2024.12.2/platform/service/sleeptimer/src/sl_sleeptimer.o
 text_sleeptimer_timecritical67128
                0x000049a4       0x64 ./simplicity_sdk_2024.12.2/platform/service/sleeptimer/src/sl_sleeptimer.o
 text_sleeptimer_timecritical71140
                0x00004a08       0x88 ./simplicity_sdk_2024.12.2/platform/service/sleeptimer/src/sl_sleeptimer.o
 text_sleeptimer_timecritical33276
                0x00004a90       0x3c ./simplicity_sdk_2024.12.2/platform/service/sleeptimer/src/sl_sleeptimer.o
                0x00004a90                sl_sleeptimer_is_timer_running
 text_sleeptimer_timecritical39684
                0x00004acc       0x24 ./simplicity_sdk_2024.12.2/platform/service/sleeptimer/src/sl_sleeptimer.o
                0x00004acc                sl_sleeptimer_ms_to_tick
 text_sleeptimer_timecritical64151
                0x00004af0      0x148 ./simplicity_sdk_2024.12.2/platform/service/sleeptimer/src/sl_sleeptimer.o
                0x00004af0                process_timer_irq
 text_sleeptimer_timecritical5570
                0x00004c38       0x64 ./simplicity_sdk_2024.12.2/platform/service/sleeptimer/src/sl_sleeptimer_hal_rtcc.o
                0x00004c38                sleeptimer_hal_set_compare
 text_sleeptimer_timecritical5785
                0x00004c9c       0x20 ./simplicity_sdk_2024.12.2/platform/service/sleeptimer/src/sl_sleeptimer_hal_rtcc.o
                0x00004c9c                sleeptimer_hal_get_timer_frequency
 text_sleeptimer_timecritical59101
                0x00004cbc       0x30 ./simplicity_sdk_2024.12.2/platform/service/sleeptimer/src/sl_sleeptimer_hal_rtcc.o
                0x00004cbc                sleeptimer_hal_disable_int
 text_sleeptimer_timecritical60109
                0x00004cec       0x10 ./simplicity_sdk_2024.12.2/platform/service/sleeptimer/src/sl_sleeptimer_hal_rtcc.o
                0x00004cec                sleeptimer_hal_set_int
 text_system_timecritical26230
                0x00004cfc        0x6 ./simplicity_sdk_2024.12.2/platform/Device/SiliconLabs/BGM22/Source/system_bgm22.o
                0x00004cfc                SystemLFRCOClockGet
 text_system_timecritical27232
                0x00004d02        0x6 ./simplicity_sdk_2024.12.2/platform/Device/SiliconLabs/BGM22/Source/system_bgm22.o
                0x00004d02                SystemULFRCOClockGet
 text_core_timecritical2316
                0x00004d08        0xa ./simplicity_sdk_2024.12.2/platform/common/src/sl_core_cortexm.o
                0x00004d08                CORE_ExitCritical
 text_core_timecritical4340
                0x00004d12        0x8 ./simplicity_sdk_2024.12.2/platform/common/src/sl_core_cortexm.o
                0x00004d12                CORE_EnterCritical
 text_core_timecritical7389
                0x00004d1a        0xa ./simplicity_sdk_2024.12.2/platform/common/src/sl_core_cortexm.o
                0x00004d1a                CORE_ExitAtomic
 text_core_timecritical9421
                0x00004d24        0xc ./simplicity_sdk_2024.12.2/platform/common/src/sl_core_cortexm.o
                0x00004d24                CORE_EnterAtomic
 text_clock_manager_timecritical1352
                0x00004d30        0xa ./simplicity_sdk_2024.12.2/platform/service/clock_manager/src/sl_clock_manager.o
                0x00004d30                sl_clock_manager_get_clock_branch_frequency
 text_clock_manager_timecritical2361
                0x00004d3a       0xa8 ./simplicity_sdk_2024.12.2/platform/service/clock_manager/src/sl_clock_manager_hal_s2.o
                0x00004d3a                sli_clock_manager_hal_get_clock_branch_frequency
 text_sleeptimer_timecritical74155
                0x00004de2        0x6 ./simplicity_sdk_2024.12.2/platform/service/sleeptimer/src/sl_sleeptimer.o
 text_sleeptimer_timecritical28161
                0x00004de8       0x48 ./simplicity_sdk_2024.12.2/platform/service/sleeptimer/src/sl_sleeptimer.o
                0x00004de8                sl_sleeptimer_start_timer
 text_sleeptimer_timecritical5354
                0x00004e30        0xe ./simplicity_sdk_2024.12.2/platform/service/sleeptimer/src/sl_sleeptimer_hal_rtcc.o
                0x00004e30                sleeptimer_hal_get_counter
 text_sleeptimer_timecritical5893
                0x00004e3e       0x18 ./simplicity_sdk_2024.12.2/platform/service/sleeptimer/src/sl_sleeptimer_hal_rtcc.o
                0x00004e3e                sleeptimer_hal_enable_int
                0x00004e60                . = ALIGN (0x20)
 *fill*         0x00004e56        0xa 
                0x00004e60                linker_code_end = .
 *(.init)
 .init          0x00004e60        0x4 d:/02-tools/silabs/developer/toolchains/gnu_arm/12.2.rel1_2023.7/bin/../lib/gcc/arm-none-eabi/12.2.1/thumb/v8-m.main+fp/hard/crti.o
                0x00004e60                _init
 .init          0x00004e64        0x8 d:/02-tools/silabs/developer/toolchains/gnu_arm/12.2.rel1_2023.7/bin/../lib/gcc/arm-none-eabi/12.2.1/thumb/v8-m.main+fp/hard/crtn.o
 *(.fini)
 .fini          0x00004e6c        0x4 d:/02-tools/silabs/developer/toolchains/gnu_arm/12.2.rel1_2023.7/bin/../lib/gcc/arm-none-eabi/12.2.1/thumb/v8-m.main+fp/hard/crti.o
                0x00004e6c                _fini
 .fini          0x00004e70        0x8 d:/02-tools/silabs/developer/toolchains/gnu_arm/12.2.rel1_2023.7/bin/../lib/gcc/arm-none-eabi/12.2.1/thumb/v8-m.main+fp/hard/crtn.o
 *crtbegin.o(.ctors)
 *crtbegin?.o(.ctors)
 *(EXCLUDE_FILE(*crtend.o *crtend?.o) .ctors)
 *(SORT_BY_NAME(.ctors.*))
 *(.ctors)
 *crtbegin.o(.dtors)
 *crtbegin?.o(.dtors)
 *(EXCLUDE_FILE(*crtend.o *crtend?.o) .dtors)
 *(SORT_BY_NAME(.dtors.*))
 *(.dtors)
 *(.rodata*)
 .rodata.str1.1
                0x00004e78       0x53 ./simplicity_sdk_2024.12.2/platform/driver/gpio/src/sl_gpio.o
 .rodata.CSWTCH.74
                0x00004ecb        0x3 ./simplicity_sdk_2024.12.2/platform/driver/gpio/src/sl_gpio.o
 .rodata.I2CSPM_Init.str1.1
                0x00004ece       0x57 ./simplicity_sdk_2024.12.2/platform/driver/i2cspm/src/sl_i2cspm.o
 .rodata.em01GrpbClkGet.str1.1
                0x00004f25       0x4c ./simplicity_sdk_2024.12.2/platform/emlib/src/em_cmu.o
 .rodata.EMU_VScaleEM01.str1.1
                0x00004f71       0x4c ./simplicity_sdk_2024.12.2/platform/emlib/src/em_emu.o
 .rodata.I2C_BusFreqGet.str1.1
                0x00004fbd       0x4c ./simplicity_sdk_2024.12.2/platform/emlib/src/em_i2c.o
 .rodata.i2cNSum
                0x00005009        0x4 ./simplicity_sdk_2024.12.2/platform/emlib/src/em_i2c.o
 .rodata.RTCC_ChannelInit.str1.1
                0x0000500d       0x4d ./simplicity_sdk_2024.12.2/platform/emlib/src/em_rtcc.o
 .rodata.str1.1
                0x0000505a       0x56 ./simplicity_sdk_2024.12.2/platform/peripheral/src/sl_hal_gpio.o
 .rodata.sl_hal_gpio_set_pin_mode.str1.1
                0x000050b0       0x56 ./simplicity_sdk_2024.12.2/platform/peripheral/src/sl_hal_gpio.o
 .rodata.CSWTCH.54
                0x00005106        0x3 ./simplicity_sdk_2024.12.2/platform/peripheral/src/sl_hal_gpio.o
 .rodata.sli_clock_manager_hal_enable_bus_clock.str1.1
                0x00005109       0x4c ./simplicity_sdk_2024.12.2/platform/service/clock_manager/src/sl_clock_manager_hal_s2.o
 *fill*         0x00005155        0x3 
 .rodata        0x00005158       0x3c ./simplicity_sdk_2024.12.2/platform/service/clock_manager/src/sl_clock_manager_init_hal_s2.o
 .rodata        0x00005194        0x8 ./simplicity_sdk_2024.12.2/platform/service/device_init/src/sl_device_init_dcdc_s2.o
 .rodata.SL_BUS_CLOCK_RTCC_VALUE
                0x0000519c        0x4 ./simplicity_sdk_2024.12.2/platform/service/device_manager/clocks/sl_device_clock_efr32xg22.o
                0x0000519c                SL_BUS_CLOCK_RTCC_VALUE
 .rodata.SL_BUS_CLOCK_I2C1_VALUE
                0x000051a0        0x4 ./simplicity_sdk_2024.12.2/platform/service/device_manager/clocks/sl_device_clock_efr32xg22.o
                0x000051a0                SL_BUS_CLOCK_I2C1_VALUE
 .rodata.SL_BUS_CLOCK_I2C0_VALUE
                0x000051a4        0x4 ./simplicity_sdk_2024.12.2/platform/service/device_manager/clocks/sl_device_clock_efr32xg22.o
                0x000051a4                SL_BUS_CLOCK_I2C0_VALUE
 .rodata.SL_BUS_CLOCK_GPIO_VALUE
                0x000051a8        0x4 ./simplicity_sdk_2024.12.2/platform/service/device_manager/clocks/sl_device_clock_efr32xg22.o
                0x000051a8                SL_BUS_CLOCK_GPIO_VALUE
 .rodata.sl_peripheral_val_rtcc
                0x000051ac        0xc ./simplicity_sdk_2024.12.2/platform/service/device_manager/devices/sl_device_peripheral_hal_efr32xg22.o
                0x000051ac                sl_peripheral_val_rtcc
 .rodata.sl_interrupt_manager_disable_irq.str1.1
                0x000051b8       0x76 ./simplicity_sdk_2024.12.2/platform/service/interrupt_manager/src/sl_interrupt_manager_cortexm.o
 .rodata.str1.1
                0x0000522e       0x60 ./simplicity_sdk_2024.12.2/platform/service/sleeptimer/src/sl_sleeptimer.o
 .rodata        0x0000528e        0xb ./simplicity_sdk_2024.12.2/platform/service/sleeptimer/src/sl_sleeptimer_hal_rtcc.o
 .rodata.sl_udelay_wait.str1.1
                0x00005299       0x58 ./simplicity_sdk_2024.12.2/platform/service/udelay/src/sl_udelay.o
 *(.eh_frame*)
 *fill*         0x000052f1        0x3 
 .eh_frame      0x000052f4        0x0 d:/02-tools/silabs/developer/toolchains/gnu_arm/12.2.rel1_2023.7/bin/../lib/gcc/arm-none-eabi/12.2.1/thumb/v8-m.main+fp/hard/crtbegin.o

.glue_7         0x000052f4        0x0
 .glue_7        0x000052f4        0x0 linker stubs

.glue_7t        0x000052f4        0x0
 .glue_7t       0x000052f4        0x0 linker stubs

.vfp11_veneer   0x000052f4        0x0
 .vfp11_veneer  0x000052f4        0x0 linker stubs

.v4_bx          0x000052f4        0x0
 .v4_bx         0x000052f4        0x0 linker stubs

.iplt           0x000052f4        0x0
 .iplt          0x000052f4        0x0 d:/02-tools/silabs/developer/toolchains/gnu_arm/12.2.rel1_2023.7/bin/../lib/gcc/arm-none-eabi/12.2.1/thumb/v8-m.main+fp/hard/crtbegin.o

.ARM.extab
 *(.ARM.extab* .gnu.linkonce.armextab.*)
                0x000052f4                __exidx_start = .

.ARM.exidx      0x000052f4        0x8
 *(.ARM.exidx* .gnu.linkonce.armexidx.*)
 .ARM.exidx     0x000052f4        0x8 d:/02-tools/silabs/developer/toolchains/gnu_arm/12.2.rel1_2023.7/bin/../lib/gcc/arm-none-eabi/12.2.1/thumb/v8-m.main+fp/hard/crt0.o
                                 0x10 (size before relaxing)
 .ARM.exidx.text.__udivmoddi4
                0x000052fc        0x0 d:/02-tools/silabs/developer/toolchains/gnu_arm/12.2.rel1_2023.7/bin/../lib/gcc/arm-none-eabi/12.2.1/thumb/v8-m.main+fp/hard\libgcc.a(_udivmoddi4.o)
                                  0x8 (size before relaxing)
                0x000052fc                __exidx_end = .

.rel.dyn        0x000052fc        0x0
 .rel.iplt      0x000052fc        0x0 d:/02-tools/silabs/developer/toolchains/gnu_arm/12.2.rel1_2023.7/bin/../lib/gcc/arm-none-eabi/12.2.1/thumb/v8-m.main+fp/hard/crtbegin.o

.copy.table     0x000052fc        0xc
                0x000052fc                . = ALIGN (0x4)
                0x000052fc                __copy_table_start__ = .
                0x000052fc        0x4 LONG 0x5308 __etext
                0x00005300        0x4 LONG 0x200012f0 __data_start__
                0x00005304        0x4 LONG 0x26 ((__data_end__ - __data_start__) / 0x4)
                0x00005308                __copy_table_end__ = .

.zero.table     0x00005308        0x0
                0x00005308                . = ALIGN (0x4)
                0x00005308                __zero_table_start__ = .
                0x00005308                __zero_table_end__ = .
                0x00005308                __etext = .

.data           0x200012f0       0x98 load address 0x00005308
                0x200012f0                . = ALIGN (0x4)
                0x200012f0                __data_start__ = .
 *(vtable)
 *(SORT_BY_ALIGNMENT(.data*))
 .data.tiny     0x200012f0        0x8 d:/02-tools/silabs/developer/toolchains/gnu_arm/12.2.rel1_2023.7/bin/../lib/gcc/arm-none-eabi/12.2.1/thumb/v8-m.main+fp/hard\libm.a(libm_a-e_sqrt.o)
 .data.one      0x200012f8        0x8 d:/02-tools/silabs/developer/toolchains/gnu_arm/12.2.rel1_2023.7/bin/../lib/gcc/arm-none-eabi/12.2.1/thumb/v8-m.main+fp/hard\libm.a(libm_a-e_sqrt.o)
 .data.init_mikroe
                0x20001300       0x14 ./autogen/sl_i2cspm_init.o
                0x20001300                init_mikroe
 .data.sl_i2cspm_mikroe
                0x20001314        0x4 ./autogen/sl_i2cspm_init.o
                0x20001314                sl_i2cspm_mikroe
 .data.SystemCoreClock
                0x20001318        0x4 ./simplicity_sdk_2024.12.2/platform/Device/SiliconLabs/BGM22/Source/system_bgm22.o
                0x20001318                SystemCoreClock
 .data.SystemHFRCODPLLClock
                0x2000131c        0x4 ./simplicity_sdk_2024.12.2/platform/Device/SiliconLabs/BGM22/Source/system_bgm22.o
 .data.SystemLFXOClock
                0x20001320        0x4 ./simplicity_sdk_2024.12.2/platform/Device/SiliconLabs/BGM22/Source/system_bgm22.o
 .data.SystemHFXOClock
                0x20001324        0x4 ./simplicity_sdk_2024.12.2/platform/Device/SiliconLabs/BGM22/Source/system_bgm22.o
 .data._impure_ptr
                0x20001328        0x4 d:/02-tools/silabs/developer/toolchains/gnu_arm/12.2.rel1_2023.7/bin/../lib/gcc/arm-none-eabi/12.2.1/thumb/v8-m.main+fp/hard\libc_nano.a(libc_a-impure.o)
                0x20001328                _impure_ptr
 .data._impure_data
                0x2000132c       0x4c d:/02-tools/silabs/developer/toolchains/gnu_arm/12.2.rel1_2023.7/bin/../lib/gcc/arm-none-eabi/12.2.1/thumb/v8-m.main+fp/hard\libc_nano.a(libc_a-impure.o)
                0x2000132c                _impure_data
 .data.hfxo_precision
                0x20001378        0x2 ./simplicity_sdk_2024.12.2/platform/emlib/src/em_cmu.o
 .data.lfxo_precision
                0x2000137a        0x2 ./simplicity_sdk_2024.12.2/platform/emlib/src/em_cmu.o
 .data.cc_disabled
                0x2000137c        0x1 ./simplicity_sdk_2024.12.2/platform/service/sleeptimer/src/sl_sleeptimer_hal_rtcc.o
                0x20001380                . = ALIGN (0x4)
 *fill*         0x2000137d        0x3 
                0x20001380                . = ALIGN (0x4)
                0x20001380                PROVIDE (__preinit_array_start = .)
 *(.preinit_array)
                0x20001380                PROVIDE (__preinit_array_end = .)
                0x20001380                . = ALIGN (0x4)
                0x20001380                PROVIDE (__init_array_start = .)
 *(SORT_BY_NAME(.init_array.*))
 *(.init_array)
 .init_array    0x20001380        0x4 d:/02-tools/silabs/developer/toolchains/gnu_arm/12.2.rel1_2023.7/bin/../lib/gcc/arm-none-eabi/12.2.1/thumb/v8-m.main+fp/hard/crtbegin.o
                0x20001384                PROVIDE (__init_array_end = .)
                0x20001384                . = ALIGN (0x4)
                [!provide]                PROVIDE (__fini_array_start = .)
 *(SORT_BY_NAME(.fini_array.*))
 *(.fini_array)
 .fini_array    0x20001384        0x4 d:/02-tools/silabs/developer/toolchains/gnu_arm/12.2.rel1_2023.7/bin/../lib/gcc/arm-none-eabi/12.2.1/thumb/v8-m.main+fp/hard/crtbegin.o
                [!provide]                PROVIDE (__fini_array_end = .)
                0x20001388                . = ALIGN (0x4)
                0x20001388                __data_end__ = .
                0x20008000                heap_limit = (ORIGIN (RAM) + LENGTH (RAM))
                0x00006c78                heap_size = (heap_limit - __HeapBase)

.tm_clone_table
                0x20001388        0x0 load address 0x000053a0
 .tm_clone_table
                0x20001388        0x0 d:/02-tools/silabs/developer/toolchains/gnu_arm/12.2.rel1_2023.7/bin/../lib/gcc/arm-none-eabi/12.2.1/thumb/v8-m.main+fp/hard/crtbegin.o
 .tm_clone_table
                0x20001388        0x0 d:/02-tools/silabs/developer/toolchains/gnu_arm/12.2.rel1_2023.7/bin/../lib/gcc/arm-none-eabi/12.2.1/thumb/v8-m.main+fp/hard/crtend.o

.igot.plt       0x20001388        0x0 load address 0x000053a0
 .igot.plt      0x20001388        0x0 d:/02-tools/silabs/developer/toolchains/gnu_arm/12.2.rel1_2023.7/bin/../lib/gcc/arm-none-eabi/12.2.1/thumb/v8-m.main+fp/hard/crtbegin.o

.heap           0x20001388     0x6c78 load address 0x000053a0
                0x20001388                . = ALIGN (0x8)
                0x20001388                __HeapBase = .
                0x20008000                . = (. + heap_size)
 *fill*         0x20001388     0x6c78 
                0x20008000                __end__ = .
                0x20008000                end = __end__
                0x20008000                _end = __end__
 *(.heap*)
                0x20008000                __HeapLimit = (ORIGIN (RAM) + LENGTH (RAM))
                0x00006c78                __heap_size = (__HeapLimit - __HeapBase)
                0x20008000                __ram_end__ = 0x20008000
                0x0007e000                __main_flash_end__ = 0x7e000

.internal_storage
 *(.internal_storage*)

.nvm
 *(.simee*)
                0x200012f0                __ramfuncs_start__ = __vma_ramfuncs_start__
                0x200012f0                __ramfuncs_end__ = __vma_ramfuncs_end__
                0x0007e000                linker_nvm_end = __main_flash_end__
                0x0007e000                linker_nvm_begin = (linker_nvm_end - SIZEOF (.nvm))
                0x0007e000                linker_storage_end = linker_nvm_begin
                0x0007e000                __nvm3Base = linker_nvm_begin
                0x0007e000                linker_storage_begin = (linker_storage_end - SIZEOF (.internal_storage))
                0x00000001                ASSERT ((linker_storage_begin >= (__etext + SIZEOF (.data))), FLASH memory overflowed !)
OUTPUT(bgm_proj.axf elf32-littlearm)
LOAD linker stubs

.ARM.attributes
                0x00000000       0x36
 .ARM.attributes
                0x00000000       0x26 d:/02-tools/silabs/developer/toolchains/gnu_arm/12.2.rel1_2023.7/bin/../lib/gcc/arm-none-eabi/12.2.1/thumb/v8-m.main+fp/hard/crti.o
 .ARM.attributes
                0x00000026       0x38 d:/02-tools/silabs/developer/toolchains/gnu_arm/12.2.rel1_2023.7/bin/../lib/gcc/arm-none-eabi/12.2.1/thumb/v8-m.main+fp/hard/crtbegin.o
 .ARM.attributes
                0x0000005e       0x24 d:/02-tools/silabs/developer/toolchains/gnu_arm/12.2.rel1_2023.7/bin/../lib/gcc/arm-none-eabi/12.2.1/thumb/v8-m.main+fp/hard/crt0.o
 .ARM.attributes
                0x00000082       0x3a ./driver.o
 .ARM.attributes
                0x000000bc       0x3a ./main.o
 .ARM.attributes
                0x000000f6       0x3a ./autogen/sl_board_default_init.o
 .ARM.attributes
                0x00000130       0x3a ./autogen/sl_event_handler.o
 .ARM.attributes
                0x0000016a       0x3a ./autogen/sl_i2cspm_init.o
 .ARM.attributes
                0x000001a4       0x3a ./simplicity_sdk_2024.12.2/hardware/board/src/sl_board_control_gpio.o
 .ARM.attributes
                0x000001de       0x3a ./simplicity_sdk_2024.12.2/hardware/board/src/sl_board_init.o
 .ARM.attributes
                0x00000218       0x3a ./simplicity_sdk_2024.12.2/platform/Device/SiliconLabs/BGM22/Source/startup_bgm22.o
 .ARM.attributes
                0x00000252       0x3a ./simplicity_sdk_2024.12.2/platform/Device/SiliconLabs/BGM22/Source/system_bgm22.o
 .ARM.attributes
                0x0000028c       0x3a ./simplicity_sdk_2024.12.2/platform/common/src/sl_assert.o
 .ARM.attributes
                0x000002c6       0x3a ./simplicity_sdk_2024.12.2/platform/common/src/sl_core_cortexm.o
 .ARM.attributes
                0x00000300       0x3a ./simplicity_sdk_2024.12.2/platform/common/src/sl_syscalls.o
 .ARM.attributes
                0x0000033a       0x3a ./simplicity_sdk_2024.12.2/platform/driver/gpio/src/sl_gpio.o
 .ARM.attributes
                0x00000374       0x3a ./simplicity_sdk_2024.12.2/platform/driver/i2cspm/src/sl_i2cspm.o
 .ARM.attributes
                0x000003ae       0x3a ./simplicity_sdk_2024.12.2/platform/emlib/src/em_cmu.o
 .ARM.attributes
                0x000003e8       0x3a ./simplicity_sdk_2024.12.2/platform/emlib/src/em_emu.o
 .ARM.attributes
                0x00000422       0x3a ./simplicity_sdk_2024.12.2/platform/emlib/src/em_i2c.o
 .ARM.attributes
                0x0000045c       0x3a ./simplicity_sdk_2024.12.2/platform/emlib/src/em_rtcc.o
 .ARM.attributes
                0x00000496       0x3a ./simplicity_sdk_2024.12.2/platform/emlib/src/em_system.o
 .ARM.attributes
                0x000004d0       0x3a ./simplicity_sdk_2024.12.2/platform/peripheral/src/sl_hal_gpio.o
 .ARM.attributes
                0x0000050a       0x3a ./simplicity_sdk_2024.12.2/platform/service/clock_manager/src/sl_clock_manager.o
 .ARM.attributes
                0x00000544       0x3a ./simplicity_sdk_2024.12.2/platform/service/clock_manager/src/sl_clock_manager_hal_s2.o
 .ARM.attributes
                0x0000057e       0x3a ./simplicity_sdk_2024.12.2/platform/service/clock_manager/src/sl_clock_manager_init.o
 .ARM.attributes
                0x000005b8       0x3a ./simplicity_sdk_2024.12.2/platform/service/clock_manager/src/sl_clock_manager_init_hal_s2.o
 .ARM.attributes
                0x000005f2       0x3a ./simplicity_sdk_2024.12.2/platform/service/device_init/src/sl_device_init_dcdc_s2.o
 .ARM.attributes
                0x0000062c       0x3a ./simplicity_sdk_2024.12.2/platform/service/device_init/src/sl_device_init_emu_s2.o
 .ARM.attributes
                0x00000666       0x3a ./simplicity_sdk_2024.12.2/platform/service/device_manager/clocks/sl_device_clock_efr32xg22.o
 .ARM.attributes
                0x000006a0       0x3a ./simplicity_sdk_2024.12.2/platform/service/device_manager/devices/sl_device_peripheral_hal_efr32xg22.o
 .ARM.attributes
                0x000006da       0x3a ./simplicity_sdk_2024.12.2/platform/service/interrupt_manager/src/sl_interrupt_manager_cortexm.o
 .ARM.attributes
                0x00000714       0x3a ./simplicity_sdk_2024.12.2/platform/service/memory_manager/src/sl_memory_manager_region.o
 .ARM.attributes
                0x0000074e       0x3a ./simplicity_sdk_2024.12.2/platform/service/sleeptimer/src/sl_sleeptimer.o
 .ARM.attributes
                0x00000788       0x3a ./simplicity_sdk_2024.12.2/platform/service/sleeptimer/src/sl_sleeptimer_hal_rtcc.o
 .ARM.attributes
                0x000007c2       0x3a ./simplicity_sdk_2024.12.2/platform/service/system/src/sl_system_init.o
 .ARM.attributes
                0x000007fc       0x3a ./simplicity_sdk_2024.12.2/platform/service/udelay/src/sl_udelay.o
 .ARM.attributes
                0x00000836       0x26 ./simplicity_sdk_2024.12.2/platform/service/udelay/src/sl_udelay_armv6m_gcc.o
 .ARM.attributes
                0x0000085c       0x26 d:/02-tools/silabs/developer/toolchains/gnu_arm/12.2.rel1_2023.7/bin/../lib/gcc/arm-none-eabi/12.2.1/thumb/v8-m.main+fp/hard\libgcc.a(_arm_addsubdf3.o)
 .ARM.attributes
                0x00000882       0x26 d:/02-tools/silabs/developer/toolchains/gnu_arm/12.2.rel1_2023.7/bin/../lib/gcc/arm-none-eabi/12.2.1/thumb/v8-m.main+fp/hard\libgcc.a(_arm_muldivdf3.o)
 .ARM.attributes
                0x000008a8       0x26 d:/02-tools/silabs/developer/toolchains/gnu_arm/12.2.rel1_2023.7/bin/../lib/gcc/arm-none-eabi/12.2.1/thumb/v8-m.main+fp/hard\libgcc.a(_arm_fixunsdfsi.o)
 .ARM.attributes
                0x000008ce       0x26 d:/02-tools/silabs/developer/toolchains/gnu_arm/12.2.rel1_2023.7/bin/../lib/gcc/arm-none-eabi/12.2.1/thumb/v8-m.main+fp/hard\libgcc.a(_arm_truncdfsf2.o)
 .ARM.attributes
                0x000008f4       0x26 d:/02-tools/silabs/developer/toolchains/gnu_arm/12.2.rel1_2023.7/bin/../lib/gcc/arm-none-eabi/12.2.1/thumb/v8-m.main+fp/hard\libgcc.a(_aeabi_uldivmod.o)
 .ARM.attributes
                0x0000091a       0x38 d:/02-tools/silabs/developer/toolchains/gnu_arm/12.2.rel1_2023.7/bin/../lib/gcc/arm-none-eabi/12.2.1/thumb/v8-m.main+fp/hard\libgcc.a(_udivmoddi4.o)
 .ARM.attributes
                0x00000952       0x26 d:/02-tools/silabs/developer/toolchains/gnu_arm/12.2.rel1_2023.7/bin/../lib/gcc/arm-none-eabi/12.2.1/thumb/v8-m.main+fp/hard\libgcc.a(_dvmd_tls.o)
 .ARM.attributes
                0x00000978       0x38 d:/02-tools/silabs/developer/toolchains/gnu_arm/12.2.rel1_2023.7/bin/../lib/gcc/arm-none-eabi/12.2.1/thumb/v8-m.main+fp/hard\libc_nano.a(libc_a-exit.o)
 .ARM.attributes
                0x000009b0       0x38 d:/02-tools/silabs/developer/toolchains/gnu_arm/12.2.rel1_2023.7/bin/../lib/gcc/arm-none-eabi/12.2.1/thumb/v8-m.main+fp/hard\libc_nano.a(libc_a-findfp.o)
 .ARM.attributes
                0x000009e8       0x38 d:/02-tools/silabs/developer/toolchains/gnu_arm/12.2.rel1_2023.7/bin/../lib/gcc/arm-none-eabi/12.2.1/thumb/v8-m.main+fp/hard\libc_nano.a(libc_a-memset.o)
 .ARM.attributes
                0x00000a20       0x38 d:/02-tools/silabs/developer/toolchains/gnu_arm/12.2.rel1_2023.7/bin/../lib/gcc/arm-none-eabi/12.2.1/thumb/v8-m.main+fp/hard\libc_nano.a(libc_a-impure.o)
 .ARM.attributes
                0x00000a58       0x38 d:/02-tools/silabs/developer/toolchains/gnu_arm/12.2.rel1_2023.7/bin/../lib/gcc/arm-none-eabi/12.2.1/thumb/v8-m.main+fp/hard\libc_nano.a(libc_a-init.o)
 .ARM.attributes
                0x00000a90       0x38 d:/02-tools/silabs/developer/toolchains/gnu_arm/12.2.rel1_2023.7/bin/../lib/gcc/arm-none-eabi/12.2.1/thumb/v8-m.main+fp/hard\libm.a(libm_a-w_pow.o)
 .ARM.attributes
                0x00000ac8       0x38 d:/02-tools/silabs/developer/toolchains/gnu_arm/12.2.rel1_2023.7/bin/../lib/gcc/arm-none-eabi/12.2.1/thumb/v8-m.main+fp/hard\libm.a(libm_a-s_finite.o)
 .ARM.attributes
                0x00000b00       0x38 d:/02-tools/silabs/developer/toolchains/gnu_arm/12.2.rel1_2023.7/bin/../lib/gcc/arm-none-eabi/12.2.1/thumb/v8-m.main+fp/hard\libm.a(libm_a-e_pow.o)
 .ARM.attributes
                0x00000b38       0x38 d:/02-tools/silabs/developer/toolchains/gnu_arm/12.2.rel1_2023.7/bin/../lib/gcc/arm-none-eabi/12.2.1/thumb/v8-m.main+fp/hard\libm.a(libm_a-s_fabs.o)
 .ARM.attributes
                0x00000b70       0x38 d:/02-tools/silabs/developer/toolchains/gnu_arm/12.2.rel1_2023.7/bin/../lib/gcc/arm-none-eabi/12.2.1/thumb/v8-m.main+fp/hard\libm.a(libm_a-s_scalbn.o)
 .ARM.attributes
                0x00000ba8       0x38 d:/02-tools/silabs/developer/toolchains/gnu_arm/12.2.rel1_2023.7/bin/../lib/gcc/arm-none-eabi/12.2.1/thumb/v8-m.main+fp/hard\libm.a(libm_a-math_err.o)
 .ARM.attributes
                0x00000be0       0x38 d:/02-tools/silabs/developer/toolchains/gnu_arm/12.2.rel1_2023.7/bin/../lib/gcc/arm-none-eabi/12.2.1/thumb/v8-m.main+fp/hard\libm.a(libm_a-e_sqrt.o)
 .ARM.attributes
                0x00000c18       0x38 d:/02-tools/silabs/developer/toolchains/gnu_arm/12.2.rel1_2023.7/bin/../lib/gcc/arm-none-eabi/12.2.1/thumb/v8-m.main+fp/hard\libc_nano.a(libc_a-errno.o)
 .ARM.attributes
                0x00000c50       0x26 d:/02-tools/silabs/developer/toolchains/gnu_arm/12.2.rel1_2023.7/bin/../lib/gcc/arm-none-eabi/12.2.1/thumb/v8-m.main+fp/hard\libgcc.a(_arm_cmpdf2.o)
 .ARM.attributes
                0x00000c76       0x26 d:/02-tools/silabs/developer/toolchains/gnu_arm/12.2.rel1_2023.7/bin/../lib/gcc/arm-none-eabi/12.2.1/thumb/v8-m.main+fp/hard\libgcc.a(_arm_unorddf2.o)
 .ARM.attributes
                0x00000c9c       0x38 d:/02-tools/silabs/developer/toolchains/gnu_arm/12.2.rel1_2023.7/bin/../lib/gcc/arm-none-eabi/12.2.1/thumb/v8-m.main+fp/hard/crtend.o
 .ARM.attributes
                0x00000cd4       0x26 d:/02-tools/silabs/developer/toolchains/gnu_arm/12.2.rel1_2023.7/bin/../lib/gcc/arm-none-eabi/12.2.1/thumb/v8-m.main+fp/hard/crtn.o

.comment        0x00000000       0x45
 .comment       0x00000000       0x45 ./driver.o
                                 0x46 (size before relaxing)
 .comment       0x00000045       0x46 ./main.o
 .comment       0x00000045       0x46 ./autogen/sl_board_default_init.o
 .comment       0x00000045       0x46 ./autogen/sl_event_handler.o
 .comment       0x00000045       0x46 ./autogen/sl_i2cspm_init.o
 .comment       0x00000045       0x46 ./simplicity_sdk_2024.12.2/hardware/board/src/sl_board_control_gpio.o
 .comment       0x00000045       0x46 ./simplicity_sdk_2024.12.2/hardware/board/src/sl_board_init.o
 .comment       0x00000045       0x46 ./simplicity_sdk_2024.12.2/platform/Device/SiliconLabs/BGM22/Source/startup_bgm22.o
 .comment       0x00000045       0x46 ./simplicity_sdk_2024.12.2/platform/Device/SiliconLabs/BGM22/Source/system_bgm22.o
 .comment       0x00000045       0x46 ./simplicity_sdk_2024.12.2/platform/common/src/sl_assert.o
 .comment       0x00000045       0x46 ./simplicity_sdk_2024.12.2/platform/common/src/sl_core_cortexm.o
 .comment       0x00000045       0x46 ./simplicity_sdk_2024.12.2/platform/common/src/sl_syscalls.o
 .comment       0x00000045       0x46 ./simplicity_sdk_2024.12.2/platform/driver/gpio/src/sl_gpio.o
 .comment       0x00000045       0x46 ./simplicity_sdk_2024.12.2/platform/driver/i2cspm/src/sl_i2cspm.o
 .comment       0x00000045       0x46 ./simplicity_sdk_2024.12.2/platform/emlib/src/em_cmu.o
 .comment       0x00000045       0x46 ./simplicity_sdk_2024.12.2/platform/emlib/src/em_emu.o
 .comment       0x00000045       0x46 ./simplicity_sdk_2024.12.2/platform/emlib/src/em_i2c.o
 .comment       0x00000045       0x46 ./simplicity_sdk_2024.12.2/platform/emlib/src/em_rtcc.o
 .comment       0x00000045       0x46 ./simplicity_sdk_2024.12.2/platform/emlib/src/em_system.o
 .comment       0x00000045       0x46 ./simplicity_sdk_2024.12.2/platform/peripheral/src/sl_hal_gpio.o
 .comment       0x00000045       0x46 ./simplicity_sdk_2024.12.2/platform/service/clock_manager/src/sl_clock_manager.o
 .comment       0x00000045       0x46 ./simplicity_sdk_2024.12.2/platform/service/clock_manager/src/sl_clock_manager_hal_s2.o
 .comment       0x00000045       0x46 ./simplicity_sdk_2024.12.2/platform/service/clock_manager/src/sl_clock_manager_init.o
 .comment       0x00000045       0x46 ./simplicity_sdk_2024.12.2/platform/service/clock_manager/src/sl_clock_manager_init_hal_s2.o
 .comment       0x00000045       0x46 ./simplicity_sdk_2024.12.2/platform/service/device_init/src/sl_device_init_dcdc_s2.o
 .comment       0x00000045       0x46 ./simplicity_sdk_2024.12.2/platform/service/device_init/src/sl_device_init_emu_s2.o
 .comment       0x00000045       0x46 ./simplicity_sdk_2024.12.2/platform/service/device_manager/clocks/sl_device_clock_efr32xg22.o
 .comment       0x00000045       0x46 ./simplicity_sdk_2024.12.2/platform/service/device_manager/devices/sl_device_peripheral_hal_efr32xg22.o
 .comment       0x00000045       0x46 ./simplicity_sdk_2024.12.2/platform/service/interrupt_manager/src/sl_interrupt_manager_cortexm.o
 .comment       0x00000045       0x46 ./simplicity_sdk_2024.12.2/platform/service/memory_manager/src/sl_memory_manager_region.o
 .comment       0x00000045       0x46 ./simplicity_sdk_2024.12.2/platform/service/sleeptimer/src/sl_sleeptimer.o
 .comment       0x00000045       0x46 ./simplicity_sdk_2024.12.2/platform/service/sleeptimer/src/sl_sleeptimer_hal_rtcc.o
 .comment       0x00000045       0x46 ./simplicity_sdk_2024.12.2/platform/service/system/src/sl_system_init.o
 .comment       0x00000045       0x46 ./simplicity_sdk_2024.12.2/platform/service/udelay/src/sl_udelay.o

.debug_line_str
                0x00000000      0x1cd
 .debug_line_str
                0x00000000       0xe7 d:/02-tools/silabs/developer/toolchains/gnu_arm/12.2.rel1_2023.7/bin/../lib/gcc/arm-none-eabi/12.2.1/thumb/v8-m.main+fp/hard/crt0.o
 .debug_line_str
                0x000000e7       0xd2 d:/02-tools/silabs/developer/toolchains/gnu_arm/12.2.rel1_2023.7/bin/../lib/gcc/arm-none-eabi/12.2.1/thumb/v8-m.main+fp/hard\libgcc.a(_arm_addsubdf3.o)
 .debug_line_str
                0x000001b9       0xd2 d:/02-tools/silabs/developer/toolchains/gnu_arm/12.2.rel1_2023.7/bin/../lib/gcc/arm-none-eabi/12.2.1/thumb/v8-m.main+fp/hard\libgcc.a(_arm_muldivdf3.o)
 .debug_line_str
                0x000001b9       0xd2 d:/02-tools/silabs/developer/toolchains/gnu_arm/12.2.rel1_2023.7/bin/../lib/gcc/arm-none-eabi/12.2.1/thumb/v8-m.main+fp/hard\libgcc.a(_arm_fixunsdfsi.o)
 .debug_line_str
                0x000001b9       0xd2 d:/02-tools/silabs/developer/toolchains/gnu_arm/12.2.rel1_2023.7/bin/../lib/gcc/arm-none-eabi/12.2.1/thumb/v8-m.main+fp/hard\libgcc.a(_arm_truncdfsf2.o)
 .debug_line_str
                0x000001b9        0x8 d:/02-tools/silabs/developer/toolchains/gnu_arm/12.2.rel1_2023.7/bin/../lib/gcc/arm-none-eabi/12.2.1/thumb/v8-m.main+fp/hard\libgcc.a(_aeabi_uldivmod.o)
                                 0xcd (size before relaxing)
 .debug_line_str
                0x000001c1        0xc d:/02-tools/silabs/developer/toolchains/gnu_arm/12.2.rel1_2023.7/bin/../lib/gcc/arm-none-eabi/12.2.1/thumb/v8-m.main+fp/hard\libgcc.a(_dvmd_tls.o)
                                 0xd1 (size before relaxing)
 .debug_line_str
                0x000001cd       0xd2 d:/02-tools/silabs/developer/toolchains/gnu_arm/12.2.rel1_2023.7/bin/../lib/gcc/arm-none-eabi/12.2.1/thumb/v8-m.main+fp/hard\libgcc.a(_arm_cmpdf2.o)
 .debug_line_str
                0x000001cd       0xd2 d:/02-tools/silabs/developer/toolchains/gnu_arm/12.2.rel1_2023.7/bin/../lib/gcc/arm-none-eabi/12.2.1/thumb/v8-m.main+fp/hard\libgcc.a(_arm_unorddf2.o)

.debug_info     0x00000000    0x30b75
 .debug_info    0x00000000     0x61ea ./driver.o
 .debug_info    0x000061ea     0x1717 ./main.o
 .debug_info    0x00007901       0x86 ./autogen/sl_board_default_init.o
 .debug_info    0x00007987      0xef1 ./autogen/sl_event_handler.o
 .debug_info    0x00008878      0x73f ./autogen/sl_i2cspm_init.o
 .debug_info    0x00008fb7      0x3c2 ./simplicity_sdk_2024.12.2/hardware/board/src/sl_board_control_gpio.o
 .debug_info    0x00009379      0x13f ./simplicity_sdk_2024.12.2/hardware/board/src/sl_board_init.o
 .debug_info    0x000094b8      0x3f4 ./simplicity_sdk_2024.12.2/platform/Device/SiliconLabs/BGM22/Source/startup_bgm22.o
 .debug_info    0x000098ac     0x1e26 ./simplicity_sdk_2024.12.2/platform/Device/SiliconLabs/BGM22/Source/system_bgm22.o
 .debug_info    0x0000b6d2       0x86 ./simplicity_sdk_2024.12.2/platform/common/src/sl_assert.o
 .debug_info    0x0000b758      0x9d3 ./simplicity_sdk_2024.12.2/platform/common/src/sl_core_cortexm.o
 .debug_info    0x0000c12b      0x2c7 ./simplicity_sdk_2024.12.2/platform/common/src/sl_syscalls.o
 .debug_info    0x0000c3f2     0x37cd ./simplicity_sdk_2024.12.2/platform/driver/gpio/src/sl_gpio.o
 .debug_info    0x0000fbbf     0x1ccf ./simplicity_sdk_2024.12.2/platform/driver/i2cspm/src/sl_i2cspm.o
 .debug_info    0x0001188e     0x79ec ./simplicity_sdk_2024.12.2/platform/emlib/src/em_cmu.o
 .debug_info    0x0001927a     0x4cb7 ./simplicity_sdk_2024.12.2/platform/emlib/src/em_emu.o
 .debug_info    0x0001df31     0x1411 ./simplicity_sdk_2024.12.2/platform/emlib/src/em_i2c.o
 .debug_info    0x0001f342     0x1f49 ./simplicity_sdk_2024.12.2/platform/emlib/src/em_rtcc.o
 .debug_info    0x0002128b     0x1b89 ./simplicity_sdk_2024.12.2/platform/emlib/src/em_system.o
 .debug_info    0x00022e14     0x2cef ./simplicity_sdk_2024.12.2/platform/peripheral/src/sl_hal_gpio.o
 .debug_info    0x00025b03      0xbe6 ./simplicity_sdk_2024.12.2/platform/service/clock_manager/src/sl_clock_manager.o
 .debug_info    0x000266e9     0x289c ./simplicity_sdk_2024.12.2/platform/service/clock_manager/src/sl_clock_manager_hal_s2.o
 .debug_info    0x00028f85       0xc9 ./simplicity_sdk_2024.12.2/platform/service/clock_manager/src/sl_clock_manager_init.o
 .debug_info    0x0002904e     0x1ba2 ./simplicity_sdk_2024.12.2/platform/service/clock_manager/src/sl_clock_manager_init_hal_s2.o
 .debug_info    0x0002abf0      0x2c7 ./simplicity_sdk_2024.12.2/platform/service/device_init/src/sl_device_init_dcdc_s2.o
 .debug_info    0x0002aeb7      0x9b9 ./simplicity_sdk_2024.12.2/platform/service/device_init/src/sl_device_init_emu_s2.o
 .debug_info    0x0002b870      0x650 ./simplicity_sdk_2024.12.2/platform/service/device_manager/clocks/sl_device_clock_efr32xg22.o
 .debug_info    0x0002bec0      0x887 ./simplicity_sdk_2024.12.2/platform/service/device_manager/devices/sl_device_peripheral_hal_efr32xg22.o
 .debug_info    0x0002c747     0x104c ./simplicity_sdk_2024.12.2/platform/service/interrupt_manager/src/sl_interrupt_manager_cortexm.o
 .debug_info    0x0002d793      0x1e8 ./simplicity_sdk_2024.12.2/platform/service/memory_manager/src/sl_memory_manager_region.o
 .debug_info    0x0002d97b     0x19e7 ./simplicity_sdk_2024.12.2/platform/service/sleeptimer/src/sl_sleeptimer.o
 .debug_info    0x0002f362     0x15a0 ./simplicity_sdk_2024.12.2/platform/service/sleeptimer/src/sl_sleeptimer_hal_rtcc.o
 .debug_info    0x00030902       0xa7 ./simplicity_sdk_2024.12.2/platform/service/system/src/sl_system_init.o
 .debug_info    0x000309a9      0x1a6 ./simplicity_sdk_2024.12.2/platform/service/udelay/src/sl_udelay.o
 .debug_info    0x00030b4f       0x26 ./simplicity_sdk_2024.12.2/platform/service/udelay/src/sl_udelay_armv6m_gcc.o

.debug_abbrev   0x00000000     0x54ba
 .debug_abbrev  0x00000000      0x5c8 ./driver.o
 .debug_abbrev  0x000005c8      0x31f ./main.o
 .debug_abbrev  0x000008e7       0x46 ./autogen/sl_board_default_init.o
 .debug_abbrev  0x0000092d      0x1a4 ./autogen/sl_event_handler.o
 .debug_abbrev  0x00000ad1      0x17e ./autogen/sl_i2cspm_init.o
 .debug_abbrev  0x00000c4f      0x185 ./simplicity_sdk_2024.12.2/hardware/board/src/sl_board_control_gpio.o
 .debug_abbrev  0x00000dd4       0xed ./simplicity_sdk_2024.12.2/hardware/board/src/sl_board_init.o
 .debug_abbrev  0x00000ec1      0x260 ./simplicity_sdk_2024.12.2/platform/Device/SiliconLabs/BGM22/Source/startup_bgm22.o
 .debug_abbrev  0x00001121      0x30d ./simplicity_sdk_2024.12.2/platform/Device/SiliconLabs/BGM22/Source/system_bgm22.o
 .debug_abbrev  0x0000142e       0x6c ./simplicity_sdk_2024.12.2/platform/common/src/sl_assert.o
 .debug_abbrev  0x0000149a      0x27b ./simplicity_sdk_2024.12.2/platform/common/src/sl_core_cortexm.o
 .debug_abbrev  0x00001715      0x143 ./simplicity_sdk_2024.12.2/platform/common/src/sl_syscalls.o
 .debug_abbrev  0x00001858      0x473 ./simplicity_sdk_2024.12.2/platform/driver/gpio/src/sl_gpio.o
 .debug_abbrev  0x00001ccb      0x2a7 ./simplicity_sdk_2024.12.2/platform/driver/i2cspm/src/sl_i2cspm.o
 .debug_abbrev  0x00001f72      0x5d7 ./simplicity_sdk_2024.12.2/platform/emlib/src/em_cmu.o
 .debug_abbrev  0x00002549      0x563 ./simplicity_sdk_2024.12.2/platform/emlib/src/em_emu.o
 .debug_abbrev  0x00002aac      0x43b ./simplicity_sdk_2024.12.2/platform/emlib/src/em_i2c.o
 .debug_abbrev  0x00002ee7      0x27b ./simplicity_sdk_2024.12.2/platform/emlib/src/em_rtcc.o
 .debug_abbrev  0x00003162      0x2b9 ./simplicity_sdk_2024.12.2/platform/emlib/src/em_system.o
 .debug_abbrev  0x0000341b      0x4db ./simplicity_sdk_2024.12.2/platform/peripheral/src/sl_hal_gpio.o
 .debug_abbrev  0x000038f6      0x1ba ./simplicity_sdk_2024.12.2/platform/service/clock_manager/src/sl_clock_manager.o
 .debug_abbrev  0x00003ab0      0x40d ./simplicity_sdk_2024.12.2/platform/service/clock_manager/src/sl_clock_manager_hal_s2.o
 .debug_abbrev  0x00003ebd       0x89 ./simplicity_sdk_2024.12.2/platform/service/clock_manager/src/sl_clock_manager_init.o
 .debug_abbrev  0x00003f46      0x2a7 ./simplicity_sdk_2024.12.2/platform/service/clock_manager/src/sl_clock_manager_init_hal_s2.o
 .debug_abbrev  0x000041ed       0xf8 ./simplicity_sdk_2024.12.2/platform/service/device_init/src/sl_device_init_dcdc_s2.o
 .debug_abbrev  0x000042e5      0x14b ./simplicity_sdk_2024.12.2/platform/service/device_init/src/sl_device_init_emu_s2.o
 .debug_abbrev  0x00004430       0x6d ./simplicity_sdk_2024.12.2/platform/service/device_manager/clocks/sl_device_clock_efr32xg22.o
 .debug_abbrev  0x0000449d       0xc5 ./simplicity_sdk_2024.12.2/platform/service/device_manager/devices/sl_device_peripheral_hal_efr32xg22.o
 .debug_abbrev  0x00004562      0x3be ./simplicity_sdk_2024.12.2/platform/service/interrupt_manager/src/sl_interrupt_manager_cortexm.o
 .debug_abbrev  0x00004920      0x11e ./simplicity_sdk_2024.12.2/platform/service/memory_manager/src/sl_memory_manager_region.o
 .debug_abbrev  0x00004a3e      0x443 ./simplicity_sdk_2024.12.2/platform/service/sleeptimer/src/sl_sleeptimer.o
 .debug_abbrev  0x00004e81      0x4ab ./simplicity_sdk_2024.12.2/platform/service/sleeptimer/src/sl_sleeptimer_hal_rtcc.o
 .debug_abbrev  0x0000532c       0x5c ./simplicity_sdk_2024.12.2/platform/service/system/src/sl_system_init.o
 .debug_abbrev  0x00005388      0x11e ./simplicity_sdk_2024.12.2/platform/service/udelay/src/sl_udelay.o
 .debug_abbrev  0x000054a6       0x14 ./simplicity_sdk_2024.12.2/platform/service/udelay/src/sl_udelay_armv6m_gcc.o

.debug_loc      0x00000000     0xe3c8
 .debug_loc     0x00000000     0x1d03 ./driver.o
 .debug_loc     0x00001d03       0x2d ./main.o
 .debug_loc     0x00001d30       0xa1 ./autogen/sl_event_handler.o
 .debug_loc     0x00001dd1       0x2c ./autogen/sl_i2cspm_init.o
 .debug_loc     0x00001dfd      0x20a ./simplicity_sdk_2024.12.2/hardware/board/src/sl_board_control_gpio.o
 .debug_loc     0x00002007       0x2c ./simplicity_sdk_2024.12.2/hardware/board/src/sl_board_init.o
 .debug_loc     0x00002033      0x163 ./simplicity_sdk_2024.12.2/platform/Device/SiliconLabs/BGM22/Source/startup_bgm22.o
 .debug_loc     0x00002196       0xe5 ./simplicity_sdk_2024.12.2/platform/Device/SiliconLabs/BGM22/Source/system_bgm22.o
 .debug_loc     0x0000227b       0x2a ./simplicity_sdk_2024.12.2/platform/common/src/sl_assert.o
 .debug_loc     0x000022a5      0x141 ./simplicity_sdk_2024.12.2/platform/common/src/sl_core_cortexm.o
 .debug_loc     0x000023e6      0x118 ./simplicity_sdk_2024.12.2/platform/common/src/sl_syscalls.o
 .debug_loc     0x000024fe     0x1781 ./simplicity_sdk_2024.12.2/platform/driver/gpio/src/sl_gpio.o
 .debug_loc     0x00003c7f      0x1e9 ./simplicity_sdk_2024.12.2/platform/driver/i2cspm/src/sl_i2cspm.o
 .debug_loc     0x00003e68     0x391d ./simplicity_sdk_2024.12.2/platform/emlib/src/em_cmu.o
 .debug_loc     0x00007785      0x99e ./simplicity_sdk_2024.12.2/platform/emlib/src/em_emu.o
 .debug_loc     0x00008123      0xf9b ./simplicity_sdk_2024.12.2/platform/emlib/src/em_i2c.o
 .debug_loc     0x000090be      0x13c ./simplicity_sdk_2024.12.2/platform/emlib/src/em_rtcc.o
 .debug_loc     0x000091fa      0x146 ./simplicity_sdk_2024.12.2/platform/emlib/src/em_system.o
 .debug_loc     0x00009340      0xf91 ./simplicity_sdk_2024.12.2/platform/peripheral/src/sl_hal_gpio.o
 .debug_loc     0x0000a2d1      0x64d ./simplicity_sdk_2024.12.2/platform/service/clock_manager/src/sl_clock_manager.o
 .debug_loc     0x0000a91e     0x1359 ./simplicity_sdk_2024.12.2/platform/service/clock_manager/src/sl_clock_manager_hal_s2.o
 .debug_loc     0x0000bc77       0xf0 ./simplicity_sdk_2024.12.2/platform/service/clock_manager/src/sl_clock_manager_init_hal_s2.o
 .debug_loc     0x0000bd67       0x2c ./simplicity_sdk_2024.12.2/platform/service/device_init/src/sl_device_init_dcdc_s2.o
 .debug_loc     0x0000bd93       0x2c ./simplicity_sdk_2024.12.2/platform/service/device_init/src/sl_device_init_emu_s2.o
 .debug_loc     0x0000bdbf      0x547 ./simplicity_sdk_2024.12.2/platform/service/interrupt_manager/src/sl_interrupt_manager_cortexm.o
 .debug_loc     0x0000c306       0xa9 ./simplicity_sdk_2024.12.2/platform/service/memory_manager/src/sl_memory_manager_region.o
 .debug_loc     0x0000c3af     0x192d ./simplicity_sdk_2024.12.2/platform/service/sleeptimer/src/sl_sleeptimer.o
 .debug_loc     0x0000dcdc      0x52b ./simplicity_sdk_2024.12.2/platform/service/sleeptimer/src/sl_sleeptimer_hal_rtcc.o
 .debug_loc     0x0000e207       0x2c ./simplicity_sdk_2024.12.2/platform/service/system/src/sl_system_init.o
 .debug_loc     0x0000e233      0x195 ./simplicity_sdk_2024.12.2/platform/service/udelay/src/sl_udelay.o

.debug_aranges  0x00000000     0x10e0
 .debug_aranges
                0x00000000      0x188 ./driver.o
 .debug_aranges
                0x00000188       0x20 ./main.o
 .debug_aranges
                0x000001a8       0x20 ./autogen/sl_board_default_init.o
 .debug_aranges
                0x000001c8       0x60 ./autogen/sl_event_handler.o
 .debug_aranges
                0x00000228       0x20 ./autogen/sl_i2cspm_init.o
 .debug_aranges
                0x00000248       0x70 ./simplicity_sdk_2024.12.2/hardware/board/src/sl_board_control_gpio.o
 .debug_aranges
                0x000002b8       0x28 ./simplicity_sdk_2024.12.2/hardware/board/src/sl_board_init.o
 .debug_aranges
                0x000002e0       0x38 ./simplicity_sdk_2024.12.2/platform/Device/SiliconLabs/BGM22/Source/startup_bgm22.o
 .debug_aranges
                0x00000318       0x88 ./simplicity_sdk_2024.12.2/platform/Device/SiliconLabs/BGM22/Source/system_bgm22.o
 .debug_aranges
                0x000003a0       0x20 ./simplicity_sdk_2024.12.2/platform/common/src/sl_assert.o
 .debug_aranges
                0x000003c0       0xa0 ./simplicity_sdk_2024.12.2/platform/common/src/sl_core_cortexm.o
 .debug_aranges
                0x00000460       0x68 ./simplicity_sdk_2024.12.2/platform/common/src/sl_syscalls.o
 .debug_aranges
                0x000004c8      0x108 ./simplicity_sdk_2024.12.2/platform/driver/gpio/src/sl_gpio.o
 .debug_aranges
                0x000005d0       0x28 ./simplicity_sdk_2024.12.2/platform/driver/i2cspm/src/sl_i2cspm.o
 .debug_aranges
                0x000005f8      0x1c8 ./simplicity_sdk_2024.12.2/platform/emlib/src/em_cmu.o
 .debug_aranges
                0x000007c0      0x130 ./simplicity_sdk_2024.12.2/platform/emlib/src/em_emu.o
 .debug_aranges
                0x000008f0       0x50 ./simplicity_sdk_2024.12.2/platform/emlib/src/em_i2c.o
 .debug_aranges
                0x00000940       0x48 ./simplicity_sdk_2024.12.2/platform/emlib/src/em_rtcc.o
 .debug_aranges
                0x00000988       0x78 ./simplicity_sdk_2024.12.2/platform/emlib/src/em_system.o
 .debug_aranges
                0x00000a00      0x150 ./simplicity_sdk_2024.12.2/platform/peripheral/src/sl_hal_gpio.o
 .debug_aranges
                0x00000b50       0xf8 ./simplicity_sdk_2024.12.2/platform/service/clock_manager/src/sl_clock_manager.o
 .debug_aranges
                0x00000c48       0xe8 ./simplicity_sdk_2024.12.2/platform/service/clock_manager/src/sl_clock_manager_hal_s2.o
 .debug_aranges
                0x00000d30       0x20 ./simplicity_sdk_2024.12.2/platform/service/clock_manager/src/sl_clock_manager_init.o
 .debug_aranges
                0x00000d50       0x20 ./simplicity_sdk_2024.12.2/platform/service/clock_manager/src/sl_clock_manager_init_hal_s2.o
 .debug_aranges
                0x00000d70       0x20 ./simplicity_sdk_2024.12.2/platform/service/device_init/src/sl_device_init_dcdc_s2.o
 .debug_aranges